Component: ARM Compiler 5.06 update 6 (build 750) Tool: armlink [4d35ed]

==============================================================================

Section Cross References

    tdc_gp21.o(i.lk_gp2x_get_id) refers to stm32f1xx_hal_gpio.o(i.HAL_GPIO_WritePin) for HAL_GPIO_WritePin
    tdc_gp21.o(i.lk_gp2x_get_id) refers to stm32f1xx_hal_spi.o(i.HAL_SPI_TransmitReceive) for HAL_SPI_TransmitReceive
    tdc_gp21.o(i.lk_gp2x_get_id) refers to tdc_gp21.o(.data) for .data
    tdc_gp21.o(i.lk_gp2x_hard_rst) refers to stm32f1xx_hal_gpio.o(i.HAL_GPIO_WritePin) for HAL_GPIO_WritePin
    tdc_gp21.o(i.lk_gp2x_hard_rst) refers to stm32f1xx_hal.o(i.HAL_Delay) for HAL_Delay
    tdc_gp21.o(i.lk_gp2x_init) refers to stm32f1xx_hal_gpio.o(i.HAL_GPIO_WritePin) for HAL_GPIO_WritePin
    tdc_gp21.o(i.lk_gp2x_init) refers to stm32f1xx_hal.o(i.HAL_Delay) for HAL_Delay
    tdc_gp21.o(i.lk_gp2x_messgeMode1) refers to tdc_gp21.o(i.lk_gp2x_write_opcode) for lk_gp2x_write_opcode
    tdc_gp21.o(i.lk_gp2x_messgeMode1) refers to stm32f1xx_hal.o(i.HAL_Delay) for HAL_Delay
    tdc_gp21.o(i.lk_gp2x_messgeMode1) refers to tdc_gp21.o(i.lk_gp2x_get_id) for lk_gp2x_get_id
    tdc_gp21.o(i.lk_gp2x_messgeMode1) refers to tdc_gp21.o(.data) for .data
    tdc_gp21.o(i.lk_gp2x_messgeMode2) refers to tdc_gp21.o(i.lk_gp2x_write_opcode) for lk_gp2x_write_opcode
    tdc_gp21.o(i.lk_gp2x_messgeMode2) refers to stm32f1xx_hal.o(i.HAL_Delay) for HAL_Delay
    tdc_gp21.o(i.lk_gp2x_messgeMode2) refers to tdc_gp21.o(i.lk_gp2x_get_id) for lk_gp2x_get_id
    tdc_gp21.o(i.lk_gp2x_read) refers to stm32f1xx_hal_gpio.o(i.HAL_GPIO_WritePin) for HAL_GPIO_WritePin
    tdc_gp21.o(i.lk_gp2x_read) refers to stm32f1xx_hal_spi.o(i.HAL_SPI_TransmitReceive) for HAL_SPI_TransmitReceive
    tdc_gp21.o(i.lk_gp2x_read) refers to tdc_gp21.o(.data) for .data
    tdc_gp21.o(i.lk_gp2x_read_regResult) refers to tdc_gp21.o(i.lk_gp2x_read) for lk_gp2x_read
    tdc_gp21.o(i.lk_gp2x_read_regStatu) refers to tdc_gp21.o(i.lk_gp2x_read) for lk_gp2x_read
    tdc_gp21.o(i.lk_gp2x_read_regStatu) refers to tdc_gp21.o(.data) for .data
    tdc_gp21.o(i.lk_gp2x_write) refers to stm32f1xx_hal_gpio.o(i.HAL_GPIO_WritePin) for HAL_GPIO_WritePin
    tdc_gp21.o(i.lk_gp2x_write) refers to stm32f1xx_hal_spi.o(i.HAL_SPI_Transmit) for HAL_SPI_Transmit
    tdc_gp21.o(i.lk_gp2x_write) refers to tdc_gp21.o(.data) for .data
    tdc_gp21.o(i.lk_gp2x_write_opcode) refers to stm32f1xx_hal_gpio.o(i.HAL_GPIO_WritePin) for HAL_GPIO_WritePin
    tdc_gp21.o(i.lk_gp2x_write_opcode) refers to stm32f1xx_hal_spi.o(i.HAL_SPI_Transmit) for HAL_SPI_Transmit
    tdc_gp21.o(i.lk_gp2x_write_opcode) refers to tdc_gp21.o(.data) for .data
    tdc_gp21.o(.data) refers to spi.o(.bss) for hspi2
    z_analog.o(i.Get_AnalogDMA_Value) refers to z_analog.o(.data) for .data
    z_analog.o(i.HAL_ADC_ConvCpltCallback) refers to stm32f1xx_hal_adc.o(i.HAL_ADC_Stop_DMA) for HAL_ADC_Stop_DMA
    z_analog.o(i.HAL_ADC_ConvCpltCallback) refers to z_analog.o(.data) for .data
    z_analog.o(i.z_analog_convert) refers to stm32f1xx_hal_adc_ex.o(i.HAL_ADCEx_Calibration_Start) for HAL_ADCEx_Calibration_Start
    z_analog.o(i.z_analog_convert) refers to stm32f1xx_hal_adc.o(i.HAL_ADC_Start_DMA) for HAL_ADC_Start_DMA
    z_analog.o(i.z_analog_convert) refers to z_analog.o(.data) for .data
    z_analog.o(i.z_analog_convert) refers to z_analog.o(.bss) for .bss
    z_analog.o(i.z_analog_convertNorml) refers to stm32f1xx_hal_adc_ex.o(i.HAL_ADCEx_Calibration_Start) for HAL_ADCEx_Calibration_Start
    z_analog.o(i.z_analog_convertNorml) refers to stm32f1xx_hal_adc.o(i.HAL_ADC_Start) for HAL_ADC_Start
    z_analog.o(i.z_analog_convertNorml) refers to stm32f1xx_hal_adc.o(i.HAL_ADC_PollForConversion) for HAL_ADC_PollForConversion
    z_analog.o(i.z_analog_convertNorml) refers to stm32f1xx_hal_adc.o(i.HAL_ADC_GetState) for HAL_ADC_GetState
    z_analog.o(i.z_analog_convertNorml) refers to stm32f1xx_hal_adc.o(i.HAL_ADC_GetValue) for HAL_ADC_GetValue
    z_analog.o(i.z_analog_convertNorml) refers to z_analog.o(.data) for .data
    z_analog.o(i.z_analog_covertDMA) refers to ffltui.o(.text) for __aeabi_ui2f
    z_analog.o(i.z_analog_covertDMA) refers to ffixui.o(.text) for __aeabi_f2uiz
    z_analog.o(i.z_analog_covertDMA) refers to z_analog.o(.bss) for .bss
    z_analog.o(i.z_analog_covertDMA) refers to z_analog.o(.data) for .data
    z_analog.o(.data) refers to adc.o(.bss) for hadc1
    z_serial.o(i.GetRevBytes) refers to z_serial.o(.data) for .data
    z_serial.o(i.addUartDmaRevListen) refers to z_serial.o(.bss) for .bss
    z_serial.o(i.addUartDmaRevListen) refers to z_serial.o(.data) for .data
    z_serial.o(i.fputc) refers to stm32f1xx_hal_uart.o(i.HAL_UART_Transmit) for HAL_UART_Transmit
    z_serial.o(i.fputc) refers to z_serial.o(.data) for .data
    z_serial.o(i.get_revLens) refers to z_serial.o(.data) for .data
    z_serial.o(i.usartIdleInt) refers to queue.o(i.xQueueGiveFromISR) for xQueueGiveFromISR
[...]
    HAL_RCCEx_PeriphCLKConfig                0x08001dc5   Thumb Code   224  stm32f1xx_hal_rcc_ex.o(i.HAL_RCCEx_PeriphCLKConfig)
    HAL_RCC_ClockConfig                      0x08001eb1   Thumb Code   346  stm32f1xx_hal_rcc.o(i.HAL_RCC_ClockConfig)
    HAL_RCC_GetClockConfig                   0x0800201d   Thumb Code    54  stm32f1xx_hal_rcc.o(i.HAL_RCC_GetClockConfig)
    HAL_RCC_GetPCLK1Freq                     0x0800205d   Thumb Code    20  stm32f1xx_hal_rcc.o(i.HAL_RCC_GetPCLK1Freq)
    HAL_RCC_GetPCLK2Freq                     0x0800207d   Thumb Code    20  stm32f1xx_hal_rcc.o(i.HAL_RCC_GetPCLK2Freq)
    HAL_RCC_GetSysClockFreq                  0x0800209d   Thumb Code    74  stm32f1xx_hal_rcc.o(i.HAL_RCC_GetSysClockFreq)
    HAL_RCC_OscConfig                        0x08002109   Thumb Code   750  stm32f1xx_hal_rcc.o(i.HAL_RCC_OscConfig)
    HAL_SPI_Init                             0x0800240d   Thumb Code   130  stm32f1xx_hal_spi_ex.o(i.HAL_SPI_Init)
    HAL_SPI_MspInit                          0x08002491   Thumb Code   154  spi.o(i.HAL_SPI_MspInit)
    HAL_SPI_Transmit                         0x08002541   Thumb Code   360  stm32f1xx_hal_spi.o(i.HAL_SPI_Transmit)
    HAL_SPI_TransmitReceive                  0x080026a9   Thumb Code   472  stm32f1xx_hal_spi.o(i.HAL_SPI_TransmitReceive)
    HAL_TIMEx_BreakCallback                  0x08002881   Thumb Code     2  stm32f1xx_hal_tim_ex.o(i.HAL_TIMEx_BreakCallback)
    HAL_TIMEx_CommutationCallback            0x08002883   Thumb Code     2  stm32f1xx_hal_tim_ex.o(i.HAL_TIMEx_CommutationCallback)
    HAL_TIMEx_MasterConfigSynchronization    0x08002885   Thumb Code    80  stm32f1xx_hal_tim_ex.o(i.HAL_TIMEx_MasterConfigSynchronization)
    HAL_TIM_Base_Init                        0x080028d5   Thumb Code    54  stm32f1xx_hal_tim.o(i.HAL_TIM_Base_Init)
    HAL_TIM_Base_MspInit                     0x0800290d   Thumb Code   108  tim.o(i.HAL_TIM_Base_MspInit)
    HAL_TIM_Base_Start_IT                    0x08002985   Thumb Code    24  stm32f1xx_hal_tim.o(i.HAL_TIM_Base_Start_IT)
    HAL_TIM_ConfigClockSource                0x0800299d   Thumb Code   242  stm32f1xx_hal_tim.o(i.HAL_TIM_ConfigClockSource)
    HAL_TIM_IC_CaptureCallback               0x08002a8f   Thumb Code     2  stm32f1xx_hal_tim.o(i.HAL_TIM_IC_CaptureCallback)
    HAL_TIM_IRQHandler                       0x08002a91   Thumb Code   358  stm32f1xx_hal_tim.o(i.HAL_TIM_IRQHandler)
    HAL_TIM_MspPostInit                      0x08002bf9   Thumb Code   118  tim.o(i.HAL_TIM_MspPostInit)
    HAL_TIM_OC_DelayElapsedCallback          0x08002c85   Thumb Code     2  stm32f1xx_hal_tim.o(i.HAL_TIM_OC_DelayElapsedCallback)
    HAL_TIM_PWM_ConfigChannel                0x08002c87   Thumb Code   208  stm32f1xx_hal_tim.o(i.HAL_TIM_PWM_ConfigChannel)
    HAL_TIM_PWM_Init                         0x08002d57   Thumb Code    54  stm32f1xx_hal_tim.o(i.HAL_TIM_PWM_Init)
    HAL_TIM_PWM_MspInit                      0x08002d8d   Thumb Code     2  stm32f1xx_hal_tim.o(i.HAL_TIM_PWM_MspInit)
    HAL_TIM_PWM_PulseFinishedCallback        0x08002d8f   Thumb Code     2  z_freertos.o(i.HAL_TIM_PWM_PulseFinishedCallback)
    HAL_TIM_PWM_Start                        0x08002d91   Thumb Code    48  stm32f1xx_hal_tim.o(i.HAL_TIM_PWM_Start)
    HAL_TIM_PWM_Stop                         0x08002dc9   Thumb Code    84  stm32f1xx_hal_tim.o(i.HAL_TIM_PWM_Stop)
    HAL_TIM_PeriodElapsedCallback            0x08002e25   Thumb Code    14  main.o(i.HAL_TIM_PeriodElapsedCallback)
    HAL_TIM_TriggerCallback                  0x08002e39   Thumb Code     2  stm32f1xx_hal_tim.o(i.HAL_TIM_TriggerCallback)
    HAL_UART_DMAStop                         0x08002e3b   Thumb Code    88  stm32f1xx_hal_uart.o(i.HAL_UART_DMAStop)
    HAL_UART_ErrorCallback                   0x08002e93   Thumb Code     2  stm32f1xx_hal_uart.o(i.HAL_UART_ErrorCallback)
    HAL_UART_IRQHandler                      0x08002e95   Thumb Code   266  stm32f1xx_hal_uart.o(i.HAL_UART_IRQHandler)
    HAL_UART_Init                            0x08002fa5   Thumb Code    98  stm32f1xx_hal_uart.o(i.HAL_UART_Init)
    HAL_UART_MspInit                         0x08003009   Thumb Code   156  usart.o(i.HAL_UART_MspInit)
    HAL_UART_Receive_DMA                     0x080030b9   Thumb Code   138  stm32f1xx_hal_uart.o(i.HAL_UART_Receive_DMA)
    HAL_UART_RxCpltCallback                  0x08003151   Thumb Code     2  stm32f1xx_hal_uart.o(i.HAL_UART_RxCpltCallback)
    HAL_UART_RxHalfCpltCallback              0x08003153   Thumb Code     2  stm32f1xx_hal_uart.o(i.HAL_UART_RxHalfCpltCallback)
    HAL_UART_Transmit                        0x08003155   Thumb Code   186  stm32f1xx_hal_uart.o(i.HAL_UART_Transmit)
    HAL_UART_TxCpltCallback                  0x0800320f   Thumb Code     2  stm32f1xx_hal_uart.o(i.HAL_UART_TxCpltCallback)
    HardFault_Handler                        0x08003211   Thumb Code     2  stm32f1xx_it.o(i.HardFault_Handler)
    LK_sensorParamTask                       0x08003215   Thumb Code   146  z_freertos.o(i.LK_sensorParamTask)
    MX_ADC1_Init                             0x080032b9   Thumb Code    70  adc.o(i.MX_ADC1_Init)
    MX_DAC_Init                              0x08003309   Thumb Code    50  dac.o(i.MX_DAC_Init)
    MX_DMA_Init                              0x08003345   Thumb Code    56  dma.o(i.MX_DMA_Init)
    MX_FREERTOS_Init                         0x08003381   Thumb Code    34  freertos.o(i.MX_FREERTOS_Init)
    MX_GPIO_Init                             0x080033ad   Thumb Code   332  gpio.o(i.MX_GPIO_Init)
    MX_SPI1_Init                             0x08003511   Thumb Code    62  spi.o(i.MX_SPI1_Init)
    MX_SPI2_Init                             0x08003559   Thumb Code    60  spi.o(i.MX_SPI2_Init)
    MX_TIM2_Init                             0x0800359d   Thumb Code   144  tim.o(i.MX_TIM2_Init)
    MX_TIM3_Init                             0x08003631   Thumb Code   146  tim.o(i.MX_TIM3_Init)
    MX_TIM7_Init                             0x080036cd   Thumb Code    58  tim.o(i.MX_TIM7_Init)
    MX_USART1_UART_Init                      0x08003711   Thumb Code    48  usart.o(i.MX_USART1_UART_Init)
    MemManage_Handler                        0x08003749   Thumb Code     2  stm32f1xx_it.o(i.MemManage_Handler)
    NMI_Handler                              0x0800374b   Thumb Code     2  stm32f1xx_it.o(i.NMI_Handler)
    QueueInit                                0x0800376d   Thumb Code    14  ringqueue.o(i.QueueInit)
    SerialTask                               0x08003831   Thumb Code   186  z_freertos.o(i.SerialTask)
    StartDefaultTask                         0x080038fd   Thumb Code    12  freertos.o(i.StartDefaultTask)
    SysTick_Handler                          0x08003909   Thumb Code    38  port.o(i.SysTick_Handler)
    SystemClock_Config                       0x08003935   Thumb Code    98  main.o(i.SystemClock_Config)
    SystemInit                               0x08003999   Thumb Code    56  system_stm32f1xx.o(i.SystemInit)
    TF_Accept                                0x080039e1   Thumb Code    32  tinyframe.o(i.TF_Accept)
    TF_AcceptChar                            0x08003a01   Thumb Code   440  tinyframe.o(i.TF_AcceptChar)
    TF_AddGenericListener                    0x08003c2d   Thumb Code    56  tinyframe.o(i.TF_AddGenericListener)
    TF_AddIdListener                         0x08003c8d   Thumb Code    76  tinyframe.o(i.TF_AddIdListener)
    TF_InitStatic                            0x08003f01   Thumb Code    44  tinyframe.o(i.TF_InitStatic)
    TF_Respond                               0x08003f59   Thumb Code    12  tinyframe.o(i.TF_Respond)
    TF_WriteImpl                             0x080040f5   Thumb Code     8  test.o(i.TF_WriteImpl)
    TIM1_UP_IRQHandler                       0x080040fd   Thumb Code     6  stm32f1xx_it.o(i.TIM1_UP_IRQHandler)
    TIM3_IRQHandler                          0x08004109   Thumb Code     6  stm32f1xx_it.o(i.TIM3_IRQHandler)
    TIM7_IRQHandler                          0x08004115   Thumb Code     6  stm32f1xx_it.o(i.TIM7_IRQHandler)
    TIM_Base_SetConfig                       0x08004121   Thumb Code   120  stm32f1xx_hal_tim.o(i.TIM_Base_SetConfig)
    TIM_CCxChannelCmd                        0x080041ad   Thumb Code    22  stm32f1xx_hal_tim.o(i.TIM_CCxChannelCmd)
    TIM_OC2_SetConfig                        0x08004249   Thumb Code    98  stm32f1xx_hal_tim.o(i.TIM_OC2_SetConfig)
    USART1_IRQHandler                        0x08004751   Thumb Code    16  stm32f1xx_it.o(i.USART1_IRQHandler)
    UsageFault_Handler                       0x08004765   Thumb Code     2  stm32f1xx_it.o(i.UsageFault_Handler)
    __0printf$8                              0x08004769   Thumb Code    22  printf8.o(i.__0printf$8)
    __1printf$8                              0x08004769   Thumb Code     0  printf8.o(i.__0printf$8)
    __2printf                                0x08004769   Thumb Code     0  printf8.o(i.__0printf$8)
    __scatterload_copy                       0x08004789   Thumb Code    14  handlers.o(i.__scatterload_copy)
    __scatterload_null                       0x08004797   Thumb Code     2  handlers.o(i.__scatterload_null)
    __scatterload_zeroinit                   0x08004799   Thumb Code    14  handlers.o(i.__scatterload_zeroinit)
    addUartDmaRevListen                      0x08004c0d   Thumb Code    28  z_serial.o(i.addUartDmaRevListen)
    baudRateCfg_select                       0x08004c31   Thumb Code    54  z_sensor_ack.o(i.baudRateCfg_select)
    clear_msgData                            0x08004ccd   Thumb Code    22  test.o(i.clear_msgData)
    dataGetCmdSlect                          0x08004ce9   Thumb Code    20  test.o(i.dataGetCmdSlect)
    dist_continu_msgInit                     0x08004d01   Thumb Code    20  test.o(i.dist_continu_msgInit)
    flasStandReset                           0x08004d19   Thumb Code    44  z_sensor_ack.o(i.flasStandReset)
    flash_SaveInit                           0x08004d4d   Thumb Code    16  z_flashparamsave.o(i.flash_SaveInit)
    flash_paramRead                          0x08004d65   Thumb Code    10  z_flashparamsave.o(i.flash_paramRead)
    flash_writeMoreData                      0x08004d75   Thumb Code    56  z_flashparamsave.o(i.flash_writeMoreData)
    fputc                                    0x08004db5   Thumb Code    20  z_serial.o(i.fputc)
    gear_select                              0x08004dcd   Thumb Code    44  z_lko3.o(i.gear_select)
    get_revLens                              0x08004dfd   Thumb Code     8  z_serial.o(i.get_revLens)
    gp21_distance_cal                        0x08004e09   Thumb Code   196  z_lko3.o(i.gp21_distance_cal)
    lk_bsp_power_off                         0x08004ed9   Thumb Code    38  z_lko3.o(i.lk_bsp_power_off)
    lk_bsp_power_on                          0x08004f09   Thumb Code    42  z_lko3.o(i.lk_bsp_power_on)
    lk_distance_average                      0x08004f3d   Thumb Code    66  z_freertos.o(i.lk_distance_average)
    lk_gear_switch                           0x08004f8d   Thumb Code   100  z_lko3.o(i.lk_gear_switch)
    lk_gp21MessgeMode_switch                 0x08004ff9   Thumb Code    48  z_lko3.o(i.lk_gp21MessgeMode_switch)
    lk_gp2x_get_id                           0x08005031   Thumb Code   130  tdc_gp21.o(i.lk_gp2x_get_id)
    lk_gp2x_init                             0x080050c5   Thumb Code    76  tdc_gp21.o(i.lk_gp2x_init)
    lk_gp2x_messgeMode1                      0x08005119   Thumb Code    96  tdc_gp21.o(i.lk_gp2x_messgeMode1)
    lk_gp2x_messgeMode2                      0x08005195   Thumb Code    74  tdc_gp21.o(i.lk_gp2x_messgeMode2)
    lk_gp2x_read_regResult                   0x08005255   Thumb Code     8  tdc_gp21.o(i.lk_gp2x_read_regResult)
    lk_gp2x_read_regStatu                    0x0800525d   Thumb Code    16  tdc_gp21.o(i.lk_gp2x_read_regStatu)
    lk_gp2x_write                            0x08005271   Thumb Code    60  tdc_gp21.o(i.lk_gp2x_write)
    lk_programer_ack                         0x0800531d   Thumb Code    46  test.o(i.lk_programer_ack)
    lk_protecl_enable                        0x08005351   Thumb Code    14  z_freertos.o(i.lk_protecl_enable)
    lk_sensor_outData_Task                   0x08005365   Thumb Code   158  z_freertos.o(i.lk_sensor_outData_Task)
    lk_user_ack                              0x08005469   Thumb Code    46  test.o(i.lk_user_ack)
    main                                     0x0800549d   Thumb Code    58  main.o(i.main)
    myGenericListener                        0x080054e5   Thumb Code   102  test.o(i.myGenericListener)
    osDelay                                  0x08005555   Thumb Code    14  cmsis_os.o(i.osDelay)
    osKernelStart                            0x08005563   Thumb Code    10  cmsis_os.o(i.osKernelStart)
    osThreadCreate                           0x0800556d   Thumb Code    46  cmsis_os.o(i.osThreadCreate)
    paramDataSaveCMD                         0x0800559d   Thumb Code    54  test.o(i.paramDataSaveCMD)
    paramGetCmdSlect                         0x080055d9   Thumb Code    54  test.o(i.paramGetCmdSlect)
    praogramer_debug_mode                    0x08005615   Thumb Code    36  z_sensor_ack.o(i.praogramer_debug_mode)
    programer_cmd                            0x0800576d   Thumb Code   110  test.o(i.programer_cmd)
    pvPortMalloc                             0x08005bfd   Thumb Code   210  heap_4.o(i.pvPortMalloc)
    pvTaskIncrementMutexHeldCount            0x08005cd5   Thumb Code    18  tasks.o(i.pvTaskIncrementMutexHeldCount)
    pxPortInitialiseStack                    0x08005ced   Thumb Code    32  port.o(i.pxPortInitialiseStack)
    rx_pwmHv                                 0x08005d11   Thumb Code    10  z_lko3.o(i.rx_pwmHv)
    select_mode_ifStart                      0x08005d21   Thumb Code    84  z_freertos.o(i.select_mode_ifStart)
    selected_mesg_mode                       0x08005d7d   Thumb Code    98  z_freertos.o(i.selected_mesg_mode)
    sensor_displaySet_ack                    0x08005de9   Thumb Code    64  z_sensor_ack.o(i.sensor_displaySet_ack)
    sensor_distContinu_ack                   0x08005e39   Thumb Code    26  z_sensor_ack.o(i.sensor_distContinu_ack)
    sensor_distOffset_calculate              0x08005e55   Thumb Code    32  z_freertos.o(i.sensor_distOffset_calculate)
    sensor_distStop_ack                      0x08005e7d   Thumb Code    20  z_sensor_ack.o(i.sensor_distStop_ack)
    sensor_getAllParam_ack                   0x08005e95   Thumb Code    84  z_sensor_ack.o(i.sensor_getAllParam_ack)
    sensor_getBackSwich_ack                  0x08005eed   Thumb Code    30  z_sensor_ack.o(i.sensor_getBackSwich_ack)
    sensor_getBaudRate_ack                   0x08005f11   Thumb Code     8  z_sensor_ack.o(i.sensor_getBaudRate_ack)
    sensor_getDisBase_ack                    0x08005f1d   Thumb Code     8  z_sensor_ack.o(i.sensor_getDisBase_ack)
    sensor_getFrontSwich_ack                 0x08005f29   Thumb Code    30  z_sensor_ack.o(i.sensor_getFrontSwich_ack)
    sensor_getOutDataFreq_ack                0x08005f4d   Thumb Code    30  z_sensor_ack.o(i.sensor_getOutDataFreq_ack)
    sensor_getPowerOnMode_ack                0x08005f71   Thumb Code     8  z_sensor_ack.o(i.sensor_getPowerOnMode_ack)
    sensor_powerOn_flashParamCfg             0x08005f7d   Thumb Code   138  z_freertos.o(i.sensor_powerOn_flashParamCfg)
    sensor_qc_getParam                       0x08006019   Thumb Code    70  z_sensor_ack.o(i.sensor_qc_getParam)
    sensor_qc_standFirst_reset_ack           0x08006065   Thumb Code    16  z_sensor_ack.o(i.sensor_qc_standFirst_reset_ack)
    sensor_qc_standFirst_save_ack            0x08006075   Thumb Code    18  z_sensor_ack.o(i.sensor_qc_standFirst_save_ack)
    sensor_qc_standFirst_switch_ack          0x08006087   Thumb Code    22  z_sensor_ack.o(i.sensor_qc_standFirst_switch_ack)
    sensor_qc_standSecond_reset_ack          0x0800609d   Thumb Code    16  z_sensor_ack.o(i.sensor_qc_standSecond_reset_ack)
    sensor_qc_standSecond_save_ack           0x080060ad   Thumb Code    18  z_sensor_ack.o(i.sensor_qc_standSecond_save_ack)
    sensor_qc_standSecond_switch_ack         0x080060bf   Thumb Code    22  z_sensor_ack.o(i.sensor_qc_standSecond_switch_ack)
    sensor_qc_standthird_reset_ack           0x080060d5   Thumb Code    16  z_sensor_ack.o(i.sensor_qc_standthird_reset_ack)
    sensor_qc_standthird_save_ack            0x080060e5   Thumb Code    18  z_sensor_ack.o(i.sensor_qc_standthird_save_ack)
    sensor_qc_standthird_switch_ack          0x080060f7   Thumb Code    22  z_sensor_ack.o(i.sensor_qc_standthird_switch_ack)
    sensor_qc_struct_Save                    0x0800610d   Thumb Code    64  z_sensor_ack.o(i.sensor_qc_struct_Save)
    sensor_setAllParam_ack                   0x08006155   Thumb Code    18  z_sensor_ack.o(i.sensor_setAllParam_ack)
    sensor_setBackSwich_ack                  0x08006169   Thumb Code    44  z_sensor_ack.o(i.sensor_setBackSwich_ack)
    sensor_setBaudRate_ack                   0x080061a1   Thumb Code    46  z_sensor_ack.o(i.sensor_setBaudRate_ack)
    sensor_setDisBase_ack                    0x080061d9   Thumb Code    54  z_sensor_ack.o(i.sensor_setDisBase_ack)
    sensor_setFrontSwich_ack                 0x0800621d   Thumb Code    44  z_sensor_ack.o(i.sensor_setFrontSwich_ack)
    sensor_setOutDataFreq_ack                0x08006255   Thumb Code    70  z_sensor_ack.o(i.sensor_setOutDataFreq_ack)
    sensor_setPowerOnMode_ack                0x080062a9   Thumb Code    38  z_sensor_ack.o(i.sensor_setPowerOnMode_ack)
    sensor_struct_loop                       0x080062d9   Thumb Code   478  z_sensor_ack.o(i.sensor_struct_loop)
    sensor_system_boot_paramReset_ack        0x080064c5   Thumb Code    62  z_sensor_ack.o(i.sensor_system_boot_paramReset_ack)
    start_rx_tim                             0x08006545   Thumb Code    10  z_lko3.o(i.start_rx_tim)
    start_singnal                            0x08006555   Thumb Code    20  z_freertos.o(i.start_singnal)
    structToBytes                            0x0800656d   Thumb Code    12  test.o(i.structToBytes)
    system_ctl_cmd                           0x08006579   Thumb Code    14  test.o(i.system_ctl_cmd)
    system_runStatu_select                   0x0800658d   Thumb Code    36  z_freertos.o(i.system_runStatu_select)
    tdc_agc_control                          0x080065b9   Thumb Code   132  z_freertos.o(i.tdc_agc_control)
    tdc_board_init                           0x0800664d   Thumb Code    82  z_lko3.o(i.tdc_board_init)
    tdc_delay                                0x080066b1   Thumb Code     6  tdc_gp21.o(i.tdc_delay)
    tdc_rx_voltge_relese                     0x080066b9   Thumb Code    38  z_lko3.o(i.tdc_rx_voltge_relese)
    test_send_cmd                            0x080066e5   Thumb Code    32  test.o(i.test_send_cmd)
    tinyRecFunc                              0x0800670d   Thumb Code    50  test.o(i.tinyRecFunc)
    tlc5618_write                            0x08006749   Thumb Code    22  tlc5618.o(i.tlc5618_write)
    tlc5618_writeAchannal                    0x0800675f   Thumb Code     8  tlc5618.o(i.tlc5618_writeAchannal)
    tlc5618_writeBchannal                    0x08006767   Thumb Code     4  tlc5618.o(i.tlc5618_writeBchannal)
    trigOnce                                 0x080067b1   Thumb Code    32  z_freertos.o(i.trigOnce)
    tx_VolCtl                                0x080067d9   Thumb Code   104  z_lko3.o(i.tx_VolCtl)
    usartIdleInt                             0x08006845   Thumb Code    38  z_serial.o(i.usartIdleInt)
    user_dispaly_enable                      0x08006871   Thumb Code    14  z_freertos.o(i.user_dispaly_enable)
    uxListRemove                             0x08006885   Thumb Code    36  list.o(i.uxListRemove)
    vListInitialise                          0x080068a9   Thumb Code    22  list.o(i.vListInitialise)
    vListInitialiseItem                      0x080068bf   Thumb Code     6  list.o(i.vListInitialiseItem)
    vListInsert                              0x080068c5   Thumb Code    48  list.o(i.vListInsert)
    vListInsertEnd                           0x080068f5   Thumb Code    24  list.o(i.vListInsertEnd)
    vPortEnterCritical                       0x0800690d   Thumb Code    54  port.o(i.vPortEnterCritical)
    vPortExitCritical                        0x0800694d   Thumb Code    34  port.o(i.vPortExitCritical)
    vPortFree                                0x08006975   Thumb Code    88  heap_4.o(i.vPortFree)
    vPortSetupTimerInterrupt                 0x080069d1   Thumb Code    26  port.o(i.vPortSetupTimerInterrupt)
    vPortValidateInterruptPriority           0x080069f1   Thumb Code    74  port.o(i.vPortValidateInterruptPriority)
    vTaskDelay                               0x08006a45   Thumb Code    66  tasks.o(i.vTaskDelay)
    vTaskMissedYield                         0x08006a91   Thumb Code     8  tasks.o(i.vTaskMissedYield)
    vTaskPlaceOnEventList                    0x08006a9d   Thumb Code    44  tasks.o(i.vTaskPlaceOnEventList)
    vTaskPriorityInherit                     0x08006acd   Thumb Code   124  tasks.o(i.vTaskPriorityInherit)
    vTaskResume                              0x08006b51   Thumb Code   112  tasks.o(i.vTaskResume)
    vTaskSetTimeOutState                     0x08006bcd   Thumb Code    30  tasks.o(i.vTaskSetTimeOutState)
    vTaskStartScheduler                      0x08006bf1   Thumb Code    86  tasks.o(i.vTaskStartScheduler)
    vTaskSuspend                             0x08006c59   Thumb Code   158  tasks.o(i.vTaskSuspend)
    vTaskSuspendAll                          0x08006d09   Thumb Code    10  tasks.o(i.vTaskSuspendAll)
    vTaskSwitchContext                       0x08006d19   Thumb Code    82  tasks.o(i.vTaskSwitchContext)
    xPortStartScheduler                      0x08006d75   Thumb Code   102  port.o(i.xPortStartScheduler)
    xQueueGenericCreate                      0x08006de9   Thumb Code    72  queue.o(i.xQueueGenericCreate)
    xQueueGenericReceive                     0x08006e31   Thumb Code   360  queue.o(i.xQueueGenericReceive)
    xQueueGenericReset                       0x08006f9d   Thumb Code   132  queue.o(i.xQueueGenericReset)
    xQueueGiveFromISR                        0x08007025   Thumb Code   156  queue.o(i.xQueueGiveFromISR)
    xTaskCheckForTimeOut                     0x080070c1   Thumb Code   102  tasks.o(i.xTaskCheckForTimeOut)
    xTaskCreate                              0x0800712d   Thumb Code    86  tasks.o(i.xTaskCreate)
    xTaskGetSchedulerState                   0x08007185   Thumb Code    22  tasks.o(i.xTaskGetSchedulerState)
    xTaskIncrementTick                       0x080071a1   Thumb Code   192  tasks.o(i.xTaskIncrementTick)
    xTaskRemoveFromEventList                 0x08007269   Thumb Code   108  tasks.o(i.xTaskRemoveFromEventList)
    xTaskResumeAll                           0x080072dd   Thumb Code   182  tasks.o(i.xTaskResumeAll)
    zTF_NullDistAck                          0x080073a1   Thumb Code    10  test.o(i.zTF_NullDistAck)
    zTF_StopDistAck                          0x080073ab   Thumb Code    10  test.o(i.zTF_StopDistAck)
    zTF_paramCfg_getAll_Ack                  0x080073b5   Thumb Code    10  test.o(i.zTF_paramCfg_getAll_Ack)
    zTF_paramCfg_getBackSwich_Ack            0x080073bf   Thumb Code    10  test.o(i.zTF_paramCfg_getBackSwich_Ack)
    zTF_paramCfg_getBaudRate_Ack             0x080073c9   Thumb Code    10  test.o(i.zTF_paramCfg_getBaudRate_Ack)
    zTF_paramCfg_getDisBase_Ack              0x080073d3   Thumb Code    10  test.o(i.zTF_paramCfg_getDisBase_Ack)
    zTF_paramCfg_getFrontSwich_Ack           0x080073dd   Thumb Code    10  test.o(i.zTF_paramCfg_getFrontSwich_Ack)
    zTF_paramCfg_getOutDataFreq_Ack          0x080073e7   Thumb Code    10  test.o(i.zTF_paramCfg_getOutDataFreq_Ack)
    zTF_paramCfg_getPowerOnMode_Ack          0x080073f1   Thumb Code    10  test.o(i.zTF_paramCfg_getPowerOnMode_Ack)
    zTF_paramCfg_setAll_Ack                  0x080073fb   Thumb Code    10  test.o(i.zTF_paramCfg_setAll_Ack)
    zTF_paramCfg_setBackSwich_Ack            0x08007405   Thumb Code    10  test.o(i.zTF_paramCfg_setBackSwich_Ack)
    zTF_paramCfg_setBaudRate_Ack             0x0800740f   Thumb Code    10  test.o(i.zTF_paramCfg_setBaudRate_Ack)
    zTF_paramCfg_setDisBase_Ack              0x08007419   Thumb Code    10  test.o(i.zTF_paramCfg_setDisBase_Ack)
    zTF_paramCfg_setFrontSwich_Ack           0x08007423   Thumb Code    10  test.o(i.zTF_paramCfg_setFrontSwich_Ack)
    zTF_paramCfg_setOutDataFreq_Ack          0x0800742d   Thumb Code    10  test.o(i.zTF_paramCfg_setOutDataFreq_Ack)
    zTF_paramCfg_setPowerOnMode_Ack          0x08007437   Thumb Code    10  test.o(i.zTF_paramCfg_setPowerOnMode_Ack)
    zTF_paramCfg_set_displayMode_Ack         0x08007441   Thumb Code    10  test.o(i.zTF_paramCfg_set_displayMode_Ack)
    zTF_programer_qc_getParam_Ack            0x0800744b   Thumb Code    10  test.o(i.zTF_programer_qc_getParam_Ack)
    zTF_programer_qc_standFirst_reset_ack    0x08007455   Thumb Code    10  test.o(i.zTF_programer_qc_standFirst_reset_ack)
    zTF_programer_qc_standFirst_save_ack     0x0800745f   Thumb Code    10  test.o(i.zTF_programer_qc_standFirst_save_ack)
    zTF_programer_qc_standFirst_switch_ack   0x08007469   Thumb Code    10  test.o(i.zTF_programer_qc_standFirst_switch_ack)
    zTF_programer_qc_standSecond_reset_ack   0x08007473   Thumb Code    10  test.o(i.zTF_programer_qc_standSecond_reset_ack)
    zTF_programer_qc_standSecond_save_ack    0x0800747d   Thumb Code    10  test.o(i.zTF_programer_qc_standSecond_save_ack)
    zTF_programer_qc_standSecond_switch_ack  0x08007487   Thumb Code    10  test.o(i.zTF_programer_qc_standSecond_switch_ack)
    zTF_programer_qc_standthird_reset_ack    0x08007491   Thumb Code    10  test.o(i.zTF_programer_qc_standthird_reset_ack)
    zTF_programer_qc_standthird_save_ack     0x0800749b   Thumb Code    10  test.o(i.zTF_programer_qc_standthird_save_ack)
    zTF_programer_qc_standthird_switch_ack   0x080074a5   Thumb Code    10  test.o(i.zTF_programer_qc_standthird_switch_ack)
    zTF_programer_standMode_switch_ack       0x080074af   Thumb Code    10  test.o(i.zTF_programer_standMode_switch_ack)
    zTF_sendContinueDistAck                  0x080074b9   Thumb Code    16  test.o(i.zTF_sendContinueDistAck)
    zTF_system_boot_paramReset_Ack           0x080074d1   Thumb Code    10  test.o(i.zTF_system_boot_paramReset_Ack)
    z_ListenerInit                           0x080074dd   Thumb Code    30  test.o(i.z_ListenerInit)
    z_analog_convert                         0x08007509   Thumb Code    24  z_analog.o(i.z_analog_convert)
    z_analog_covertDMA                       0x08007529   Thumb Code   108  z_analog.o(i.z_analog_covertDMA)
    z_serialDriverTask                       0x0800759d   Thumb Code    66  z_serial.o(i.z_serialDriverTask)
    z_serial_baudRateCfg                     0x080075e9   Thumb Code    46  z_serial.o(i.z_serial_baudRateCfg)
    z_serial_init                            0x08007635   Thumb Code    34  z_serial.o(i.z_serial_init)
    z_serial_write                           0x0800765d   Thumb Code    50  z_serial.o(i.z_serial_write)
    z_taskCreate                             0x08007699   Thumb Code   114  z_freertos.o(i.z_taskCreate)
    z_tiny_test                              0x08007779   Thumb Code    20  test.o(i.z_tiny_test)
    zt_printf                                0x08007791   Thumb Code    40  zos_service.o(i.zt_printf)
    zt_strlen                                0x080077c1   Thumb Code    16  zos_service.o(i.zt_strlen)
    zt_vsnprintf                             0x080077d1   Thumb Code   654  zos_service.o(i.zt_vsnprintf)
    AHBPrescTable                            0x08007ca0   Data          16  system_stm32f1xx.o(.constdata)
    APBPrescTable                            0x08007cb0   Data           8  system_stm32f1xx.o(.constdata)
    __ctype_table                            0x08007cb8   Data         129  ctype_o.o(.constdata)
    Region$$Table$$Base                      0x08007d5c   Number         0  anon$$obj.o(Region$$Table)
    Region$$Table$$Limit                     0x08007d7c   Number         0  anon$$obj.o(Region$$Table)
    gp21_statu                               0x20000000   Data           1  tdc_gp21.o(.data)
    gp21_spi                                 0x20000004   Data           4  tdc_gp21.o(.data)
    status_gp2                               0x20000008   Data           4  tdc_gp21.o(.data)
    rxbuf                                    0x2000000c   Data           5  tdc_gp21.o(.data)
    id                                       0x20000018   Data           8  tdc_gp21.o(.data)
    ifDMAisComplete                          0x20000028   Data           1  z_analog.o(.data)
    adc_value_DMA                            0x2000002a   Data           2  z_analog.o(.data)
    z_analog_value                           0x2000002c   Data           2  z_analog.o(.data)
    test_adc                                 0x2000002e   Data           2  z_analog.o(.data)
    z_anlog                                  0x20000030   Data           4  z_analog.o(.data)
    value                                    0x20000034   Data           4  z_analog.o(.data)
    rev_lens                                 0x2000003a   Data           2  z_serial.o(.data)
    z_serial                                 0x2000003c   Data           4  z_serial.o(.data)
    serialSemaphore                          0x20000040   Data           4  z_serial.o(.data)
    tlc5618_spi                              0x20000044   Data           4  tlc5618.o(.data)
    GP21_TNS_GLOBAL                          0x20000048   Data           2  z_lko3.o(.data)
    z_tlc_rxHv_pwm                           0x2000004c   Data           4  z_lko3.o(.data)
    test_dit                                 0x20000050   Data           4  z_lko3.o(.data)
    test_distf                               0x20000054   Data           4  z_lko3.o(.data)
    gp21_highVolCrlParm                      0x20000058   Data          18  z_lko3.o(.data)
    ifDebug                                  0x2000006c   Data           1  test.o(.data)
    demo_tf                                  0x20000070   Data           4  test.o(.data)
    sensor_strct                             0x20000074   Data           8  test.o(.data)
    lk_defaultParm                           0x2000007c   Data          30  test.o(.data)
    erro_count_test                          0x2000009c   Data           1  z_freertos.o(.data)
    ifDebug_strShow                          0x2000009d   Data           1  z_freertos.o(.data)
    ifUser_strShow                           0x2000009e   Data           1  z_freertos.o(.data)
    ifLkProtecl_show                         0x2000009f   Data           1  z_freertos.o(.data)
    mes1_have_sighal                         0x200000a0   Data           1  z_freertos.o(.data)
    mes2_have_sighal                         0x200000a1   Data           1  z_freertos.o(.data)
    ifFirstStart                             0x200000a2   Data           1  z_freertos.o(.data)
    ifStartCplet                             0x200000a3   Data           1  z_freertos.o(.data)
    tesr_1                                   0x200000a4   Data           1  z_freertos.o(.data)
    reg_index                                0x200000a6   Data           1  z_freertos.o(.data)
    slect_mode                               0x200000a7   Data           1  z_freertos.o(.data)
    ms2_erro                                 0x200000a8   Data           2  z_freertos.o(.data)
    ms1_err0                                 0x200000aa   Data           2  z_freertos.o(.data)
    average                                  0x200000ac   Data           2  z_freertos.o(.data)
    singhlTim                                0x200000b0   Data           4  z_freertos.o(.data)
    z_tlc_TxSignl_pwm                        0x200000b4   Data           4  z_freertos.o(.data)
    textCount                                0x200000b8   Data           4  z_freertos.o(.data)
    trighCount                               0x200000bc   Data           4  z_freertos.o(.data)
    trigCount                                0x200000c0   Data           4  z_freertos.o(.data)
    erroTimeOutCount                         0x200000c4   Data           4  z_freertos.o(.data)
    tdcSignalSemaphore                       0x200000c8   Data           4  z_freertos.o(.data)
    xHandleGp21Trig                          0x200000d0   Data           4  z_freertos.o(.data)
    xHandleDataOutFeq                        0x200000dc   Data           4  z_freertos.o(.data)
    tem                                      0x200000e0   Data           4  z_freertos.o(.data)
    num                                      0x200000e4   Data           4  z_freertos.o(.data)
    GP21_REG                                 0x200000ec   Data           4  z_freertos.o(.data)
    gp21_statu_INT                           0x200000f0   Data           4  z_freertos.o(.data)
    paramBuff                                0x200000f4   Data           8  z_freertos.o(.data)
    flashParam                               0x200000fc   Data           8  z_freertos.o(.data)
    runTypeModeString                        0x20000104   Data           4  z_sensor_ack.o(.data)
    typeModeString                           0x20000108   Data          12  z_sensor_ack.o(.data)
    defaultTaskHandle                        0x20000114   Data           4  freertos.o(.data)
    uwTickFreq                               0x20000118   Data           1  stm32f1xx_hal.o(.data)
    uwTickPrio                               0x2000011c   Data           4  stm32f1xx_hal.o(.data)
    uwTick                                   0x20000120   Data           4  stm32f1xx_hal.o(.data)
    SystemCoreClock                          0x20000124   Data           4  system_stm32f1xx.o(.data)
    pxCurrentTCB                             0x20000128   Data           4  tasks.o(.data)
    __stdout                                 0x20000188   Data           4  stdout.o(.data)
    adc_buf                                  0x2000018c   Data          10  z_analog.o(.bss)
    serial_rxbuf                             0x20000198   Data          50  z_serial.o(.bss)
    dma_listen                               0x200001cc   Data          40  z_serial.o(.bss)
    _TDC_GP21                                0x200002f4   Data          88  z_lko3.o(.bss)
    FlashTypeDef                             0x2000034c   Data          16  z_flashparamsave.o(.bss)
    lk_flash                                 0x2000035c   Data          30  test.o(.bss)
    msg_data                                 0x2000037c   Data          50  test.o(.bss)
    testbuf                                  0x200003ae   Data          50  test.o(.bss)
    zjk_tf                                   0x200003e0   Data        2392  test.o(.bss)
    cmdMsg                                   0x20000d38   Data          20  test.o(.bss)
    msga                                     0x20000d4c   Data          20  test.o(.bss)
    dist_continue_msg                        0x20000d60   Data          20  test.o(.bss)
    sensor_running_vaile                     0x20000d74   Data          20  z_freertos.o(.bss)
    lk_distQueue                             0x20000d88   Data        2056  z_freertos.o(.bss)
    hadc1                                    0x20001590   Data          48  adc.o(.bss)
    hdma_adc1                                0x200015c0   Data          68  adc.o(.bss)
    hdac                                     0x20001604   Data          20  dac.o(.bss)
    hspi1                                    0x20001618   Data          88  spi.o(.bss)
    hspi2                                    0x20001670   Data          88  spi.o(.bss)
    htim2                                    0x200016c8   Data          64  tim.o(.bss)
    htim3                                    0x20001708   Data          64  tim.o(.bss)
    htim7                                    0x20001748   Data          64  tim.o(.bss)
    huart1                                   0x20001788   Data          64  usart.o(.bss)
    hdma_usart1_rx                           0x200017c8   Data          68  usart.o(.bss)
    htim1                                    0x2000180c   Data          64  stm32f1xx_hal_timebase_tim.o(.bss)
    pFlash                                   0x20001850   Data          32  stm32f1xx_hal_flash.o(.bss)
    __initial_sp                             0x200046b0   Data           0  startup_stm32f103xe.o(STACK)



==============================================================================

Memory Map of the image

  Image Entry point : 0x08000131

  Load Region LR_IROM1 (Base: 0x08000000, Size: 0x00007f08, Max: 0x00040000, ABSOLUTE, COMPRESSED[0x00007dc8])

    Execution Region ER_IROM1 (Exec base: 0x08000000, Load base: 0x08000000, Size: 0x00007d7c, Max: 0x00040000, ABSOLUTE)

    Exec Addr    Load Addr    Size         Type   Attr      Idx    E Section Name        Object

    0x08000000   0x08000000   0x00000130   Data   RO         7024    RESET               startup_stm32f103xe.o
    0x08000130   0x08000130   0x00000000   Code   RO         7029  * .ARM.Collect$$$$00000000  mc_w.l(entry.o)
    0x08000130   0x08000130   0x00000004   Code   RO         7383    .ARM.Collect$$$$00000001  mc_w.l(entry2.o)
    0x08000134   0x08000134   0x00000004   Code   RO         7386    .ARM.Collect$$$$00000004  mc_w.l(entry5.o)
    0x08000138   0x08000138   0x00000000   Code   RO         7388    .ARM.Collect$$$$00000008  mc_w.l(entry7b.o)
    0x08000138   0x08000138   0x00000000   Code   RO         7390    .ARM.Collect$$$$0000000A  mc_w.l(entry8b.o)
    0x08000138   0x08000138   0x00000008   Code   RO         7391    .ARM.Collect$$$$0000000B  mc_w.l(entry9a.o)
    0x08000140   0x08000140   0x00000000   Code   RO         7393    .ARM.Collect$$$$0000000D  mc_w.l(entry10a.o)
    0x08000140   0x08000140   0x00000000   Code   RO         7395    .ARM.Collect$$$$0000000F  mc_w.l(entry11a.o)
    0x08000140   0x08000140   0x00000004   Code   RO         7384    .ARM.Collect$$$$00002712  mc_w.l(entry2.o)
    0x08000144   0x08000144   0x00000096   Code   RO         6945    .emb_text           port.o
    0x080001da   0x080001da   0x00000002   PAD
    0x080001dc   0x080001dc   0x00000024   Code   RO         7025    .text               startup_stm32f103xe.o
    0x08000200   0x08000200   0x00000020   Code   RO         7032    .text               mc_w.l(llushr.o)
    0x08000220   0x08000220   0x00000008   Code   RO         7034    .text               mc_w.l(ctype_o.o)
    0x08000228   0x08000228   0x00000024   Code   RO         7064    .text               mc_w.l(memcpya.o)
    0x0800024c   0x0800024c   0x00000024   Code   RO         7066    .text               mc_w.l(memseta.o)
    0x08000270   0x08000270   0x000000b0   Code   RO         7359    .text               mf_w.l(fadd.o)
    0x08000320   0x08000320   0x00000064   Code   RO         7361    .text               mf_w.l(fmul.o)
    0x08000384   0x08000384   0x0000007c   Code   RO         7363    .text               mf_w.l(fdiv.o)
    0x08000400   0x08000400   0x000000e4   Code   RO         7365    .text               mf_w.l(dmul.o)
    0x080004e4   0x080004e4   0x0000002e   Code   RO         7367    .text               mf_w.l(dscalb.o)
    0x08000512   0x08000512   0x00000012   Code   RO         7369    .text               mf_w.l(fflti.o)
    0x08000524   0x08000524   0x0000000a   Code   RO         7371    .text               mf_w.l(ffltui.o)
    0x0800052e   0x0800052e   0x0000001a   Code   RO         7373    .text               mf_w.l(dfltui.o)
    0x08000548   0x08000548   0x00000032   Code   RO         7375    .text               mf_w.l(ffixi.o)
    0x0800057a   0x0800057a   0x00000028   Code   RO         7377    .text               mf_w.l(ffixui.o)
    0x080005a2   0x080005a2   0x00000026   Code   RO         7379    .text               mf_w.l(f2d.o)
    0x080005c8   0x080005c8   0x00000038   Code   RO         7381    .text               mf_w.l(d2f.o)
    0x08000600   0x08000600   0x00000062   Code   RO         7400    .text               mc_w.l(uldiv.o)
    0x08000662   0x08000662   0x00000000   Code   RO         7404    .text               mc_w.l(iusefp.o)
    0x08000662   0x08000662   0x0000006e   Code   RO         7405    .text               mf_w.l(fepilogue.o)
    0x080006d0   0x080006d0   0x000000ba   Code   RO         7407    .text               mf_w.l(depilogue.o)
    0x0800078a   0x0800078a   0x00000002   PAD
    0x0800078c   0x0800078c   0x00000024   Code   RO         7417    .text               mc_w.l(init.o)
    0x080007b0   0x080007b0   0x0000001e   Code   RO         7419    .text               mc_w.l(llshl.o)
    0x080007ce   0x080007ce   0x00000056   Code   RO         7431    .text               mc_w.l(__dczerorl2.o)
    0x08000824   0x08000824   0x0000000c   Code   RO         2802    i.ADC1_2_IRQHandler  stm32f1xx_it.o
    0x08000830   0x08000830   0x0000004c   Code   RO         3007    i.ADC_ConversionStop_Disable  stm32f1xx_hal_adc.o
    0x0800087c   0x0800087c   0x0000004e   Code   RO         3008    i.ADC_DMAConvCplt   stm32f1xx_hal_adc.o
    0x080008ca   0x080008ca   0x0000001a   Code   RO         3009    i.ADC_DMAError      stm32f1xx_hal_adc.o
    0x080008e4   0x080008e4   0x0000000a   Code   RO         3010    i.ADC_DMAHalfConvCplt  stm32f1xx_hal_adc.o
    0x080008ee   0x080008ee   0x00000002   PAD
    0x080008f0   0x080008f0   0x00000070   Code   RO         3011    i.ADC_Enable        stm32f1xx_hal_adc.o
    0x08000960   0x08000960   0x00000002   Code   RO         2803    i.BusFault_Handler  stm32f1xx_it.o
    0x08000962   0x08000962   0x00000002   PAD
    0x08000964   0x08000964   0x0000000c   Code   RO         2804    i.DMA1_Channel1_IRQHandler  stm32f1xx_it.o
    0x08000970   0x08000970   0x0000000c   Code   RO         2805    i.DMA1_Channel5_IRQHandler  stm32f1xx_it.o
    0x0800097c   0x0800097c   0x0000002a   Code   RO         5396    i.DMA_SetConfig     stm32f1xx_hal_dma.o
    0x080009a6   0x080009a6   0x00000002   Code   RO         2806    i.DebugMon_Handler  stm32f1xx_it.o
    0x080009a8   0x080009a8   0x00000006   Code   RO         2807    i.EXTI4_IRQHandler  stm32f1xx_it.o
    0x080009ae   0x080009ae   0x00000002   Code   RO         2424    i.Error_Handler     main.o
    0x080009b0   0x080009b0   0x00000024   Code   RO         5836    i.FLASH_MassErase   stm32f1xx_hal_flash_ex.o
    0x080009d4   0x080009d4   0x00000024   Code   RO         5841    i.FLASH_PageErase   stm32f1xx_hal_flash_ex.o
    0x080009f8   0x080009f8   0x0000001c   Code   RO         5733    i.FLASH_Program_HalfWord  stm32f1xx_hal_flash.o
    0x08000a14   0x08000a14   0x0000005c   Code   RO         5734    i.FLASH_SetErrorCode  stm32f1xx_hal_flash.o
    0x08000a70   0x08000a70   0x00000054   Code   RO         5735    i.FLASH_WaitForLastOperation  stm32f1xx_hal_flash.o
    0x08000ac4   0x08000ac4   0x00000018   Code   RO          282    i.GetRevBytes       z_serial.o
    0x08000adc   0x08000adc   0x00000054   Code   RO         1412    i.Gp21TrigTask      z_freertos.o
    0x08000b30   0x08000b30   0x000000c8   Code   RO         3187    i.HAL_ADCEx_Calibration_Start  stm32f1xx_hal_adc_ex.o
    0x08000bf8   0x08000bf8   0x00000002   Code   RO         3189    i.HAL_ADCEx_InjectedConvCpltCallback  stm32f1xx_hal_adc_ex.o
    0x08000bfa   0x08000bfa   0x00000002   PAD
    0x08000bfc   0x08000bfc   0x000000fc   Code   RO         3013    i.HAL_ADC_ConfigChannel  stm32f1xx_hal_adc.o
    0x08000cf8   0x08000cf8   0x00000014   Code   RO          210    i.HAL_ADC_ConvCpltCallback  z_analog.o
    0x08000d0c   0x08000d0c   0x00000002   Code   RO         3015    i.HAL_ADC_ConvHalfCpltCallback  stm32f1xx_hal_adc.o
    0x08000d0e   0x08000d0e   0x00000002   Code   RO         3017    i.HAL_ADC_ErrorCallback  stm32f1xx_hal_adc.o
    0x08000d10   0x08000d10   0x000000e6   Code   RO         3021    i.HAL_ADC_IRQHandler  stm32f1xx_hal_adc.o
    0x08000df6   0x08000df6   0x00000002   PAD
    0x08000df8   0x08000df8   0x00000120   Code   RO         3022    i.HAL_ADC_Init      stm32f1xx_hal_adc.o
    0x08000f18   0x08000f18   0x00000002   Code   RO         3023    i.HAL_ADC_LevelOutOfWindowCallback  stm32f1xx_hal_adc.o
    0x08000f1a   0x08000f1a   0x00000002   PAD
    0x08000f1c   0x08000f1c   0x0000009c   Code   RO         2501    i.HAL_ADC_MspInit   adc.o
    0x08000fb8   0x08000fb8   0x0000010c   Code   RO         3029    i.HAL_ADC_Start_DMA  stm32f1xx_hal_adc.o
    0x080010c4   0x080010c4   0x0000004c   Code   RO         3032    i.HAL_ADC_Stop_DMA  stm32f1xx_hal_adc.o
    0x08001110   0x08001110   0x00000042   Code   RO         3286    i.HAL_DAC_ConfigChannel  stm32f1xx_hal_dac.o
    0x08001152   0x08001152   0x00000028   Code   RO         3294    i.HAL_DAC_Init      stm32f1xx_hal_dac.o
    0x0800117a   0x0800117a   0x00000002   PAD
    0x0800117c   0x0800117c   0x00000058   Code   RO         2543    i.HAL_DAC_MspInit   dac.o
    0x080011d4   0x080011d4   0x00000030   Code   RO         5397    i.HAL_DMA_Abort     stm32f1xx_hal_dma.o
    0x08001204   0x08001204   0x00000130   Code   RO         5398    i.HAL_DMA_Abort_IT  stm32f1xx_hal_dma.o
    0x08001334   0x08001334   0x00000248   Code   RO         5402    i.HAL_DMA_IRQHandler  stm32f1xx_hal_dma.o
    0x0800157c   0x0800157c   0x0000007c   Code   RO         5403    i.HAL_DMA_Init      stm32f1xx_hal_dma.o
    0x080015f8   0x080015f8   0x00000070   Code   RO         5407    i.HAL_DMA_Start_IT  stm32f1xx_hal_dma.o
    0x08001668   0x08001668   0x00000024   Code   RO         5037    i.HAL_Delay         stm32f1xx_hal.o
    0x0800168c   0x0800168c   0x000000a8   Code   RO         5842    i.HAL_FLASHEx_Erase  stm32f1xx_hal_flash_ex.o
    0x08001734   0x08001734   0x00000014   Code   RO         5739    i.HAL_FLASH_Lock    stm32f1xx_hal_flash.o
    0x08001748   0x08001748   0x00000080   Code   RO         5744    i.HAL_FLASH_Program  stm32f1xx_hal_flash.o
    0x080017c8   0x080017c8   0x00000028   Code   RO         5746    i.HAL_FLASH_Unlock  stm32f1xx_hal_flash.o
    0x080017f0   0x080017f0   0x0000017c   Code   RO         1413    i.HAL_GPIO_EXTI_Callback  z_freertos.o
    0x0800196c   0x0800196c   0x00000018   Code   RO         5332    i.HAL_GPIO_EXTI_IRQHandler  stm32f1xx_hal_gpio.o
    0x08001984   0x08001984   0x000001e8   Code   RO         5333    i.HAL_GPIO_Init     stm32f1xx_hal_gpio.o
    0x08001b6c   0x08001b6c   0x0000000a   Code   RO         5337    i.HAL_GPIO_WritePin  stm32f1xx_hal_gpio.o
    0x08001b76   0x08001b76   0x00000002   PAD
    0x08001b78   0x08001b78   0x0000000c   Code   RO         5041    i.HAL_GetTick       stm32f1xx_hal.o
    0x08001b84   0x08001b84   0x00000010   Code   RO         5045    i.HAL_IncTick       stm32f1xx_hal.o
    0x08001b94   0x08001b94   0x00000024   Code   RO         5046    i.HAL_Init          stm32f1xx_hal.o
    0x08001bb8   0x08001bb8   0x00000074   Code   RO         2932    i.HAL_InitTick      stm32f1xx_hal_timebase_tim.o
    0x08001c2c   0x08001c2c   0x00000048   Code   RO         2908    i.HAL_MspInit       stm32f1xx_hal_msp.o
    0x08001c74   0x08001c74   0x00000016   Code   RO         5493    i.HAL_NVIC_EnableIRQ  stm32f1xx_hal_cortex.o
    0x08001c8a   0x08001c8a   0x00000002   PAD
    0x08001c8c   0x08001c8c   0x00000040   Code   RO         5499    i.HAL_NVIC_SetPriority  stm32f1xx_hal_cortex.o
    0x08001ccc   0x08001ccc   0x00000024   Code   RO         5500    i.HAL_NVIC_SetPriorityGrouping  stm32f1xx_hal_cortex.o
    0x08001cf0   0x08001cf0   0x000000d4   Code   RO         5295    i.HAL_RCCEx_GetPeriphCLKFreq  stm32f1xx_hal_rcc_ex.o
    0x08001dc4   0x08001dc4   0x000000ec   Code   RO         5296    i.HAL_RCCEx_PeriphCLKConfig  stm32f1xx_hal_rcc_ex.o
    0x08001eb0   0x08001eb0   0x0000016c   Code   RO         5193    i.HAL_RCC_ClockConfig  stm32f1xx_hal_rcc.o
    0x0800201c   0x0800201c   0x00000040   Code   RO         5197    i.HAL_RCC_GetClockConfig  stm32f1xx_hal_rcc.o
    0x0800205c   0x0800205c   0x00000020   Code   RO         5200    i.HAL_RCC_GetPCLK1Freq  stm32f1xx_hal_rcc.o
    0x0800207c   0x0800207c   0x00000020   Code   RO         5201    i.HAL_RCC_GetPCLK2Freq  stm32f1xx_hal_rcc.o
    0x0800209c   0x0800209c   0x0000006c   Code   RO         5202    i.HAL_RCC_GetSysClockFreq  stm32f1xx_hal_rcc.o
    0x08002108   0x08002108   0x00000304   Code   RO         5205    i.HAL_RCC_OscConfig  stm32f1xx_hal_rcc.o
    0x0800240c   0x0800240c   0x00000082   Code   RO         3816    i.HAL_SPI_Init      stm32f1xx_hal_spi_ex.o
    0x0800248e   0x0800248e   0x00000002   PAD
    0x08002490   0x08002490   0x000000b0   Code   RO         2653    i.HAL_SPI_MspInit   spi.o
    0x08002540   0x08002540   0x00000168   Code   RO         3512    i.HAL_SPI_Transmit  stm32f1xx_hal_spi.o
    0x080026a8   0x080026a8   0x000001d8   Code   RO         3513    i.HAL_SPI_TransmitReceive  stm32f1xx_hal_spi.o
    0x08002880   0x08002880   0x00000002   Code   RO         4471    i.HAL_TIMEx_BreakCallback  stm32f1xx_hal_tim_ex.o
    0x08002882   0x08002882   0x00000002   Code   RO         4472    i.HAL_TIMEx_CommutationCallback  stm32f1xx_hal_tim_ex.o
    0x08002884   0x08002884   0x00000050   Code   RO         4488    i.HAL_TIMEx_MasterConfigSynchronization  stm32f1xx_hal_tim_ex.o
    0x080028d4   0x080028d4   0x00000036   Code   RO         3842    i.HAL_TIM_Base_Init  stm32f1xx_hal_tim.o
    0x0800290a   0x0800290a   0x00000002   PAD
    0x0800290c   0x0800290c   0x00000078   Code   RO         2701    i.HAL_TIM_Base_MspInit  tim.o
    0x08002984   0x08002984   0x00000018   Code   RO         3847    i.HAL_TIM_Base_Start_IT  stm32f1xx_hal_tim.o
    0x0800299c   0x0800299c   0x000000f2   Code   RO         3851    i.HAL_TIM_ConfigClockSource  stm32f1xx_hal_tim.o
    0x08002a8e   0x08002a8e   0x00000002   Code   RO         3871    i.HAL_TIM_IC_CaptureCallback  stm32f1xx_hal_tim.o
    0x08002a90   0x08002a90   0x00000166   Code   RO         3884    i.HAL_TIM_IRQHandler  stm32f1xx_hal_tim.o
    0x08002bf6   0x08002bf6   0x00000002   PAD
    0x08002bf8   0x08002bf8   0x0000008c   Code   RO         2702    i.HAL_TIM_MspPostInit  tim.o
    0x08002c84   0x08002c84   0x00000002   Code   RO         3887    i.HAL_TIM_OC_DelayElapsedCallback  stm32f1xx_hal_tim.o
    0x08002c86   0x08002c86   0x000000d0   Code   RO         3908    i.HAL_TIM_PWM_ConfigChannel  stm32f1xx_hal_tim.o
    0x08002d56   0x08002d56   0x00000036   Code   RO         3911    i.HAL_TIM_PWM_Init  stm32f1xx_hal_tim.o
    0x08002d8c   0x08002d8c   0x00000002   Code   RO         3913    i.HAL_TIM_PWM_MspInit  stm32f1xx_hal_tim.o
    0x08002d8e   0x08002d8e   0x00000002   Code   RO         1414    i.HAL_TIM_PWM_PulseFinishedCallback  z_freertos.o
    0x08002d90   0x08002d90   0x00000038   Code   RO         3915    i.HAL_TIM_PWM_Start  stm32f1xx_hal_tim.o
    0x08002dc8   0x08002dc8   0x0000005c   Code   RO         3918    i.HAL_TIM_PWM_Stop  stm32f1xx_hal_tim.o
    0x08002e24   0x08002e24   0x00000014   Code   RO         2425    i.HAL_TIM_PeriodElapsedCallback  main.o
    0x08002e38   0x08002e38   0x00000002   Code   RO         3925    i.HAL_TIM_TriggerCallback  stm32f1xx_hal_tim.o
    0x08002e3a   0x08002e3a   0x00000058   Code   RO         4723    i.HAL_UART_DMAStop  stm32f1xx_hal_uart.o
    0x08002e92   0x08002e92   0x00000002   Code   RO         4725    i.HAL_UART_ErrorCallback  stm32f1xx_hal_uart.o
    0x08002e94   0x08002e94   0x00000110   Code   RO         4728    i.HAL_UART_IRQHandler  stm32f1xx_hal_uart.o
    0x08002fa4   0x08002fa4   0x00000062   Code   RO         4729    i.HAL_UART_Init     stm32f1xx_hal_uart.o
    0x08003006   0x08003006   0x00000002   PAD
    0x08003008   0x08003008   0x000000b0   Code   RO         2761    i.HAL_UART_MspInit  usart.o
    0x080030b8   0x080030b8   0x00000098   Code   RO         4733    i.HAL_UART_Receive_DMA  stm32f1xx_hal_uart.o
    0x08003150   0x08003150   0x00000002   Code   RO         4735    i.HAL_UART_RxCpltCallback  stm32f1xx_hal_uart.o
    0x08003152   0x08003152   0x00000002   Code   RO         4736    i.HAL_UART_RxHalfCpltCallback  stm32f1xx_hal_uart.o
    0x08003154   0x08003154   0x000000ba   Code   RO         4737    i.HAL_UART_Transmit  stm32f1xx_hal_uart.o
    0x0800320e   0x0800320e   0x00000002   Code   RO         4740    i.HAL_UART_TxCpltCallback  stm32f1xx_hal_uart.o
    0x08003210   0x08003210   0x00000002   Code   RO         2808    i.HardFault_Handler  stm32f1xx_it.o
    0x08003212   0x08003212   0x00000002   PAD
    0x08003214   0x08003214   0x000000a4   Code   RO         1415    i.LK_sensorParamTask  z_freertos.o
    0x080032b8   0x080032b8   0x00000050   Code   RO         2502    i.MX_ADC1_Init      adc.o
    0x08003308   0x08003308   0x0000003c   Code   RO         2544    i.MX_DAC_Init       dac.o
    0x08003344   0x08003344   0x0000003c   Code   RO         2590    i.MX_DMA_Init       dma.o
    0x08003380   0x08003380   0x0000002c   Code   RO         2614    i.MX_FREERTOS_Init  freertos.o
    0x080033ac   0x080033ac   0x00000164   Code   RO         2476    i.MX_GPIO_Init      gpio.o
    0x08003510   0x08003510   0x00000048   Code   RO         2654    i.MX_SPI1_Init      spi.o
    0x08003558   0x08003558   0x00000044   Code   RO         2655    i.MX_SPI2_Init      spi.o
    0x0800359c   0x0800359c   0x00000094   Code   RO         2703    i.MX_TIM2_Init      tim.o
    0x08003630   0x08003630   0x0000009c   Code   RO         2704    i.MX_TIM3_Init      tim.o
    0x080036cc   0x080036cc   0x00000044   Code   RO         2705    i.MX_TIM7_Init      tim.o
    0x08003710   0x08003710   0x00000038   Code   RO         2762    i.MX_USART1_UART_Init  usart.o
    0x08003748   0x08003748   0x00000002   Code   RO         2809    i.MemManage_Handler  stm32f1xx_it.o
    0x0800374a   0x0800374a   0x00000002   Code   RO         2810    i.NMI_Handler       stm32f1xx_it.o
    0x0800374c   0x0800374c   0x00000020   Code   RO         5506    i.NVIC_SetPriority  stm32f1xx_hal_cortex.o
    0x0800376c   0x0800376c   0x0000000e   Code   RO         1629    i.QueueInit         ringqueue.o
    0x0800377a   0x0800377a   0x00000020   Code   RO         3528    i.SPI_CheckFlag_BSY  stm32f1xx_hal_spi.o
    0x0800379a   0x0800379a   0x00000096   Code   RO         3547    i.SPI_WaitFlagStateUntilTimeout  stm32f1xx_hal_spi.o
    0x08003830   0x08003830   0x000000cc   Code   RO         1416    i.SerialTask        z_freertos.o
    0x080038fc   0x080038fc   0x0000000c   Code   RO         2615    i.StartDefaultTask  freertos.o
    0x08003908   0x08003908   0x0000002c   Code   RO         6946    i.SysTick_Handler   port.o
    0x08003934   0x08003934   0x00000062   Code   RO         2426    i.SystemClock_Config  main.o
    0x08003996   0x08003996   0x00000002   PAD
    0x08003998   0x08003998   0x00000048   Code   RO         5922    i.SystemInit        system_stm32f1xx.o
    0x080039e0   0x080039e0   0x00000020   Code   RO         1175    i.TF_Accept         tinyframe.o
    0x08003a00   0x08003a00   0x0000022c   Code   RO         1176    i.TF_AcceptChar     tinyframe.o
    0x08003c2c   0x08003c2c   0x00000060   Code   RO         1177    i.TF_AddGenericListener  tinyframe.o
    0x08003c8c   0x08003c8c   0x0000006c   Code   RO         1178    i.TF_AddIdListener  tinyframe.o
    0x08003cf8   0x08003cf8   0x00000014   Code   RO         1180    i.TF_CksumAdd       tinyframe.o
    0x08003d0c   0x08003d0c   0x00000006   Code   RO          768    i.TF_ClearMsg       test.o
    0x08003d12   0x08003d12   0x00000002   PAD
    0x08003d14   0x08003d14   0x000000a6   Code   RO         1181    i.TF_ComposeHead    tinyframe.o
    0x08003dba   0x08003dba   0x00000002   PAD
    0x08003dbc   0x08003dbc   0x00000144   Code   RO         1183    i.TF_HandleReceivedMessage  tinyframe.o
    0x08003f00   0x08003f00   0x00000058   Code   RO         1185    i.TF_InitStatic     tinyframe.o
    0x08003f58   0x08003f58   0x0000000c   Code   RO         1197    i.TF_Respond        tinyframe.o
    0x08003f64   0x08003f64   0x00000090   Code   RO         1200    i.TF_SendFrame      tinyframe.o
    0x08003ff4   0x08003ff4   0x00000090   Code   RO         1201    i.TF_SendFrame_Chunk  tinyframe.o
    0x08004084   0x08004084   0x00000070   Code   RO         1202    i.TF_SendFrame_End  tinyframe.o
    0x080040f4   0x080040f4   0x00000008   Code   RO          769    i.TF_WriteImpl      test.o
    0x080040fc   0x080040fc   0x0000000c   Code   RO         2811    i.TIM1_UP_IRQHandler  stm32f1xx_it.o
    0x08004108   0x08004108   0x0000000c   Code   RO         2812    i.TIM3_IRQHandler   stm32f1xx_it.o
    0x08004114   0x08004114   0x0000000c   Code   RO         2813    i.TIM7_IRQHandler   stm32f1xx_it.o
    0x08004120   0x08004120   0x0000008c   Code   RO         3926    i.TIM_Base_SetConfig  stm32f1xx_hal_tim.o
    0x080041ac   0x080041ac   0x00000016   Code   RO         3927    i.TIM_CCxChannelCmd  stm32f1xx_hal_tim.o
    0x080041c2   0x080041c2   0x00000014   Code   RO         3933    i.TIM_ETR_SetConfig  stm32f1xx_hal_tim.o
    0x080041d6   0x080041d6   0x00000010   Code   RO         3934    i.TIM_ITRx_SetConfig  stm32f1xx_hal_tim.o
    0x080041e6   0x080041e6   0x00000002   PAD
    0x080041e8   0x080041e8   0x00000060   Code   RO         3935    i.TIM_OC1_SetConfig  stm32f1xx_hal_tim.o
    0x08004248   0x08004248   0x0000006c   Code   RO         3936    i.TIM_OC2_SetConfig  stm32f1xx_hal_tim.o
    0x080042b4   0x080042b4   0x00000068   Code   RO         3937    i.TIM_OC3_SetConfig  stm32f1xx_hal_tim.o
    0x0800431c   0x0800431c   0x00000050   Code   RO         3938    i.TIM_OC4_SetConfig  stm32f1xx_hal_tim.o
    0x0800436c   0x0800436c   0x00000022   Code   RO         3940    i.TIM_TI1_ConfigInputStage  stm32f1xx_hal_tim.o
    0x0800438e   0x0800438e   0x00000024   Code   RO         3942    i.TIM_TI2_ConfigInputStage  stm32f1xx_hal_tim.o
    0x080043b2   0x080043b2   0x00000010   Code   RO         4742    i.UART_DMAAbortOnError  stm32f1xx_hal_uart.o
    0x080043c2   0x080043c2   0x0000004a   Code   RO         4743    i.UART_DMAError     stm32f1xx_hal_uart.o
    0x0800440c   0x0800440c   0x0000003c   Code   RO         4744    i.UART_DMAReceiveCplt  stm32f1xx_hal_uart.o
    0x08004448   0x08004448   0x0000000a   Code   RO         4746    i.UART_DMARxHalfCplt  stm32f1xx_hal_uart.o
    0x08004452   0x08004452   0x0000001c   Code   RO         4752    i.UART_EndRxTransfer  stm32f1xx_hal_uart.o
    0x0800446e   0x0800446e   0x00000012   Code   RO         4753    i.UART_EndTxTransfer  stm32f1xx_hal_uart.o
    0x08004480   0x08004480   0x00000096   Code   RO         4754    i.UART_Receive_IT   stm32f1xx_hal_uart.o
    0x08004516   0x08004516   0x00000002   PAD
    0x08004518   0x08004518   0x00000170   Code   RO         4755    i.UART_SetConfig    stm32f1xx_hal_uart.o
    0x08004688   0x08004688   0x00000062   Code   RO         4756    i.UART_Transmit_IT  stm32f1xx_hal_uart.o
    0x080046ea   0x080046ea   0x00000064   Code   RO         4757    i.UART_WaitOnFlagUntilTimeout  stm32f1xx_hal_uart.o
    0x0800474e   0x0800474e   0x00000002   PAD
    0x08004750   0x08004750   0x00000014   Code   RO         2814    i.USART1_IRQHandler  stm32f1xx_it.o
    0x08004764   0x08004764   0x00000002   Code   RO         2815    i.UsageFault_Handler  stm32f1xx_it.o
    0x08004766   0x08004766   0x00000002   PAD
    0x08004768   0x08004768   0x00000020   Code   RO         7277    i.__0printf$8       mc_w.l(printf8.o)
    0x08004788   0x08004788   0x0000000e   Code   RO         7425    i.__scatterload_copy  mc_w.l(handlers.o)
    0x08004796   0x08004796   0x00000002   Code   RO         7426    i.__scatterload_null  mc_w.l(handlers.o)
    0x08004798   0x08004798   0x0000000e   Code   RO         7427    i.__scatterload_zeroinit  mc_w.l(handlers.o)
    0x080047a6   0x080047a6   0x00000002   PAD
    0x080047a8   0x080047a8   0x00000410   Code   RO         7284    i._printf_core      mc_w.l(printf8.o)
    0x08004bb8   0x08004bb8   0x00000024   Code   RO         7285    i._printf_post_padding  mc_w.l(printf8.o)
    0x08004bdc   0x08004bdc   0x0000002e   Code   RO         7286    i._printf_pre_padding  mc_w.l(printf8.o)
    0x08004c0a   0x08004c0a   0x00000002   PAD
    0x08004c0c   0x08004c0c   0x00000024   Code   RO          283    i.addUartDmaRevListen  z_serial.o
    0x08004c30   0x08004c30   0x00000036   Code   RO         1701    i.baudRateCfg_select  z_sensor_ack.o
    0x08004c66   0x08004c66   0x00000014   Code   RO         1207    i.cleanup_generic_listener  tinyframe.o
    0x08004c7a   0x08004c7a   0x0000003e   Code   RO         1208    i.cleanup_id_listener  tinyframe.o
    0x08004cb8   0x08004cb8   0x00000014   Code   RO         1209    i.cleanup_type_listener  tinyframe.o
    0x08004ccc   0x08004ccc   0x0000001c   Code   RO          771    i.clear_msgData     test.o
    0x08004ce8   0x08004ce8   0x00000018   Code   RO          772    i.dataGetCmdSlect   test.o
    0x08004d00   0x08004d00   0x00000018   Code   RO          775    i.dist_continu_msgInit  test.o
    0x08004d18   0x08004d18   0x00000034   Code   RO         1702    i.flasStandReset    z_sensor_ack.o
    0x08004d4c   0x08004d4c   0x00000018   Code   RO          668    i.flash_SaveInit    z_flashparamsave.o
    0x08004d64   0x08004d64   0x00000010   Code   RO          669    i.flash_paramRead   z_flashparamsave.o
    0x08004d74   0x08004d74   0x00000040   Code   RO          670    i.flash_writeMoreData  z_flashparamsave.o
    0x08004db4   0x08004db4   0x00000018   Code   RO          284    i.fputc             z_serial.o
    0x08004dcc   0x08004dcc   0x00000030   Code   RO          571    i.gear_select       z_lko3.o
    0x08004dfc   0x08004dfc   0x0000000c   Code   RO          285    i.get_revLens       z_serial.o
    0x08004e08   0x08004e08   0x000000d0   Code   RO          572    i.gp21_distance_cal  z_lko3.o
    0x08004ed8   0x08004ed8   0x00000030   Code   RO          573    i.lk_bsp_power_off  z_lko3.o
    0x08004f08   0x08004f08   0x00000034   Code   RO          574    i.lk_bsp_power_on   z_lko3.o
    0x08004f3c   0x08004f3c   0x00000050   Code   RO         1420    i.lk_distance_average  z_freertos.o
    0x08004f8c   0x08004f8c   0x0000006c   Code   RO          575    i.lk_gear_switch    z_lko3.o
    0x08004ff8   0x08004ff8   0x00000038   Code   RO          576    i.lk_gp21MessgeMode_switch  z_lko3.o
    0x08005030   0x08005030   0x00000094   Code   RO            4    i.lk_gp2x_get_id    tdc_gp21.o
    0x080050c4   0x080050c4   0x00000054   Code   RO            6    i.lk_gp2x_init      tdc_gp21.o
    0x08005118   0x08005118   0x0000007c   Code   RO            7    i.lk_gp2x_messgeMode1  tdc_gp21.o
    0x08005194   0x08005194   0x0000005c   Code   RO            8    i.lk_gp2x_messgeMode2  tdc_gp21.o
    0x080051f0   0x080051f0   0x00000064   Code   RO            9    i.lk_gp2x_read      tdc_gp21.o
    0x08005254   0x08005254   0x00000008   Code   RO           10    i.lk_gp2x_read_regResult  tdc_gp21.o
    0x0800525c   0x0800525c   0x00000014   Code   RO           11    i.lk_gp2x_read_regStatu  tdc_gp21.o
    0x08005270   0x08005270   0x00000044   Code   RO           12    i.lk_gp2x_write     tdc_gp21.o
    0x080052b4   0x080052b4   0x00000068   Code   RO           13    i.lk_gp2x_write_opcode  tdc_gp21.o
    0x0800531c   0x0800531c   0x00000034   Code   RO          777    i.lk_programer_ack  test.o
    0x08005350   0x08005350   0x00000014   Code   RO         1421    i.lk_protecl_enable  z_freertos.o
    0x08005364   0x08005364   0x00000104   Code   RO         1422    i.lk_sensor_outData_Task  z_freertos.o
    0x08005468   0x08005468   0x00000034   Code   RO          778    i.lk_user_ack       test.o
    0x0800549c   0x0800549c   0x0000003a   Code   RO         2427    i.main              main.o
    0x080054d6   0x080054d6   0x0000000c   Code   RO         6520    i.makeFreeRtosPriority  cmsis_os.o
    0x080054e2   0x080054e2   0x00000002   PAD
    0x080054e4   0x080054e4   0x00000070   Code   RO          779    i.myGenericListener  test.o
    0x08005554   0x08005554   0x0000000e   Code   RO         6522    i.osDelay           cmsis_os.o
    0x08005562   0x08005562   0x0000000a   Code   RO         6525    i.osKernelStart     cmsis_os.o
    0x0800556c   0x0800556c   0x0000002e   Code   RO         6559    i.osThreadCreate    cmsis_os.o
    0x0800559a   0x0800559a   0x00000002   PAD
    0x0800559c   0x0800559c   0x0000003c   Code   RO          780    i.paramDataSaveCMD  test.o
    0x080055d8   0x080055d8   0x0000003c   Code   RO          781    i.paramGetCmdSlect  test.o
    0x08005614   0x08005614   0x00000028   Code   RO         1703    i.praogramer_debug_mode  z_sensor_ack.o
    0x0800563c   0x0800563c   0x00000130   Code   RO          504    i.print_number      zos_service.o
    0x0800576c   0x0800576c   0x00000074   Code   RO          783    i.programer_cmd     test.o
    0x080057e0   0x080057e0   0x00000070   Code   RO         6225    i.prvAddCurrentTaskToDelayedList  tasks.o
    0x08005850   0x08005850   0x000000d0   Code   RO         6226    i.prvAddNewTaskToReadyList  tasks.o
    0x08005920   0x08005920   0x00000050   Code   RO         6227    i.prvCheckTasksWaitingTermination  tasks.o
    0x08005970   0x08005970   0x00000026   Code   RO         6088    i.prvCopyDataFromQueue  queue.o
    0x08005996   0x08005996   0x00000014   Code   RO         6228    i.prvDeleteTCB      tasks.o
    0x080059aa   0x080059aa   0x00000002   PAD
    0x080059ac   0x080059ac   0x00000048   Code   RO         6884    i.prvHeapInit       heap_4.o
    0x080059f4   0x080059f4   0x00000028   Code   RO         6229    i.prvIdleTask       tasks.o
    0x08005a1c   0x08005a1c   0x0000008e   Code   RO         6230    i.prvInitialiseNewTask  tasks.o
    0x08005aaa   0x08005aaa   0x00000002   PAD
    0x08005aac   0x08005aac   0x0000004c   Code   RO         6885    i.prvInsertBlockIntoFreeList  heap_4.o
    0x08005af8   0x08005af8   0x0000001c   Code   RO         6090    i.prvIsQueueEmpty   queue.o
    0x08005b14   0x08005b14   0x00000020   Code   RO         6231    i.prvResetNextTaskUnblockTime  tasks.o
    0x08005b34   0x08005b34   0x00000028   Code   RO         6947    i.prvTaskExitError  port.o
    0x08005b5c   0x08005b5c   0x00000034   Code   RO         6232    i.prvTaskIsTaskSuspended  tasks.o
    0x08005b90   0x08005b90   0x0000006a   Code   RO         6091    i.prvUnlockQueue    queue.o
    0x08005bfa   0x08005bfa   0x00000002   PAD
    0x08005bfc   0x08005bfc   0x000000d8   Code   RO         6886    i.pvPortMalloc      heap_4.o
    0x08005cd4   0x08005cd4   0x00000018   Code   RO         6233    i.pvTaskIncrementMutexHeldCount  tasks.o
    0x08005cec   0x08005cec   0x00000024   Code   RO         6948    i.pxPortInitialiseStack  port.o
    0x08005d10   0x08005d10   0x00000010   Code   RO          577    i.rx_pwmHv          z_lko3.o
    0x08005d20   0x08005d20   0x0000005c   Code   RO         1423    i.select_mode_ifStart  z_freertos.o
    0x08005d7c   0x08005d7c   0x0000006c   Code   RO         1424    i.selected_mesg_mode  z_freertos.o
    0x08005de8   0x08005de8   0x00000050   Code   RO         1708    i.sensor_displaySet_ack  z_sensor_ack.o
    0x08005e38   0x08005e38   0x0000001a   Code   RO         1709    i.sensor_distContinu_ack  z_sensor_ack.o
    0x08005e52   0x08005e52   0x00000002   PAD
    0x08005e54   0x08005e54   0x00000028   Code   RO         1425    i.sensor_distOffset_calculate  z_freertos.o
    0x08005e7c   0x08005e7c   0x00000018   Code   RO         1711    i.sensor_distStop_ack  z_sensor_ack.o
    0x08005e94   0x08005e94   0x00000058   Code   RO         1712    i.sensor_getAllParam_ack  z_sensor_ack.o
    0x08005eec   0x08005eec   0x00000024   Code   RO         1713    i.sensor_getBackSwich_ack  z_sensor_ack.o
    0x08005f10   0x08005f10   0x0000000c   Code   RO         1714    i.sensor_getBaudRate_ack  z_sensor_ack.o
    0x08005f1c   0x08005f1c   0x0000000c   Code   RO         1715    i.sensor_getDisBase_ack  z_sensor_ack.o
    0x08005f28   0x08005f28   0x00000024   Code   RO         1716    i.sensor_getFrontSwich_ack  z_sensor_ack.o
    0x08005f4c   0x08005f4c   0x00000024   Code   RO         1717    i.sensor_getOutDataFreq_ack  z_sensor_ack.o
    0x08005f70   0x08005f70   0x0000000c   Code   RO         1718    i.sensor_getPowerOnMode_ack  z_sensor_ack.o
    0x08005f7c   0x08005f7c   0x0000009c   Code   RO         1426    i.sensor_powerOn_flashParamCfg  z_freertos.o
    0x08006018   0x08006018   0x0000004c   Code   RO         1719    i.sensor_qc_getParam  z_sensor_ack.o
    0x08006064   0x08006064   0x00000010   Code   RO         1721    i.sensor_qc_standFirst_reset_ack  z_sensor_ack.o
    0x08006074   0x08006074   0x00000012   Code   RO         1722    i.sensor_qc_standFirst_save_ack  z_sensor_ack.o
    0x08006086   0x08006086   0x00000016   Code   RO         1723    i.sensor_qc_standFirst_switch_ack  z_sensor_ack.o
    0x0800609c   0x0800609c   0x00000010   Code   RO         1724    i.sensor_qc_standSecond_reset_ack  z_sensor_ack.o
    0x080060ac   0x080060ac   0x00000012   Code   RO         1725    i.sensor_qc_standSecond_save_ack  z_sensor_ack.o
    0x080060be   0x080060be   0x00000016   Code   RO         1726    i.sensor_qc_standSecond_switch_ack  z_sensor_ack.o
    0x080060d4   0x080060d4   0x00000010   Code   RO         1727    i.sensor_qc_standthird_reset_ack  z_sensor_ack.o
    0x080060e4   0x080060e4   0x00000012   Code   RO         1728    i.sensor_qc_standthird_save_ack  z_sensor_ack.o
    0x080060f6   0x080060f6   0x00000016   Code   RO         1729    i.sensor_qc_standthird_switch_ack  z_sensor_ack.o
    0x0800610c   0x0800610c   0x00000048   Code   RO         1730    i.sensor_qc_struct_Save  z_sensor_ack.o
    0x08006154   0x08006154   0x00000012   Code   RO         1731    i.sensor_setAllParam_ack  z_sensor_ack.o
    0x08006166   0x08006166   0x00000002   PAD
    0x08006168   0x08006168   0x00000038   Code   RO         1732    i.sensor_setBackSwich_ack  z_sensor_ack.o
    0x080061a0   0x080061a0   0x00000038   Code   RO         1733    i.sensor_setBaudRate_ack  z_sensor_ack.o
    0x080061d8   0x080061d8   0x00000044   Code   RO         1734    i.sensor_setDisBase_ack  z_sensor_ack.o
    0x0800621c   0x0800621c   0x00000038   Code   RO         1735    i.sensor_setFrontSwich_ack  z_sensor_ack.o
    0x08006254   0x08006254   0x00000054   Code   RO         1736    i.sensor_setOutDataFreq_ack  z_sensor_ack.o
    0x080062a8   0x080062a8   0x00000030   Code   RO         1737    i.sensor_setPowerOnMode_ack  z_sensor_ack.o
    0x080062d8   0x080062d8   0x000001ec   Code   RO         1738    i.sensor_struct_loop  z_sensor_ack.o
    0x080064c4   0x080064c4   0x0000004c   Code   RO         1739    i.sensor_system_boot_paramReset_ack  z_sensor_ack.o
    0x08006510   0x08006510   0x00000032   Code   RO          505    i.skip_atoi         zos_service.o
    0x08006542   0x08006542   0x00000002   PAD
    0x08006544   0x08006544   0x00000010   Code   RO          578    i.start_rx_tim      z_lko3.o
    0x08006554   0x08006554   0x00000018   Code   RO         1428    i.start_singnal     z_freertos.o
    0x0800656c   0x0800656c   0x0000000c   Code   RO          784    i.structToBytes     test.o
    0x08006578   0x08006578   0x00000014   Code   RO          785    i.system_ctl_cmd    test.o
    0x0800658c   0x0800658c   0x0000002c   Code   RO         1429    i.system_runStatu_select  z_freertos.o
    0x080065b8   0x080065b8   0x00000094   Code   RO         1431    i.tdc_agc_control   z_freertos.o
    0x0800664c   0x0800664c   0x00000064   Code   RO          579    i.tdc_board_init    z_lko3.o
    0x080066b0   0x080066b0   0x00000006   Code   RO           14    i.tdc_delay         tdc_gp21.o
    0x080066b6   0x080066b6   0x00000002   PAD
    0x080066b8   0x080066b8   0x0000002c   Code   RO          580    i.tdc_rx_voltge_relese  z_lko3.o
    0x080066e4   0x080066e4   0x00000028   Code   RO          786    i.test_send_cmd     test.o
    0x0800670c   0x0800670c   0x0000003c   Code   RO          787    i.tinyRecFunc       test.o
    0x08006748   0x08006748   0x00000016   Code   RO          428    i.tlc5618_write     tlc5618.o
    0x0800675e   0x0800675e   0x00000008   Code   RO          429    i.tlc5618_writeAchannal  tlc5618.o
    0x08006766   0x08006766   0x00000004   Code   RO          430    i.tlc5618_writeBchannal  tlc5618.o
    0x0800676a   0x0800676a   0x00000002   PAD
    0x0800676c   0x0800676c   0x00000044   Code   RO          431    i.tlc5618_write_reg  tlc5618.o
    0x080067b0   0x080067b0   0x00000028   Code   RO         1434    i.trigOnce          z_freertos.o
    0x080067d8   0x080067d8   0x0000006c   Code   RO          581    i.tx_VolCtl         z_lko3.o
    0x08006844   0x08006844   0x0000002c   Code   RO          286    i.usartIdleInt      z_serial.o
    0x08006870   0x08006870   0x00000014   Code   RO         1435    i.user_dispaly_enable  z_freertos.o
    0x08006884   0x08006884   0x00000024   Code   RO         6051    i.uxListRemove      list.o
    0x080068a8   0x080068a8   0x00000016   Code   RO         6052    i.vListInitialise   list.o
    0x080068be   0x080068be   0x00000006   Code   RO         6053    i.vListInitialiseItem  list.o
    0x080068c4   0x080068c4   0x00000030   Code   RO         6054    i.vListInsert       list.o
    0x080068f4   0x080068f4   0x00000018   Code   RO         6055    i.vListInsertEnd    list.o
    0x0800690c   0x0800690c   0x00000040   Code   RO         6950    i.vPortEnterCritical  port.o
    0x0800694c   0x0800694c   0x00000028   Code   RO         6951    i.vPortExitCritical  port.o
    0x08006974   0x08006974   0x0000005c   Code   RO         6887    i.vPortFree         heap_4.o
    0x080069d0   0x080069d0   0x00000020   Code   RO         6952    i.vPortSetupTimerInterrupt  port.o
    0x080069f0   0x080069f0   0x00000054   Code   RO         6953    i.vPortValidateInterruptPriority  port.o
    0x08006a44   0x08006a44   0x0000004c   Code   RO         6239    i.vTaskDelay        tasks.o
    0x08006a90   0x08006a90   0x0000000c   Code   RO         6243    i.vTaskMissedYield  tasks.o
    0x08006a9c   0x08006a9c   0x00000030   Code   RO         6245    i.vTaskPlaceOnEventList  tasks.o
    0x08006acc   0x08006acc   0x00000084   Code   RO         6247    i.vTaskPriorityInherit  tasks.o
    0x08006b50   0x08006b50   0x0000007c   Code   RO         6249    i.vTaskResume       tasks.o
    0x08006bcc   0x08006bcc   0x00000024   Code   RO         6250    i.vTaskSetTimeOutState  tasks.o
    0x08006bf0   0x08006bf0   0x00000068   Code   RO         6251    i.vTaskStartScheduler  tasks.o
    0x08006c58   0x08006c58   0x000000b0   Code   RO         6252    i.vTaskSuspend      tasks.o
    0x08006d08   0x08006d08   0x00000010   Code   RO         6253    i.vTaskSuspendAll   tasks.o
    0x08006d18   0x08006d18   0x0000005c   Code   RO         6254    i.vTaskSwitchContext  tasks.o
    0x08006d74   0x08006d74   0x00000074   Code   RO         6954    i.xPortStartScheduler  port.o
    0x08006de8   0x08006de8   0x00000048   Code   RO         6099    i.xQueueGenericCreate  queue.o
    0x08006e30   0x08006e30   0x0000016c   Code   RO         6100    i.xQueueGenericReceive  queue.o
    0x08006f9c   0x08006f9c   0x00000088   Code   RO         6101    i.xQueueGenericReset  queue.o
    0x08007024   0x08007024   0x0000009c   Code   RO         6104    i.xQueueGiveFromISR  queue.o
    0x080070c0   0x080070c0   0x0000006c   Code   RO         6255    i.xTaskCheckForTimeOut  tasks.o
    0x0800712c   0x0800712c   0x00000056   Code   RO         6256    i.xTaskCreate       tasks.o
    0x08007182   0x08007182   0x00000002   PAD
    0x08007184   0x08007184   0x0000001c   Code   RO         6260    i.xTaskGetSchedulerState  tasks.o
    0x080071a0   0x080071a0   0x000000c8   Code   RO         6263    i.xTaskIncrementTick  tasks.o
    0x08007268   0x08007268   0x00000074   Code   RO         6267    i.xTaskRemoveFromEventList  tasks.o
    0x080072dc   0x080072dc   0x000000c4   Code   RO         6269    i.xTaskResumeAll    tasks.o
    0x080073a0   0x080073a0   0x0000000a   Code   RO          788    i.zTF_NullDistAck   test.o
    0x080073aa   0x080073aa   0x0000000a   Code   RO          789    i.zTF_StopDistAck   test.o
    0x080073b4   0x080073b4   0x0000000a   Code   RO          790    i.zTF_paramCfg_getAll_Ack  test.o
    0x080073be   0x080073be   0x0000000a   Code   RO          791    i.zTF_paramCfg_getBackSwich_Ack  test.o
    0x080073c8   0x080073c8   0x0000000a   Code   RO          792    i.zTF_paramCfg_getBaudRate_Ack  test.o
    0x080073d2   0x080073d2   0x0000000a   Code   RO          793    i.zTF_paramCfg_getDisBase_Ack  test.o
    0x080073dc   0x080073dc   0x0000000a   Code   RO          794    i.zTF_paramCfg_getFrontSwich_Ack  test.o
    0x080073e6   0x080073e6   0x0000000a   Code   RO          795    i.zTF_paramCfg_getOutDataFreq_Ack  test.o
    0x080073f0   0x080073f0   0x0000000a   Code   RO          796    i.zTF_paramCfg_getPowerOnMode_Ack  test.o
    0x080073fa   0x080073fa   0x0000000a   Code   RO          798    i.zTF_paramCfg_setAll_Ack  test.o
    0x08007404   0x08007404   0x0000000a   Code   RO          799    i.zTF_paramCfg_setBackSwich_Ack  test.o
    0x0800740e   0x0800740e   0x0000000a   Code   RO          800    i.zTF_paramCfg_setBaudRate_Ack  test.o
    0x08007418   0x08007418   0x0000000a   Code   RO          801    i.zTF_paramCfg_setDisBase_Ack  test.o
    0x08007422   0x08007422   0x0000000a   Code   RO          802    i.zTF_paramCfg_setFrontSwich_Ack  test.o
    0x0800742c   0x0800742c   0x0000000a   Code   RO          803    i.zTF_paramCfg_setOutDataFreq_Ack  test.o
    0x08007436   0x08007436   0x0000000a   Code   RO          804    i.zTF_paramCfg_setPowerOnMode_Ack  test.o
    0x08007440   0x08007440   0x0000000a   Code   RO          805    i.zTF_paramCfg_set_displayMode_Ack  test.o
    0x0800744a   0x0800744a   0x0000000a   Code   RO          807    i.zTF_programer_qc_getParam_Ack  test.o
    0x08007454   0x08007454   0x0000000a   Code   RO          808    i.zTF_programer_qc_standFirst_reset_ack  test.o
    0x0800745e   0x0800745e   0x0000000a   Code   RO          809    i.zTF_programer_qc_standFirst_save_ack  test.o
    0x08007468   0x08007468   0x0000000a   Code   RO          810    i.zTF_programer_qc_standFirst_switch_ack  test.o
    0x08007472   0x08007472   0x0000000a   Code   RO          811    i.zTF_programer_qc_standSecond_reset_ack  test.o
    0x0800747c   0x0800747c   0x0000000a   Code   RO          812    i.zTF_programer_qc_standSecond_save_ack  test.o
    0x08007486   0x08007486   0x0000000a   Code   RO          813    i.zTF_programer_qc_standSecond_switch_ack  test.o
    0x08007490   0x08007490   0x0000000a   Code   RO          814    i.zTF_programer_qc_standthird_reset_ack  test.o
    0x0800749a   0x0800749a   0x0000000a   Code   RO          815    i.zTF_programer_qc_standthird_save_ack  test.o
    0x080074a4   0x080074a4   0x0000000a   Code   RO          816    i.zTF_programer_qc_standthird_switch_ack  test.o
    0x080074ae   0x080074ae   0x0000000a   Code   RO          817    i.zTF_programer_standMode_switch_ack  test.o
    0x080074b8   0x080074b8   0x00000018   Code   RO          818    i.zTF_sendContinueDistAck  test.o
    0x080074d0   0x080074d0   0x0000000a   Code   RO          820    i.zTF_system_boot_paramReset_Ack  test.o
    0x080074da   0x080074da   0x00000002   PAD
    0x080074dc   0x080074dc   0x0000002c   Code   RO          823    i.z_ListenerInit    test.o
    0x08007508   0x08007508   0x00000020   Code   RO          213    i.z_analog_convert  z_analog.o
    0x08007528   0x08007528   0x00000074   Code   RO          215    i.z_analog_covertDMA  z_analog.o
    0x0800759c   0x0800759c   0x0000004c   Code   RO          287    i.z_serialDriverTask  z_serial.o
    0x080075e8   0x080075e8   0x00000038   Code   RO          288    i.z_serial_baudRateCfg  z_serial.o
    0x08007620   0x08007620   0x00000014   Code   RO          289    i.z_serial_dma_start  z_serial.o
    0x08007634   0x08007634   0x00000028   Code   RO          290    i.z_serial_init     z_serial.o
    0x0800765c   0x0800765c   0x0000003c   Code   RO          291    i.z_serial_write    z_serial.o
    0x08007698   0x08007698   0x000000e0   Code   RO         1436    i.z_taskCreate      z_freertos.o
    0x08007778   0x08007778   0x00000018   Code   RO          824    i.z_tiny_test       test.o
    0x08007790   0x08007790   0x00000030   Code   RO          507    i.zt_printf         zos_service.o
    0x080077c0   0x080077c0   0x00000010   Code   RO          509    i.zt_strlen         zos_service.o
    0x080077d0   0x080077d0   0x00000298   Code   RO          510    i.zt_vsnprintf      zos_service.o
    0x08007a68   0x08007a68   0x00000022   Data   RO          512    .constdata          zos_service.o
    0x08007a8a   0x08007a8a   0x00000200   Data   RO         1210    .constdata          tinyframe.o
    0x08007c8a   0x08007c8a   0x00000002   PAD
    0x08007c8c   0x08007c8c   0x00000014   Data   RO         2616    .constdata          freertos.o
    0x08007ca0   0x08007ca0   0x00000010   Data   RO         5923    .constdata          system_stm32f1xx.o
    0x08007cb0   0x08007cb0   0x00000008   Data   RO         5924    .constdata          system_stm32f1xx.o
    0x08007cb8   0x08007cb8   0x00000081   Data   RO         7035    .constdata          mc_w.l(ctype_o.o)
    0x08007d39   0x08007d39   0x00000003   PAD
    0x08007d3c   0x08007d3c   0x00000004   Data   RO         7036    .constdata          mc_w.l(ctype_o.o)
    0x08007d40   0x08007d40   0x0000000f   Data   RO         1743    .conststring        z_sensor_ack.o
    0x08007d4f   0x08007d4f   0x00000001   PAD
    0x08007d50   0x08007d50   0x0000000c   Data   RO         2617    .conststring        freertos.o
    0x08007d5c   0x08007d5c   0x00000020   Data   RO         7423    Region$$Table       anon$$obj.o


    Execution Region RW_IRAM1 (Exec base: 0x20000000, Load base: 0x08007d7c, Size: 0x000046b0, Max: 0x0000c000, ABSOLUTE, COMPRESSED[0x0000004c])

    Exec Addr    Load Addr    Size         Type   Attr      Idx    E Section Name        Object

    0x20000000   COMPRESSED   0x00000028   Data   RW           24    .data               tdc_gp21.o
    0x20000028   COMPRESSED   0x00000010   Data   RW          217    .data               z_analog.o
    0x20000038   COMPRESSED   0x0000000c   Data   RW          293    .data               z_serial.o
    0x20000044   COMPRESSED   0x00000004   Data   RW          433    .data               tlc5618.o
    0x20000048   COMPRESSED   0x00000022   Data   RW          583    .data               z_lko3.o
    0x2000006a   COMPRESSED   0x00000002   PAD
    0x2000006c   COMPRESSED   0x00000010   Data   RW          827    .data               test.o
    0x2000007c   COMPRESSED   0x0000001e   Data   RW          829    .data               test.o
    0x2000009a   COMPRESSED   0x00000002   PAD
    0x2000009c   COMPRESSED   0x00000068   Data   RW         1439    .data               z_freertos.o
    0x20000104   COMPRESSED   0x00000010   Data   RW         1744    .data               z_sensor_ack.o
    0x20000114   COMPRESSED   0x00000004   Data   RW         2621    .data               freertos.o
    0x20000118   COMPRESSED   0x0000000c   Data   RW         5053    .data               stm32f1xx_hal.o
    0x20000124   COMPRESSED   0x00000004   Data   RW         5925    .data               system_stm32f1xx.o
    0x20000128   COMPRESSED   0x0000003c   Data   RW         6272    .data               tasks.o
    0x20000164   COMPRESSED   0x00000018   Data   RW         6892    .data               heap_4.o
    0x2000017c   COMPRESSED   0x0000000c   Data   RW         6955    .data               port.o
    0x20000188   COMPRESSED   0x00000004   Data   RW         7397    .data               mc_w.l(stdout.o)
    0x2000018c        -       0x0000000a   Zero   RW          216    .bss                z_analog.o
    0x20000196   COMPRESSED   0x00000002   PAD
    0x20000198        -       0x0000005c   Zero   RW          292    .bss                z_serial.o
    0x200001f4        -       0x00000100   Zero   RW          511    .bss                zos_service.o
    0x200002f4        -       0x00000058   Zero   RW          582    .bss                z_lko3.o
    0x2000034c        -       0x00000010   Zero   RW          671    .bss                z_flashparamsave.o
    0x2000035c        -       0x0000001e   Zero   RW          825    .bss                test.o
    0x2000037a   COMPRESSED   0x00000002   PAD
    0x2000037c        -       0x000009f8   Zero   RW          826    .bss                test.o
    0x20000d74        -       0x0000081c   Zero   RW         1438    .bss                z_freertos.o
    0x20001590        -       0x00000074   Zero   RW         2503    .bss                adc.o
    0x20001604        -       0x00000014   Zero   RW         2546    .bss                dac.o
    0x20001618        -       0x000000b0   Zero   RW         2656    .bss                spi.o
    0x200016c8        -       0x000000c0   Zero   RW         2706    .bss                tim.o
    0x20001788        -       0x00000084   Zero   RW         2763    .bss                usart.o
    0x2000180c        -       0x00000040   Zero   RW         2935    .bss                stm32f1xx_hal_timebase_tim.o
    0x2000184c   COMPRESSED   0x00000004   PAD
    0x20001850        -       0x00000020   Zero   RW         5747    .bss                stm32f1xx_hal_flash.o
    0x20001870        -       0x0000012c   Zero   RW         6271    .bss                tasks.o
    0x2000199c        -       0x00002710   Zero   RW         6891    .bss                heap_4.o
    0x200040ac   COMPRESSED   0x00000004   PAD
    0x200040b0        -       0x00000600   Zero   RW         7022    STACK               startup_stm32f103xe.o


==============================================================================

Image component sizes


      Code (inc. data)   RO Data    RW Data    ZI Data      Debug   Object Name

       236         30          0          0        116       1603   adc.o
        82          0          0          0          0      12441   cmsis_os.o
       148         22          0          0         20       1515   dac.o
        60          4          0          0          0        698   dma.o
         0          0          0          0          0       8028   event_groups.o
        56         10         32          4          0       1710   freertos.o
       356         24          0          0          0        975   gpio.o
       456         22          0         24      10000       7087   heap_4.o
       136          0          0          0          0       3254   list.o
       178          6          0          0          0       2369   main.o
         0          0          0          0          0       1472   mb.o
       606         72          0         12          0      10741   port.o
       900          8          0          0          0       9102   queue.o
        14          0          0          0          0        784   ringqueue.o
       316         40          0          0        176       2134   spi.o
        36          8        304          0       1536        748   startup_stm32f103xe.o
       100         18          0         12          0       5690   stm32f1xx_hal.o
      1422         58          0          0          0       9770   stm32f1xx_hal_adc.o
       202          6          0          0          0       1895   stm32f1xx_hal_adc_ex.o
       154         14          0          0          0      24886   stm32f1xx_hal_cortex.o
       106          0          0          0          0       1755   stm32f1xx_hal_dac.o
      1214         52          0          0          0       4870   stm32f1xx_hal_dma.o
       392         46          0          0         32       4546   stm32f1xx_hal_flash.o
       240         26          0          0          0       3157   stm32f1xx_hal_flash_ex.o
       522         48          0          0          0       3391   stm32f1xx_hal_gpio.o
        72         10          0          0          0        798   stm32f1xx_hal_msp.o
      1372        108          0          0          0       5685   stm32f1xx_hal_rcc.o
       448         44          0          0          0       2505   stm32f1xx_hal_rcc_ex.o
      1014          0          0          0          0       4749   stm32f1xx_hal_spi.o
       130          0          0          0          0       1019   stm32f1xx_hal_spi_ex.o
      1752         72          0          0          0      15235   stm32f1xx_hal_tim.o
        84          0          0          0          0       2238   stm32f1xx_hal_tim_ex.o
       116         18          0          0         64       1327   stm32f1xx_hal_timebase_tim.o
      1726         24          0          0          0      12923   stm32f1xx_hal_uart.o
       110         40          0          0          0       5675   stm32f1xx_it.o
        72         16         24          4          0       1091   system_stm32f1xx.o
      2260        200          0         60        300      22548   tasks.o
       754        110          0         40          0     524081   tdc_gp21.o
      1056        128          0         46       2582      33300   test.o
       632         58          0          0        192       3514   tim.o
      1904        316        512          0          0      13588   tinyframe.o
       102          8          0          4          0       2906   tlc5618.o
       232         28          0          0        132       1645   usart.o
         0          0          0          0          0       1848   utils.o
       168         20          0         16         10       2514   z_analog.o
       104         22          0          0         16       2200   z_flashparamsave.o
      2090        388          0        104       2076      23766   z_freertos.o
       804         92          0         34         88      11712   z_lko3.o
      1778        204         15         16          0      18550   z_sensor_ack.o
       392         70          0         12         92      29674   z_serial.o
      1082         22         34          0        256       7814   zos_service.o

    ----------------------------------------------------------------------
     28252       2512        956        392      17700     877526   Object Totals
         0          0         32          0          0          0   (incl. Generated)
        66          0          3          4         12          0   (incl. Padding)

    ----------------------------------------------------------------------

      Code (inc. data)   RO Data    RW Data    ZI Data      Debug   Library Member Name

        86          0          0          0          0          0   __dczerorl2.o
         8          4        133          0          0         68   ctype_o.o
         0          0          0          0          0          0   entry.o
         0          0          0          0          0          0   entry10a.o
         0          0          0          0          0          0   entry11a.o
         8          4          0          0          0          0   entry2.o
         4          0          0          0          0          0   entry5.o
         0          0          0          0          0          0   entry7b.o
         0          0          0          0          0          0   entry8b.o
         8          4          0          0          0          0   entry9a.o
        30          0          0          0          0          0   handlers.o
        36          8          0          0          0         68   init.o
         0          0          0          0          0          0   iusefp.o
        30          0          0          0          0         68   llshl.o
        32          0          0          0          0         68   llushr.o
        36          0          0          0          0         68   memcpya.o
        36          0          0          0          0        108   memseta.o
      1154         54          0          0          0        352   printf8.o
         0          0          0          4          0          0   stdout.o
        98          0          0          0          0         92   uldiv.o
        56          0          0          0          0         88   d2f.o
       186          0          0          0          0        176   depilogue.o
        26          0          0          0          0         76   dfltui.o
       228          0          0          0          0         96   dmul.o
        46          0          0          0          0         80   dscalb.o
        38          0          0          0          0         68   f2d.o
       176          0          0          0          0        140   fadd.o
       124          0          0          0          0         88   fdiv.o
       110          0          0          0          0        168   fepilogue.o
        50          0          0          0          0         68   ffixi.o
        40          0          0          0          0         68   ffixui.o
        18          0          0          0          0         68   fflti.o
        10          0          0          0          0         68   ffltui.o
       100          0          0          0          0         76   fmul.o

    ----------------------------------------------------------------------
      2780         74        136          4          0       2220   Library Totals
         6          0          3          0          0          0   (incl. Padding)

    ----------------------------------------------------------------------

      Code (inc. data)   RO Data    RW Data    ZI Data      Debug   Library Name

      1566         74        133          4          0        892   mc_w.l
      1208          0          0          0          0       1328   mf_w.l

    ----------------------------------------------------------------------
      2780         74        136          4          0       2220   Library Totals

    ----------------------------------------------------------------------

==============================================================================


      Code (inc. data)   RO Data    RW Data    ZI Data      Debug   

     31032       2586       1092        396      17700     860582   Grand Totals
     31032       2586       1092         76      17700     860582   ELF Image Totals (compressed)
     31032       2586       1092         76          0          0   ROM Totals

==============================================================================

    Total RO  Size (Code + RO Data)                32124 (  31.37kB)
    Total RW  Size (RW Data + ZI Data)             18096 (  17.67kB)
    Total ROM Size (Code + RO Data + RW Data)      32200 (  31.45kB)

==============================================================================

