<html>
<body>
<pre>
<h1>�Vision Build Log</h1>
<h2>Tool Versions:</h2>
IDE-Version: ��Vision V5.26.2.0
Copyright (C) 2018 ARM Ltd and ARM Germany GmbH. All rights reserved.
License Information: z zjk, zz, LIC=SDAJJ-UKSJU-JHB8C-7B3CF-8FH8K-27IBM
 
Tool Versions:
Toolchain:       MDK-ARM Plus  Version: 5.26.2.0
Toolchain Path:  C:\Keil_v5\ARM\ARMCC\Bin
C Compiler:      Armcc.exe V5.06 update 6 (build 750)
Assembler:       Armasm.exe V5.06 update 6 (build 750)
Linker/Locator:  ArmLink.exe V5.06 update 6 (build 750)
Library Manager: ArmAr.exe V5.06 update 6 (build 750)
Hex Converter:   FromElf.exe V5.06 update 6 (build 750)
CPU DLL:         SARMCM3.DLL V5.26.2.0
Dialog DLL:      DCM.DLL V1.17.2.0
Target DLL:      Segger\JL2CM3.dll V2.99.31.0
Dialog DLL:      TCM.DLL V1.36.1.0
 
<h2>Project:</h2>
E:\zjk_lk\work_zjk\z_lk03\lk03\MDK-ARM\lk03.uvprojx
Project File Date:  09/23/2019

<h2>Output:</h2>
*** Using Compiler 'V5.06 update 6 (build 750)', folder: 'C:\Keil_v5\ARM\ARMCC\Bin'
Build target 'lk03'
compiling z_analog.c...
compiling tlc5618.c...
..\zjk_src\z_sysos\z_include\zdebug.h(13): warning:  #1-D: last line of file ends without a newline
  #endif	// __ZDEBUG_H__
..\zjk_src\z_sysos\z_include\zdef.h(41): warning:  #1-D: last line of file ends without a newline
  #endif	// __ZDEF_H__
..\zjk_src\sensor\tlc5618.c: 2 warnings, 0 errors
compiling zos_service.c...
..\zjk_src\z_sysos\z_include\zdebug.h(13): warning:  #1-D: last line of file ends without a newline
  #endif	// __ZDEBUG_H__
..\zjk_src\z_sysos\z_include\zdef.h(41): warning:  #1-D: last line of file ends without a newline
  #endif	// __ZDEF_H__
..\zjk_src\z_sysos\z_include\zos_service.c(564): warning:  #1-D: last line of file ends without a newline
  }
..\zjk_src\z_sysos\z_include\zos_service.c: 3 warnings, 0 errors
compiling TDC_GP21.c...
..\zjk_src\hal\TDC_GP21.c(151): warning:  #550-D: variable "re_sult"  was set but never used
  	GP2XERROTYPE re_sult;
..\zjk_src\hal\TDC_GP21.c(177): warning:  #550-D: variable "re_sult"  was set but never used
    GP2XERROTYPE re_sult;
..\zjk_src\hal\TDC_GP21.c: 2 warnings, 0 errors
compiling z_serial.c...
compiling TinyFrame.c...
compiling utils.c...
compiling z_flashParamSave.c...
..\zjk_src\flash\z_flashParamSave.c(40): warning:  #223-D: function "memcpy" declared implicitly
  	  memcpy(buff,poitBuff,lens);  
..\zjk_src\flash\z_flashParamSave.c: 1 warning, 0 errors
compiling Connect_Format.c...
compiling z_lko3.c...
compiling test.c...
..\zjk_src\task\z_param.h(178): warning:  #1295-D: Deprecated declaration zTF_paramCfg_setDisBase_Ack - give arg types
  void zTF_paramCfg_setDisBase_Ack();
..\zjk_src\thinyFrame\demo\test.c: 1 warning, 0 errors
compiling mb.c...
compiling mbfunccoils.c...
compiling ringQueue.c...
compiling z_freeRtos.c...
..\zjk_src\task\z_param.h(178): warning:  #1295-D: Deprecated declaration zTF_paramCfg_setDisBase_Ack - give arg types
  void zTF_paramCfg_setDisBase_Ack();
..\zjk_src\z_sysos\z_include\zdebug.h(13): warning:  #1-D: last line of file ends without a newline
  #endif	// __ZDEBUG_H__
..\zjk_src\z_sysos\z_include\zdef.h(41): warning:  #1-D: last line of file ends without a newline
  #endif	// __ZDEF_H__
..\zjk_src\task\z_freeRtos.c(59): warning:  #1295-D: Deprecated declaration user_dispaly_enable - give arg types
  void user_dispaly_enable();/*用户信息输出显示使能*/
..\zjk_src\task\z_freeRtos.c(60): warning:  #1295-D: Deprecated declaration debug_display_enable - give arg types
  void debug_display_enable();/*调试信息输出使能*/
..\zjk_src\task\z_freeRtos.c(61): warning:  #1295-D: Deprecated declaration lk_protecl_enable - give arg types
  void lk_protecl_enable();/*协议信息输出使能*/
..\zjk_src\task\z_freeRtos.c(633): warning:  #188-D: enumerated type mixed with another type
  	return false;
..\zjk_src\task\z_freeRtos.c(754): warning:  #177-D: variable "r_dist"  was declared but never referenced
    static float l_dist=0,r_dist=0;
..\zjk_src\task\z_freeRtos.c(33): warning:  #177-D: variable "offset_dist"  was declared but never referenced
  static uint16_t offset_dist[3]={FIRST_OFFSET,SECOND_OFFSET,THIRD_OFFSET};
..\zjk_src\task\z_freeRtos.c: 9 warnings, 0 errors
compiling z_checksum.c...
compiling mbfuncdiag.c...
compiling mbfuncdisc.c...
compiling mbfuncholding.c...
compiling z_sensor_ack.c...
..\zjk_src\task\z_param.h(178): warning:  #1295-D: Deprecated declaration zTF_paramCfg_setDisBase_Ack - give arg types
  void zTF_paramCfg_setDisBase_Ack();
..\zjk_src\task\z_sensor_ack.c(413): warning:  #767-D: conversion from pointer to smaller integer
     uint8_t ctl_msg= (uint8_t) msg->data;
..\zjk_src\task\z_sensor_ack.c(440): warning:  #767-D: conversion from pointer to smaller integer
  	uint8_t ctl_msg= (uint8_t) msg->data;
..\zjk_src\task\z_sensor_ack.c(453): warning:  #767-D: conversion from pointer to smaller integer
  	uint8_t ctl_msg= (uint8_t) msg->data;
..\zjk_src\task\z_sensor_ack.c(466): warning:  #767-D: conversion from pointer to smaller integer
  	uint8_t ctl_msg= (uint8_t) msg->data;
..\zjk_src\task\z_sensor_ack.c(708): warning:  #1-D: last line of file ends without a newline
   
..\zjk_src\task\z_sensor_ack.c: 6 warnings, 0 errors
compiling mbutils.c...
compiling mbfuncinput.c...
compiling mbfuncother.c...
compiling mbcrc.c...
compiling portevent.c...
compiling mbrtu.c...
..\zjk_src\modbus\rtu\mbrtu.c(153): warning:  #550-D: variable "xFrameReceived"  was set but never used
      BOOL            xFrameReceived = FALSE;
..\zjk_src\modbus\rtu\mbrtu.c: 1 warning, 0 errors
compiling mdtask.c...
..\zjk_src\z_sysos\z_include\zdebug.h(13): warning:  #1-D: last line of file ends without a newline
  #endif	// __ZDEBUG_H__
..\zjk_src\z_sysos\z_include\zdef.h(41): warning:  #1-D: last line of file ends without a newline
  #endif	// __ZDEF_H__
..\zjk_src\modbus\task\mdtask.c(119): warning:  #940-D: missing return statement at end of non-void function "eMBRegInputCB" 
  }
..\zjk_src\modbus\task\mdtask.c(85): warning:  #177-D: variable "eStatus"  was declared but never referenced
      eMBErrorCode    eStatus = MB_ENOERR;
..\zjk_src\modbus\task\mdtask.c(275): warning:  #1-D: last line of file ends without a newline
  }
..\zjk_src\modbus\task\mdtask.c: 5 warnings, 0 errors
compiling gpio.c...
compiling portserial.c...
..\zjk_src\modbus\port\portserial.c(100): warning:  #177-D: function "prvvUARTTxReadyISR"  was declared but never referenced
  static void prvvUARTTxReadyISR( void )
..\zjk_src\modbus\port\portserial.c(110): warning:  #177-D: function "prvvUARTRxISR"  was declared but never referenced
  static void prvvUARTRxISR( void )
..\zjk_src\modbus\port\portserial.c: 2 warnings, 0 errors
compiling main.c...
compiling porttimer.c...
..\zjk_src\modbus\port\porttimer.c(81): warning:  #1-D: last line of file ends without a newline
  //}
..\zjk_src\modbus\port\porttimer.c(67): warning:  #177-D: function "prvvTIMERExpiredISR"  was declared but never referenced
  static void prvvTIMERExpiredISR( void )
..\zjk_src\modbus\port\porttimer.c: 2 warnings, 0 errors
compiling dac.c...
compiling dma.c...
compiling spi.c...
compiling adc.c...
compiling freertos.c...
compiling tim.c...
compiling usart.c...
compiling stm32f1xx_hal_msp.c...
compiling stm32f1xx_it.c...
compiling stm32f1xx_hal_timebase_tim.c...
compiling stm32f1xx_hal_gpio_ex.c...
compiling stm32f1xx_hal_dac_ex.c...
compiling stm32f1xx_hal_dac.c...
compiling stm32f1xx_hal_adc_ex.c...
compiling stm32f1xx_hal_adc.c...
compiling stm32f1xx_hal_spi_ex.c...
compiling stm32f1xx_hal_tim_ex.c...
compiling stm32f1xx_hal_uart.c...
compiling stm32f1xx_hal_spi.c...
compiling stm32f1xx_hal_tim.c...
compiling stm32f1xx_hal_rcc_ex.c...
compiling stm32f1xx_hal_rcc.c...
compiling stm32f1xx_hal_gpio.c...
compiling stm32f1xx_hal.c...
compiling stm32f1xx_hal_dma.c...
compiling stm32f1xx_hal_cortex.c...
compiling stm32f1xx_hal_pwr.c...
compiling stm32f1xx_hal_flash_ex.c...
compiling system_stm32f1xx.c...
compiling stm32f1xx_hal_flash.c...
compiling croutine.c...
compiling list.c...
compiling event_groups.c...
compiling queue.c...
compiling timers.c...
compiling tasks.c...
assembling startup_stm32f103xe.s...
compiling heap_4.c...
compiling port.c...
compiling cmsis_os.c...
linking...
Program Size: Code=31356 RO-data=1092 RW-data=396 ZI-data=17700  
FromELF: creating hex file...
After Build - User command #1: C:\Keil_v5\ARM\ARMCC\bin\fromelf.exe  --bin --output  ./bin/lk03.bin  ./lk03/lk03.axf
"lk03\lk03.axf" - 0 Error(s), 34 Warning(s).

<h2>Software Packages used:</h2>

Package Vendor: ARM
                http://www.keil.com/pack/ARM.CMSIS.5.4.0.pack
                ARM.CMSIS.5.4.0
                CMSIS (Cortex Microcontroller Software Interface Standard)
   * Component: CORE Version: 5.1.2

Package Vendor: Keil
                http://www.keil.com/pack/Keil.STM32F1xx_DFP.2.2.0.pack
                Keil.STM32F1xx_DFP.2.2.0
                STMicroelectronics STM32F1 Series Device Support, Drivers and Examples

<h2>Collection of Component include folders:</h2>
  .\RTE\_lk03
  C:\Keil_v5\ARM\PACK\ARM\CMSIS\5.4.0\CMSIS\Core\Include
  C:\Keil_v5\ARM\PACK\Keil\STM32F1xx_DFP\2.2.0\Device\Include

<h2>Collection of Component Files used:</h2>

   * Component: ARM::CMSIS:CORE:5.1.2
Build Time Elapsed:  00:00:34
</pre>
</body>
</html>
