Component: ARM Compiler 5.06 update 6 (build 750) Tool: armlink [4d35ed]

==============================================================================

Section Cross References

    startup_stm32f103xe.o(RESET) refers to startup_stm32f103xe.o(STACK) for __initial_sp
    startup_stm32f103xe.o(RESET) refers to startup_stm32f103xe.o(.text) for Reset_Handler
    startup_stm32f103xe.o(RESET) refers to stm32f1xx_it.o(i.NMI_Handler) for NMI_Handler
    startup_stm32f103xe.o(RESET) refers to stm32f1xx_it.o(i.HardFault_Handler) for HardFault_Handler
    startup_stm32f103xe.o(RESET) refers to stm32f1xx_it.o(i.MemManage_Handler) for MemManage_Handler
    startup_stm32f103xe.o(RESET) refers to stm32f1xx_it.o(i.BusFault_Handler) for BusFault_Handler
    startup_stm32f103xe.o(RESET) refers to stm32f1xx_it.o(i.UsageFault_Handler) for UsageFault_Handler
    startup_stm32f103xe.o(RESET) refers to port.o(.emb_text) for SVC_Handler
    startup_stm32f103xe.o(RESET) refers to stm32f1xx_it.o(i.DebugMon_Handler) for DebugMon_Handler
    startup_stm32f103xe.o(RESET) refers to port.o(i.SysTick_Handler) for SysTick_Handler
    startup_stm32f103xe.o(RESET) refers to stm32f1xx_it.o(i.EXTI4_IRQHandler) for EXTI4_IRQHandler
    startup_stm32f103xe.o(RESET) refers to stm32f1xx_it.o(i.DMA1_Channel1_IRQHandler) for DMA1_Channel1_IRQHandler
    startup_stm32f103xe.o(RESET) refers to stm32f1xx_it.o(i.DMA1_Channel5_IRQHandler) for DMA1_Channel5_IRQHandler
    startup_stm32f103xe.o(RESET) refers to stm32f1xx_it.o(i.ADC1_2_IRQHandler) for ADC1_2_IRQHandler
    startup_stm32f103xe.o(RESET) refers to stm32f1xx_it.o(i.TIM1_UP_IRQHandler) for TIM1_UP_IRQHandler
    startup_stm32f103xe.o(RESET) refers to stm32f1xx_it.o(i.TIM3_IRQHandler) for TIM3_IRQHandler
    startup_stm32f103xe.o(RESET) refers to stm32f1xx_it.o(i.USART1_IRQHandler) for USART1_IRQHandler
    startup_stm32f103xe.o(.text) refers to system_stm32f1xx.o(i.SystemInit) for SystemInit
    startup_stm32f103xe.o(.text) refers to entry.o(.ARM.Collect$$$$00000000) for __main
    tdc_gp21.o(i.GP21_Init) refers to stm32f1xx_hal_gpio.o(i.HAL_GPIO_WritePin) for HAL_GPIO_WritePin
    tdc_gp21.o(i.GP21_Init) refers to stm32f1xx_hal.o(i.HAL_Delay) for HAL_Delay
    tdc_gp21.o(i.get_gp21_statu) refers to tdc_gp21.o(i.gp21_read_dword) for gp21_read_dword
    tdc_gp21.o(i.gp21_defaultcofg) refers to tdc_gp21.o(i.gp21_write_cfg) for gp21_write_cfg
    tdc_gp21.o(i.gp21_defaultcofg) refers to stm32f1xx_hal.o(i.HAL_Delay) for HAL_Delay
    tdc_gp21.o(i.gp21_defaultcofg) refers to tdc_gp21.o(i.gp21_get_id) for gp21_get_id
    tdc_gp21.o(i.gp21_defaultcofg) refers to tdc_gp21.o(.data) for .data
    tdc_gp21.o(i.gp21_get_id) refers to stm32f1xx_hal_gpio.o(i.HAL_GPIO_WritePin) for HAL_GPIO_WritePin
    tdc_gp21.o(i.gp21_get_id) refers to stm32f1xx_hal_spi.o(i.HAL_SPI_TransmitReceive) for HAL_SPI_TransmitReceive
    tdc_gp21.o(i.gp21_get_id) refers to tdc_gp21.o(.data) for .data
    tdc_gp21.o(i.gp21_get_reg1Highbyte) refers to tdc_gp21.o(i.gp21_write_cfg) for gp21_write_cfg
    tdc_gp21.o(i.gp21_get_reg1Highbyte) refers to stm32f1xx_hal_gpio.o(i.HAL_GPIO_WritePin) for HAL_GPIO_WritePin
    tdc_gp21.o(i.gp21_get_reg1Highbyte) refers to stm32f1xx_hal_spi.o(i.HAL_SPI_TransmitReceive) for HAL_SPI_TransmitReceive
    tdc_gp21.o(i.gp21_get_reg1Highbyte) refers to tdc_gp21.o(.data) for .data
    tdc_gp21.o(i.gp21_hard_rst) refers to stm32f1xx_hal_gpio.o(i.HAL_GPIO_WritePin) for HAL_GPIO_WritePin
    tdc_gp21.o(i.gp21_hard_rst) refers to stm32f1xx_hal.o(i.HAL_Delay) for HAL_Delay
    tdc_gp21.o(i.gp21_read_diatance) refers to tdc_gp21.o(i.gp21_read_dword) for gp21_read_dword
    tdc_gp21.o(i.gp21_read_dword) refers to stm32f1xx_hal_gpio.o(i.HAL_GPIO_WritePin) for HAL_GPIO_WritePin
    tdc_gp21.o(i.gp21_read_dword) refers to stm32f1xx_hal_spi.o(i.HAL_SPI_TransmitReceive) for HAL_SPI_TransmitReceive
    tdc_gp21.o(i.gp21_read_dword) refers to tdc_gp21.o(.data) for .data
    tdc_gp21.o(i.gp21_startOneSignal) refers to tdc_gp21.o(.data) for .data
    tdc_gp21.o(i.gp21_write) refers to stm32f1xx_hal_gpio.o(i.HAL_GPIO_WritePin) for HAL_GPIO_WritePin
    tdc_gp21.o(i.gp21_write) refers to stm32f1xx_hal_spi.o(i.HAL_SPI_Transmit) for HAL_SPI_Transmit
    tdc_gp21.o(i.gp21_write) refers to tdc_gp21.o(.data) for .data
    tdc_gp21.o(i.gp21_write_cfg) refers to stm32f1xx_hal_gpio.o(i.HAL_GPIO_WritePin) for HAL_GPIO_WritePin
    tdc_gp21.o(i.gp21_write_cfg) refers to stm32f1xx_hal_spi.o(i.HAL_SPI_Transmit) for HAL_SPI_Transmit
    tdc_gp21.o(i.gp21_write_cfg) refers to tdc_gp21.o(.data) for .data
    tdc_gp21.o(.data) refers to spi.o(.bss) for hspi2
    z_analog.o(i.Get_AnalogDMA_Value) refers to z_analog.o(.data) for .data
    z_analog.o(i.HAL_ADC_ConvCpltCallback) refers to stm32f1xx_hal_adc.o(i.HAL_ADC_Stop_DMA) for HAL_ADC_Stop_DMA
    z_analog.o(i.HAL_ADC_ConvCpltCallback) refers to z_analog.o(i.z_analog_covertDMA) for z_analog_covertDMA
    z_analog.o(i.HAL_ADC_ConvCpltCallback) refers to z_analog.o(.data) for .data
[...]
    xHandleSerial                            0x2000010c   Data           4  z_freertos.o(.data)
    xHandleSerialDriver                      0x20000114   Data           4  z_freertos.o(.data)
    xHandleSensorParam                       0x20000118   Data           4  z_freertos.o(.data)
    .data                                    0x2000012c   Section        4  stdout.o(.data)
    .bss                                     0x20000130   Section       20  z_analog.o(.bss)
    .bss                                     0x20000144   Section       92  z_serial.o(.bss)
    .bss                                     0x200001a0   Section       68  z_lko3.o(.bss)
    .bss                                     0x200001e4   Section       16  z_flashparamsave.o(.bss)
    .bss                                     0x200001f4   Section      116  adc.o(.bss)
    .bss                                     0x20000268   Section      176  spi.o(.bss)
    .bss                                     0x20000318   Section      128  tim.o(.bss)
    .bss                                     0x20000398   Section      132  usart.o(.bss)
    .bss                                     0x2000041c   Section       64  stm32f1xx_hal_timebase_tim.o(.bss)
    .bss                                     0x20000460   Section       32  stm32f1xx_hal_flash.o(.bss)
    .bss                                     0x20000480   Section      300  tasks.o(.bss)
    pxReadyTasksLists                        0x20000480   Data         200  tasks.o(.bss)
    xDelayedTaskList1                        0x20000548   Data          20  tasks.o(.bss)
    xDelayedTaskList2                        0x2000055c   Data          20  tasks.o(.bss)
    xPendingReadyList                        0x20000570   Data          20  tasks.o(.bss)
    xTasksWaitingTermination                 0x20000584   Data          20  tasks.o(.bss)
    xSuspendedTaskList                       0x20000598   Data          20  tasks.o(.bss)
    .bss                                     0x200005ac   Section     6000  heap_4.o(.bss)
    ucHeap                                   0x200005ac   Data        6000  heap_4.o(.bss)
    .bss                                     0x20001d1c   Section       12  test.o(.bss)
    .bss                                     0x20001d28   Section     2392  test.o(.bss)
    STACK                                    0x20002680   Section     1024  startup_stm32f103xe.o(STACK)

    Global Symbols

    Symbol Name                              Value     Ov Type        Size  Object(Section)

    BuildAttributes$$THM_ISAv4$P$D$K$B$S$PE$A:L22UL41UL21$X:L11$S22US41US21$IEEE1$IW$USESV6$~STKCKD$USESV7$~SHL$OTIME$ROPI$EBA8$MICROLIB$REQ8$PRES8$EABIv2 0x00000000   Number         0  anon$$obj.o ABSOLUTE
    __ARM_use_no_argv                        0x00000000   Number         0  main.o ABSOLUTE
    _printf_a                                0x00000000   Number         0  stubs.o ABSOLUTE
    _printf_c                                0x00000000   Number         0  stubs.o ABSOLUTE
    _printf_charcount                        0x00000000   Number         0  stubs.o ABSOLUTE
    _printf_d                                0x00000000   Number         0  stubs.o ABSOLUTE
    _printf_e                                0x00000000   Number         0  stubs.o ABSOLUTE
    _printf_f                                0x00000000   Number         0  stubs.o ABSOLUTE
    _printf_flags                            0x00000000   Number         0  stubs.o ABSOLUTE
    _printf_fp_dec                           0x00000000   Number         0  stubs.o ABSOLUTE
    _printf_fp_hex                           0x00000000   Number         0  stubs.o ABSOLUTE
    _printf_g                                0x00000000   Number         0  stubs.o ABSOLUTE
    _printf_i                                0x00000000   Number         0  stubs.o ABSOLUTE
    _printf_int_dec                          0x00000000   Number         0  stubs.o ABSOLUTE
    _printf_l                                0x00000000   Number         0  stubs.o ABSOLUTE
    _printf_lc                               0x00000000   Number         0  stubs.o ABSOLUTE
    _printf_ll                               0x00000000   Number         0  stubs.o ABSOLUTE
    _printf_lld                              0x00000000   Number         0  stubs.o ABSOLUTE
    _printf_lli                              0x00000000   Number         0  stubs.o ABSOLUTE
    _printf_llo                              0x00000000   Number         0  stubs.o ABSOLUTE
    _printf_llu                              0x00000000   Number         0  stubs.o ABSOLUTE
    _printf_llx                              0x00000000   Number         0  stubs.o ABSOLUTE
    _printf_longlong_dec                     0x00000000   Number         0  stubs.o ABSOLUTE
    _printf_longlong_hex                     0x00000000   Number         0  stubs.o ABSOLUTE
    _printf_longlong_oct                     0x00000000   Number         0  stubs.o ABSOLUTE
    _printf_ls                               0x00000000   Number         0  stubs.o ABSOLUTE
    _printf_mbtowc                           0x00000000   Number         0  stubs.o ABSOLUTE
    _printf_n                                0x00000000   Number         0  stubs.o ABSOLUTE
    _printf_o                                0x00000000   Number         0  stubs.o ABSOLUTE
    _printf_p                                0x00000000   Number         0  stubs.o ABSOLUTE
    _printf_percent                          0x00000000   Number         0  stubs.o ABSOLUTE
    _printf_pre_padding                      0x00000000   Number         0  stubs.o ABSOLUTE
    _printf_return_value                     0x00000000   Number         0  stubs.o ABSOLUTE
    _printf_s                                0x00000000   Number         0  stubs.o ABSOLUTE
    _printf_sizespec                         0x00000000   Number         0  stubs.o ABSOLUTE
    _printf_str                              0x00000000   Number         0  stubs.o ABSOLUTE
    _printf_truncate_signed                  0x00000000   Number         0  stubs.o ABSOLUTE
    _printf_truncate_unsigned                0x00000000   Number         0  stubs.o ABSOLUTE
    _printf_u                                0x00000000   Number         0  stubs.o ABSOLUTE
    _printf_wc                               0x00000000   Number         0  stubs.o ABSOLUTE
    _printf_wctomb                           0x00000000   Number         0  stubs.o ABSOLUTE
    _printf_widthprec                        0x00000000   Number         0  stubs.o ABSOLUTE
    _printf_x                                0x00000000   Number         0  stubs.o ABSOLUTE
    __cpp_initialize__aeabi_                  - Undefined Weak Reference
    __cxa_finalize                            - Undefined Weak Reference
    _clock_init                               - Undefined Weak Reference
    _microlib_exit                            - Undefined Weak Reference
    __Vectors_Size                           0x00000130   Number         0  startup_stm32f103xe.o ABSOLUTE
    __Vectors                                0x08000000   Data           4  startup_stm32f103xe.o(RESET)
    __Vectors_End                            0x08000130   Data           0  startup_stm32f103xe.o(RESET)
    __main                                   0x08000131   Thumb Code     0  entry.o(.ARM.Collect$$$$00000000)
    _main_stk                                0x08000131   Thumb Code     0  entry2.o(.ARM.Collect$$$$00000001)
    _main_scatterload                        0x08000135   Thumb Code     0  entry5.o(.ARM.Collect$$$$00000004)
    __main_after_scatterload                 0x08000139   Thumb Code     0  entry5.o(.ARM.Collect$$$$00000004)
    _main_clock                              0x08000139   Thumb Code     0  entry7b.o(.ARM.Collect$$$$00000008)
    _main_cpp_init                           0x08000139   Thumb Code     0  entry8b.o(.ARM.Collect$$$$0000000A)
    _main_init                               0x08000139   Thumb Code     0  entry9a.o(.ARM.Collect$$$$0000000B)
    __rt_final_cpp                           0x08000141   Thumb Code     0  entry10a.o(.ARM.Collect$$$$0000000D)
    __rt_final_exit                          0x08000141   Thumb Code     0  entry11a.o(.ARM.Collect$$$$0000000F)
    SVC_Handler                              0x08000145   Thumb Code    32  port.o(.emb_text)
    __asm___6_port_c_39a90d8d__prvStartFirstTask 0x08000169   Thumb Code    28  port.o(.emb_text)
    PendSV_Handler                           0x08000189   Thumb Code    72  port.o(.emb_text)
    vPortGetIPSR                             0x080001d5   Thumb Code     6  port.o(.emb_text)
    Reset_Handler                            0x080001dd   Thumb Code     8  startup_stm32f103xe.o(.text)
    ADC3_IRQHandler                          0x080001f7   Thumb Code     0  startup_stm32f103xe.o(.text)
    CAN1_RX1_IRQHandler                      0x080001f7   Thumb Code     0  startup_stm32f103xe.o(.text)
    CAN1_SCE_IRQHandler                      0x080001f7   Thumb Code     0  startup_stm32f103xe.o(.text)
    DMA1_Channel2_IRQHandler                 0x080001f7   Thumb Code     0  startup_stm32f103xe.o(.text)
    DMA1_Channel3_IRQHandler                 0x080001f7   Thumb Code     0  startup_stm32f103xe.o(.text)
    DMA1_Channel4_IRQHandler                 0x080001f7   Thumb Code     0  startup_stm32f103xe.o(.text)
    DMA1_Channel6_IRQHandler                 0x080001f7   Thumb Code     0  startup_stm32f103xe.o(.text)
    DMA1_Channel7_IRQHandler                 0x080001f7   Thumb Code     0  startup_stm32f103xe.o(.text)
    DMA2_Channel1_IRQHandler                 0x080001f7   Thumb Code     0  startup_stm32f103xe.o(.text)
    DMA2_Channel2_IRQHandler                 0x080001f7   Thumb Code     0  startup_stm32f103xe.o(.text)
    DMA2_Channel3_IRQHandler                 0x080001f7   Thumb Code     0  startup_stm32f103xe.o(.text)
    DMA2_Channel4_5_IRQHandler               0x080001f7   Thumb Code     0  startup_stm32f103xe.o(.text)
    EXTI0_IRQHandler                         0x080001f7   Thumb Code     0  startup_stm32f103xe.o(.text)
    EXTI15_10_IRQHandler                     0x080001f7   Thumb Code     0  startup_stm32f103xe.o(.text)
    EXTI1_IRQHandler                         0x080001f7   Thumb Code     0  startup_stm32f103xe.o(.text)
    EXTI2_IRQHandler                         0x080001f7   Thumb Code     0  startup_stm32f103xe.o(.text)
    EXTI3_IRQHandler                         0x080001f7   Thumb Code     0  startup_stm32f103xe.o(.text)
    EXTI9_5_IRQHandler                       0x080001f7   Thumb Code     0  startup_stm32f103xe.o(.text)
    FLASH_IRQHandler                         0x080001f7   Thumb Code     0  startup_stm32f103xe.o(.text)
    FSMC_IRQHandler                          0x080001f7   Thumb Code     0  startup_stm32f103xe.o(.text)
    I2C1_ER_IRQHandler                       0x080001f7   Thumb Code     0  startup_stm32f103xe.o(.text)
    I2C1_EV_IRQHandler                       0x080001f7   Thumb Code     0  startup_stm32f103xe.o(.text)
    I2C2_ER_IRQHandler                       0x080001f7   Thumb Code     0  startup_stm32f103xe.o(.text)
    I2C2_EV_IRQHandler                       0x080001f7   Thumb Code     0  startup_stm32f103xe.o(.text)
    PVD_IRQHandler                           0x080001f7   Thumb Code     0  startup_stm32f103xe.o(.text)
    RCC_IRQHandler                           0x080001f7   Thumb Code     0  startup_stm32f103xe.o(.text)
    RTC_Alarm_IRQHandler                     0x080001f7   Thumb Code     0  startup_stm32f103xe.o(.text)
    RTC_IRQHandler                           0x080001f7   Thumb Code     0  startup_stm32f103xe.o(.text)
    SDIO_IRQHandler                          0x080001f7   Thumb Code     0  startup_stm32f103xe.o(.text)
    SPI1_IRQHandler                          0x080001f7   Thumb Code     0  startup_stm32f103xe.o(.text)
    SPI2_IRQHandler                          0x080001f7   Thumb Code     0  startup_stm32f103xe.o(.text)
    SPI3_IRQHandler                          0x080001f7   Thumb Code     0  startup_stm32f103xe.o(.text)
    TAMPER_IRQHandler                        0x080001f7   Thumb Code     0  startup_stm32f103xe.o(.text)
    TIM1_BRK_IRQHandler                      0x080001f7   Thumb Code     0  startup_stm32f103xe.o(.text)
    TIM1_CC_IRQHandler                       0x080001f7   Thumb Code     0  startup_stm32f103xe.o(.text)
    TIM1_TRG_COM_IRQHandler                  0x080001f7   Thumb Code     0  startup_stm32f103xe.o(.text)
    TIM2_IRQHandler                          0x080001f7   Thumb Code     0  startup_stm32f103xe.o(.text)
    TIM4_IRQHandler                          0x080001f7   Thumb Code     0  startup_stm32f103xe.o(.text)
    TIM5_IRQHandler                          0x080001f7   Thumb Code     0  startup_stm32f103xe.o(.text)
    TIM6_IRQHandler                          0x080001f7   Thumb Code     0  startup_stm32f103xe.o(.text)
    TIM7_IRQHandler                          0x080001f7   Thumb Code     0  startup_stm32f103xe.o(.text)
    TIM8_BRK_IRQHandler                      0x080001f7   Thumb Code     0  startup_stm32f103xe.o(.text)
    TIM8_CC_IRQHandler                       0x080001f7   Thumb Code     0  startup_stm32f103xe.o(.text)
    TIM8_TRG_COM_IRQHandler                  0x080001f7   Thumb Code     0  startup_stm32f103xe.o(.text)
    TIM8_UP_IRQHandler                       0x080001f7   Thumb Code     0  startup_stm32f103xe.o(.text)
    UART4_IRQHandler                         0x080001f7   Thumb Code     0  startup_stm32f103xe.o(.text)
    UART5_IRQHandler                         0x080001f7   Thumb Code     0  startup_stm32f103xe.o(.text)
    USART2_IRQHandler                        0x080001f7   Thumb Code     0  startup_stm32f103xe.o(.text)
    USART3_IRQHandler                        0x080001f7   Thumb Code     0  startup_stm32f103xe.o(.text)
    USBWakeUp_IRQHandler                     0x080001f7   Thumb Code     0  startup_stm32f103xe.o(.text)
    USB_HP_CAN1_TX_IRQHandler                0x080001f7   Thumb Code     0  startup_stm32f103xe.o(.text)
    USB_LP_CAN1_RX0_IRQHandler               0x080001f7   Thumb Code     0  startup_stm32f103xe.o(.text)
    WWDG_IRQHandler                          0x080001f7   Thumb Code     0  startup_stm32f103xe.o(.text)
    __aeabi_llsr                             0x08000201   Thumb Code    32  llushr.o(.text)
    _ll_ushift_r                             0x08000201   Thumb Code     0  llushr.o(.text)
    __aeabi_memcpy                           0x08000221   Thumb Code    36  memcpya.o(.text)
    __aeabi_memcpy4                          0x08000221   Thumb Code     0  memcpya.o(.text)
    __aeabi_memcpy8                          0x08000221   Thumb Code     0  memcpya.o(.text)
    __aeabi_memset                           0x08000245   Thumb Code    14  memseta.o(.text)
    __aeabi_memset4                          0x08000245   Thumb Code     0  memseta.o(.text)
    __aeabi_memset8                          0x08000245   Thumb Code     0  memseta.o(.text)
    __aeabi_memclr                           0x08000253   Thumb Code     4  memseta.o(.text)
    __aeabi_memclr4                          0x08000253   Thumb Code     0  memseta.o(.text)
    __aeabi_memclr8                          0x08000253   Thumb Code     0  memseta.o(.text)
    _memset$wrapper                          0x08000257   Thumb Code    18  memseta.o(.text)
    __aeabi_fadd                             0x08000269   Thumb Code   164  fadd.o(.text)
    __aeabi_fsub                             0x0800030d   Thumb Code     6  fadd.o(.text)
    __aeabi_frsub                            0x08000313   Thumb Code     6  fadd.o(.text)
    __aeabi_fmul                             0x08000319   Thumb Code   100  fmul.o(.text)
    __aeabi_fdiv                             0x0800037d   Thumb Code   124  fdiv.o(.text)
    __ARM_scalbnf                            0x080003f9   Thumb Code    24  fscalb.o(.text)
    scalbnf                                  0x080003f9   Thumb Code     0  fscalb.o(.text)
    __aeabi_dadd                             0x08000411   Thumb Code   322  dadd.o(.text)
    __aeabi_dsub                             0x08000553   Thumb Code     6  dadd.o(.text)
    __aeabi_drsub                            0x08000559   Thumb Code     6  dadd.o(.text)
    __aeabi_dmul                             0x0800055f   Thumb Code   228  dmul.o(.text)
    __ARM_scalbn                             0x08000643   Thumb Code    46  dscalb.o(.text)
    scalbn                                   0x08000643   Thumb Code     0  dscalb.o(.text)
    __aeabi_i2f                              0x08000671   Thumb Code    18  fflti.o(.text)
    __aeabi_ui2f                             0x08000683   Thumb Code    10  ffltui.o(.text)
    __aeabi_i2d                              0x0800068d   Thumb Code    34  dflti.o(.text)
    __aeabi_f2iz                             0x080006af   Thumb Code    50  ffixi.o(.text)
    __aeabi_f2uiz                            0x080006e1   Thumb Code    40  ffixui.o(.text)
    __aeabi_f2d                              0x08000709   Thumb Code    38  f2d.o(.text)
    __aeabi_d2f                              0x0800072f   Thumb Code    56  d2f.o(.text)
    __aeabi_uldivmod                         0x08000767   Thumb Code    98  uldiv.o(.text)
    __aeabi_llsl                             0x080007c9   Thumb Code    30  llshl.o(.text)
    _ll_shift_l                              0x080007c9   Thumb Code     0  llshl.o(.text)
    __aeabi_lasr                             0x080007e7   Thumb Code    36  llsshr.o(.text)
    _ll_sshift_r                             0x080007e7   Thumb Code     0  llsshr.o(.text)
    __I$use$fp                               0x0800080b   Thumb Code     0  iusefp.o(.text)
    _float_round                             0x0800080b   Thumb Code    18  fepilogue.o(.text)
    _float_epilogue                          0x0800081d   Thumb Code    92  fepilogue.o(.text)
    _double_round                            0x08000879   Thumb Code    30  depilogue.o(.text)
    _double_epilogue                         0x08000897   Thumb Code   156  depilogue.o(.text)
    __scatterload                            0x08000935   Thumb Code    28  init.o(.text)
    __scatterload_rt2                        0x08000935   Thumb Code     0  init.o(.text)
    __decompress                             0x08000959   Thumb Code     0  __dczerorl2.o(.text)
    __decompress1                            0x08000959   Thumb Code    86  __dczerorl2.o(.text)
    ADC1_2_IRQHandler                        0x080009b1   Thumb Code     6  stm32f1xx_it.o(i.ADC1_2_IRQHandler)
    ADC_ConversionStop_Disable               0x080009bd   Thumb Code    76  stm32f1xx_hal_adc.o(i.ADC_ConversionStop_Disable)
    ADC_DMAConvCplt                          0x08000a09   Thumb Code    78  stm32f1xx_hal_adc.o(i.ADC_DMAConvCplt)
    ADC_DMAError                             0x08000a57   Thumb Code    26  stm32f1xx_hal_adc.o(i.ADC_DMAError)
    ADC_DMAHalfConvCplt                      0x08000a71   Thumb Code    10  stm32f1xx_hal_adc.o(i.ADC_DMAHalfConvCplt)
    ADC_Enable                               0x08000a7d   Thumb Code   104  stm32f1xx_hal_adc.o(i.ADC_Enable)
    BusFault_Handler                         0x08000aed   Thumb Code     2  stm32f1xx_it.o(i.BusFault_Handler)
    DMA1_Channel1_IRQHandler                 0x08000af1   Thumb Code     6  stm32f1xx_it.o(i.DMA1_Channel1_IRQHandler)
    DMA1_Channel5_IRQHandler                 0x08000afd   Thumb Code     6  stm32f1xx_it.o(i.DMA1_Channel5_IRQHandler)
    DebugMon_Handler                         0x08000b33   Thumb Code     2  stm32f1xx_it.o(i.DebugMon_Handler)
    EXTI4_IRQHandler                         0x08000b35   Thumb Code     6  stm32f1xx_it.o(i.EXTI4_IRQHandler)
    Error_Handler                            0x08000b3b   Thumb Code     2  main.o(i.Error_Handler)
    FLASH_PageErase                          0x08000b61   Thumb Code    28  stm32f1xx_hal_flash_ex.o(i.FLASH_PageErase)
    FLASH_WaitForLastOperation               0x08000bfd   Thumb Code    80  stm32f1xx_hal_flash.o(i.FLASH_WaitForLastOperation)
    GP21_Init                                0x08000c51   Thumb Code    76  tdc_gp21.o(i.GP21_Init)
    GetRevBytes                              0x08000ca5   Thumb Code    20  z_serial.o(i.GetRevBytes)
    Gp21TrigTask                             0x08000cbd   Thumb Code    80  z_freertos.o(i.Gp21TrigTask)
    HAL_ADCEx_Calibration_Start              0x08000d15   Thumb Code   194  stm32f1xx_hal_adc_ex.o(i.HAL_ADCEx_Calibration_Start)
    HAL_ADCEx_InjectedConvCpltCallback       0x08000ddd   Thumb Code     2  stm32f1xx_hal_adc_ex.o(i.HAL_ADCEx_InjectedConvCpltCallback)
    HAL_ADC_ConfigChannel                    0x08000de1   Thumb Code   240  stm32f1xx_hal_adc.o(i.HAL_ADC_ConfigChannel)
    HAL_ADC_ConvCpltCallback                 0x08000edd   Thumb Code    22  z_analog.o(i.HAL_ADC_ConvCpltCallback)
    HAL_ADC_ConvHalfCpltCallback             0x08000ef9   Thumb Code     2  stm32f1xx_hal_adc.o(i.HAL_ADC_ConvHalfCpltCallback)
    HAL_ADC_ErrorCallback                    0x08000efb   Thumb Code     2  stm32f1xx_hal_adc.o(i.HAL_ADC_ErrorCallback)
    HAL_ADC_IRQHandler                       0x08000efd   Thumb Code   230  stm32f1xx_hal_adc.o(i.HAL_ADC_IRQHandler)
    HAL_ADC_Init                             0x08000fe5   Thumb Code   272  stm32f1xx_hal_adc.o(i.HAL_ADC_Init)
    HAL_ADC_LevelOutOfWindowCallback         0x08001105   Thumb Code     2  stm32f1xx_hal_adc.o(i.HAL_ADC_LevelOutOfWindowCallback)
    HAL_ADC_MspInit                          0x08001109   Thumb Code   136  adc.o(i.HAL_ADC_MspInit)
    HAL_ADC_Start_DMA                        0x080011a5   Thumb Code   246  stm32f1xx_hal_adc.o(i.HAL_ADC_Start_DMA)
    HAL_ADC_Stop_DMA                         0x080012b1   Thumb Code    76  stm32f1xx_hal_adc.o(i.HAL_ADC_Stop_DMA)
    HAL_DMA_Abort                            0x080012fd   Thumb Code    48  stm32f1xx_hal_dma.o(i.HAL_DMA_Abort)
    HAL_DMA_Abort_IT                         0x0800132d   Thumb Code   296  stm32f1xx_hal_dma.o(i.HAL_DMA_Abort_IT)
    HAL_DMA_IRQHandler                       0x0800145d   Thumb Code   552  stm32f1xx_hal_dma.o(i.HAL_DMA_IRQHandler)
    HAL_DMA_Init                             0x080016a5   Thumb Code   112  stm32f1xx_hal_dma.o(i.HAL_DMA_Init)
    HAL_DMA_Start_IT                         0x08001721   Thumb Code   112  stm32f1xx_hal_dma.o(i.HAL_DMA_Start_IT)
    HAL_Delay                                0x08001791   Thumb Code    32  stm32f1xx_hal.o(i.HAL_Delay)
    HAL_FLASHEx_Erase                        0x080017b5   Thumb Code   160  stm32f1xx_hal_flash_ex.o(i.HAL_FLASHEx_Erase)
    HAL_FLASH_Lock                           0x0800185d   Thumb Code    14  stm32f1xx_hal_flash.o(i.HAL_FLASH_Lock)
    HAL_FLASH_Program                        0x08001871   Thumb Code   120  stm32f1xx_hal_flash.o(i.HAL_FLASH_Program)
    HAL_FLASH_Unlock                         0x080018f1   Thumb Code    28  stm32f1xx_hal_flash.o(i.HAL_FLASH_Unlock)
    HAL_GPIO_EXTI_Callback                   0x08001919   Thumb Code   118  z_freertos.o(i.HAL_GPIO_EXTI_Callback)
    HAL_GPIO_EXTI_IRQHandler                 0x08001999   Thumb Code    18  stm32f1xx_hal_gpio.o(i.HAL_GPIO_EXTI_IRQHandler)
    HAL_GPIO_Init                            0x080019b1   Thumb Code   446  stm32f1xx_hal_gpio.o(i.HAL_GPIO_Init)
    HAL_GPIO_WritePin                        0x08001b99   Thumb Code    10  stm32f1xx_hal_gpio.o(i.HAL_GPIO_WritePin)
    HAL_GetTick                              0x08001ba5   Thumb Code     6  stm32f1xx_hal.o(i.HAL_GetTick)
    HAL_IncTick                              0x08001bb1   Thumb Code    12  stm32f1xx_hal.o(i.HAL_IncTick)
    HAL_Init                                 0x08001bc1   Thumb Code    32  stm32f1xx_hal.o(i.HAL_Init)
    HAL_InitTick                             0x08001be5   Thumb Code    98  stm32f1xx_hal_timebase_tim.o(i.HAL_InitTick)
    HAL_MspInit                              0x08001c59   Thumb Code    62  stm32f1xx_hal_msp.o(i.HAL_MspInit)
    HAL_NVIC_EnableIRQ                       0x08001ca1   Thumb Code    22  stm32f1xx_hal_cortex.o(i.HAL_NVIC_EnableIRQ)
    HAL_NVIC_SetPriority                     0x08001cb9   Thumb Code    60  stm32f1xx_hal_cortex.o(i.HAL_NVIC_SetPriority)
    HAL_NVIC_SetPriorityGrouping             0x08001cf9   Thumb Code    26  stm32f1xx_hal_cortex.o(i.HAL_NVIC_SetPriorityGrouping)
    HAL_RCCEx_GetPeriphCLKFreq               0x08001d1d   Thumb Code   180  stm32f1xx_hal_rcc_ex.o(i.HAL_RCCEx_GetPeriphCLKFreq)
    HAL_RCCEx_PeriphCLKConfig                0x08001df1   Thumb Code   224  stm32f1xx_hal_rcc_ex.o(i.HAL_RCCEx_PeriphCLKConfig)
    HAL_RCC_ClockConfig                      0x08001edd   Thumb Code   346  stm32f1xx_hal_rcc.o(i.HAL_RCC_ClockConfig)
    HAL_RCC_GetClockConfig                   0x08002049   Thumb Code    54  stm32f1xx_hal_rcc.o(i.HAL_RCC_GetClockConfig)
    HAL_RCC_GetPCLK1Freq                     0x08002089   Thumb Code    20  stm32f1xx_hal_rcc.o(i.HAL_RCC_GetPCLK1Freq)
    HAL_RCC_GetPCLK2Freq                     0x080020a9   Thumb Code    20  stm32f1xx_hal_rcc.o(i.HAL_RCC_GetPCLK2Freq)
    HAL_RCC_GetSysClockFreq                  0x080020c9   Thumb Code    74  stm32f1xx_hal_rcc.o(i.HAL_RCC_GetSysClockFreq)
    HAL_RCC_OscConfig                        0x08002135   Thumb Code   750  stm32f1xx_hal_rcc.o(i.HAL_RCC_OscConfig)
    HAL_SPI_Init                             0x08002439   Thumb Code   130  stm32f1xx_hal_spi_ex.o(i.HAL_SPI_Init)
    HAL_SPI_MspInit                          0x080024bd   Thumb Code   154  spi.o(i.HAL_SPI_MspInit)
    HAL_SPI_Transmit                         0x0800256d   Thumb Code   360  stm32f1xx_hal_spi.o(i.HAL_SPI_Transmit)
    HAL_SPI_TransmitReceive                  0x080026d5   Thumb Code   472  stm32f1xx_hal_spi.o(i.HAL_SPI_TransmitReceive)
    HAL_TIMEx_BreakCallback                  0x080028ad   Thumb Code     2  stm32f1xx_hal_tim_ex.o(i.HAL_TIMEx_BreakCallback)
    HAL_TIMEx_CommutationCallback            0x080028af   Thumb Code     2  stm32f1xx_hal_tim_ex.o(i.HAL_TIMEx_CommutationCallback)
    HAL_TIMEx_MasterConfigSynchronization    0x080028b1   Thumb Code    80  stm32f1xx_hal_tim_ex.o(i.HAL_TIMEx_MasterConfigSynchronization)
    HAL_TIM_Base_Init                        0x08002901   Thumb Code    54  stm32f1xx_hal_tim.o(i.HAL_TIM_Base_Init)
    HAL_TIM_Base_MspInit                     0x08002939   Thumb Code    72  tim.o(i.HAL_TIM_Base_MspInit)
    HAL_TIM_Base_Start_IT                    0x08002989   Thumb Code    24  stm32f1xx_hal_tim.o(i.HAL_TIM_Base_Start_IT)
    HAL_TIM_ConfigClockSource                0x080029a1   Thumb Code   242  stm32f1xx_hal_tim.o(i.HAL_TIM_ConfigClockSource)
    HAL_TIM_IC_CaptureCallback               0x08002a93   Thumb Code     2  stm32f1xx_hal_tim.o(i.HAL_TIM_IC_CaptureCallback)
    HAL_TIM_IRQHandler                       0x08002a95   Thumb Code   358  stm32f1xx_hal_tim.o(i.HAL_TIM_IRQHandler)
    HAL_TIM_MspPostInit                      0x08002bfd   Thumb Code   118  tim.o(i.HAL_TIM_MspPostInit)
    HAL_TIM_OC_DelayElapsedCallback          0x08002c89   Thumb Code     2  stm32f1xx_hal_tim.o(i.HAL_TIM_OC_DelayElapsedCallback)
    HAL_TIM_PWM_ConfigChannel                0x08002c8b   Thumb Code   208  stm32f1xx_hal_tim.o(i.HAL_TIM_PWM_ConfigChannel)
    HAL_TIM_PWM_Init                         0x08002d5b   Thumb Code    54  stm32f1xx_hal_tim.o(i.HAL_TIM_PWM_Init)
    HAL_TIM_PWM_MspInit                      0x08002d91   Thumb Code     2  stm32f1xx_hal_tim.o(i.HAL_TIM_PWM_MspInit)
    HAL_TIM_PWM_PulseFinishedCallback        0x08002d95   Thumb Code    16  z_freertos.o(i.HAL_TIM_PWM_PulseFinishedCallback)
    HAL_TIM_PWM_Start                        0x08002dad   Thumb Code    48  stm32f1xx_hal_tim.o(i.HAL_TIM_PWM_Start)
    HAL_TIM_PWM_Start_IT                     0x08002de5   Thumb Code    98  stm32f1xx_hal_tim.o(i.HAL_TIM_PWM_Start_IT)
    HAL_TIM_PWM_Stop                         0x08002e51   Thumb Code    84  stm32f1xx_hal_tim.o(i.HAL_TIM_PWM_Stop)
    HAL_TIM_PeriodElapsedCallback            0x08002ead   Thumb Code    14  main.o(i.HAL_TIM_PeriodElapsedCallback)
    HAL_TIM_TriggerCallback                  0x08002ec1   Thumb Code     2  stm32f1xx_hal_tim.o(i.HAL_TIM_TriggerCallback)
    HAL_UART_DMAStop                         0x08002ec3   Thumb Code    88  stm32f1xx_hal_uart.o(i.HAL_UART_DMAStop)
    HAL_UART_ErrorCallback                   0x08002f1b   Thumb Code     2  stm32f1xx_hal_uart.o(i.HAL_UART_ErrorCallback)
    HAL_UART_IRQHandler                      0x08002f1d   Thumb Code   266  stm32f1xx_hal_uart.o(i.HAL_UART_IRQHandler)
    HAL_UART_Init                            0x0800302d   Thumb Code    98  stm32f1xx_hal_uart.o(i.HAL_UART_Init)
    HAL_UART_MspInit                         0x08003091   Thumb Code   156  usart.o(i.HAL_UART_MspInit)
    HAL_UART_Receive_DMA                     0x08003141   Thumb Code   138  stm32f1xx_hal_uart.o(i.HAL_UART_Receive_DMA)
    HAL_UART_RxCpltCallback                  0x080031d9   Thumb Code     2  stm32f1xx_hal_uart.o(i.HAL_UART_RxCpltCallback)
    HAL_UART_RxHalfCpltCallback              0x080031db   Thumb Code     2  stm32f1xx_hal_uart.o(i.HAL_UART_RxHalfCpltCallback)
    HAL_UART_Transmit                        0x080031dd   Thumb Code   186  stm32f1xx_hal_uart.o(i.HAL_UART_Transmit)
    HAL_UART_TxCpltCallback                  0x08003297   Thumb Code     2  stm32f1xx_hal_uart.o(i.HAL_UART_TxCpltCallback)
    HardFault_Handler                        0x08003299   Thumb Code     2  stm32f1xx_it.o(i.HardFault_Handler)
    LK_sensorParamTask                       0x0800329d   Thumb Code   180  z_freertos.o(i.LK_sensorParamTask)
    MX_ADC1_Init                             0x08003365   Thumb Code    70  adc.o(i.MX_ADC1_Init)
    MX_DMA_Init                              0x080033b5   Thumb Code    56  dma.o(i.MX_DMA_Init)
    MX_FREERTOS_Init                         0x080033f1   Thumb Code    34  freertos.o(i.MX_FREERTOS_Init)
    MX_GPIO_Init                             0x0800341d   Thumb Code   292  gpio.o(i.MX_GPIO_Init)
    MX_SPI1_Init                             0x08003559   Thumb Code    62  spi.o(i.MX_SPI1_Init)
    MX_SPI2_Init                             0x080035a1   Thumb Code    60  spi.o(i.MX_SPI2_Init)
    MX_TIM2_Init                             0x080035e5   Thumb Code   144  tim.o(i.MX_TIM2_Init)
    MX_TIM3_Init                             0x08003679   Thumb Code   146  tim.o(i.MX_TIM3_Init)
    MX_USART1_UART_Init                      0x08003715   Thumb Code    48  usart.o(i.MX_USART1_UART_Init)
    MemManage_Handler                        0x0800374d   Thumb Code     2  stm32f1xx_it.o(i.MemManage_Handler)
    NMI_Handler                              0x0800374f   Thumb Code     2  stm32f1xx_it.o(i.NMI_Handler)
    QC_CMD                                   0x08003771   Thumb Code    22  test.o(i.QC_CMD)
    Send_Pose_Data                           0x08003843   Thumb Code   116  connect_format.o(i.Send_Pose_Data)
    SerialTask                               0x080038b9   Thumb Code    90  z_freertos.o(i.SerialTask)
    StartDefaultTask                         0x08003919   Thumb Code    12  freertos.o(i.StartDefaultTask)
    SysTick_Handler                          0x08003925   Thumb Code    38  port.o(i.SysTick_Handler)
    SystemClock_Config                       0x08003951   Thumb Code    98  main.o(i.SystemClock_Config)
    SystemInit                               0x080039b5   Thumb Code    56  system_stm32f1xx.o(i.SystemInit)
    TF_Accept                                0x080039fd   Thumb Code    32  tinyframe.o(i.TF_Accept)
    TF_AcceptChar                            0x08003a1d   Thumb Code   440  tinyframe.o(i.TF_AcceptChar)
    TF_AddGenericListener                    0x08003c49   Thumb Code    56  tinyframe.o(i.TF_AddGenericListener)
    TF_AddIdListener                         0x08003ca9   Thumb Code    76  tinyframe.o(i.TF_AddIdListener)
    TF_InitStatic                            0x08003f15   Thumb Code    44  tinyframe.o(i.TF_InitStatic)
    TF_Respond                               0x08003f6d   Thumb Code    12  tinyframe.o(i.TF_Respond)
    TF_WriteImpl                             0x08004109   Thumb Code     8  test.o(i.TF_WriteImpl)
    TIM1_UP_IRQHandler                       0x08004111   Thumb Code     6  stm32f1xx_it.o(i.TIM1_UP_IRQHandler)
    TIM3_IRQHandler                          0x0800411d   Thumb Code     6  stm32f1xx_it.o(i.TIM3_IRQHandler)
    TIM_Base_SetConfig                       0x08004129   Thumb Code   120  stm32f1xx_hal_tim.o(i.TIM_Base_SetConfig)
    TIM_CCxChannelCmd                        0x080041b5   Thumb Code    22  stm32f1xx_hal_tim.o(i.TIM_CCxChannelCmd)
    TIM_OC2_SetConfig                        0x08004251   Thumb Code    98  stm32f1xx_hal_tim.o(i.TIM_OC2_SetConfig)
    USART1_IRQHandler                        0x08004759   Thumb Code    16  stm32f1xx_it.o(i.USART1_IRQHandler)
    UsageFault_Handler                       0x0800476d   Thumb Code     2  stm32f1xx_it.o(i.UsageFault_Handler)
    __0printf$8                              0x08004771   Thumb Code    22  printf8.o(i.__0printf$8)
    __1printf$8                              0x08004771   Thumb Code     0  printf8.o(i.__0printf$8)
    __2printf                                0x08004771   Thumb Code     0  printf8.o(i.__0printf$8)
    __scatterload_copy                       0x08004791   Thumb Code    14  handlers.o(i.__scatterload_copy)
    __scatterload_null                       0x0800479f   Thumb Code     2  handlers.o(i.__scatterload_null)
    __scatterload_zeroinit                   0x080047a1   Thumb Code    14  handlers.o(i.__scatterload_zeroinit)
    addUartDmaRevListen                      0x08004c15   Thumb Code    28  z_serial.o(i.addUartDmaRevListen)
    dataGetCmdSlect                          0x08004ca1   Thumb Code    46  test.o(i.dataGetCmdSlect)
    flash_SaveInit                           0x08004cd9   Thumb Code    16  z_flashparamsave.o(i.flash_SaveInit)
    flash_paramRead                          0x08004cf1   Thumb Code    10  z_flashparamsave.o(i.flash_paramRead)
    flash_writeMoreData                      0x08004d01   Thumb Code    56  z_flashparamsave.o(i.flash_writeMoreData)
    fputc                                    0x08004d41   Thumb Code    20  z_serial.o(i.fputc)
    gear_select                              0x08004d59   Thumb Code    44  z_lko3.o(i.gear_select)
    get_gp21_statu                           0x08004d89   Thumb Code    12  tdc_gp21.o(i.get_gp21_statu)
    get_revLens                              0x08004d95   Thumb Code     8  z_serial.o(i.get_revLens)
    gp21_defaultcofg                         0x08004da1   Thumb Code    74  tdc_gp21.o(i.gp21_defaultcofg)
    gp21_distance_cal                        0x08004e01   Thumb Code   184  z_lko3.o(i.gp21_distance_cal)
    gp21_get_id                              0x08004ecd   Thumb Code    88  tdc_gp21.o(i.gp21_get_id)
    gp21_read_diatance                       0x08004f35   Thumb Code     6  tdc_gp21.o(i.gp21_read_diatance)
    gp21_read_dword                          0x08004f3d   Thumb Code    88  tdc_gp21.o(i.gp21_read_dword)
    gp21_write                               0x08004f9d   Thumb Code    50  tdc_gp21.o(i.gp21_write)
    gp21_write_cfg                           0x08004fd9   Thumb Code    88  tdc_gp21.o(i.gp21_write_cfg)
    main                                     0x08005039   Thumb Code    50  main.o(i.main)
    myGenericListener                        0x08005079   Thumb Code    58  test.o(i.myGenericListener)
    osDelay                                  0x080050b9   Thumb Code    14  cmsis_os.o(i.osDelay)
    osKernelStart                            0x080050c7   Thumb Code    10  cmsis_os.o(i.osKernelStart)
    osThreadCreate                           0x080050d1   Thumb Code    46  cmsis_os.o(i.osThreadCreate)
    paramDataSaveCMD                         0x08005101   Thumb Code    50  test.o(i.paramDataSaveCMD)
    paramGetCmdSlect                         0x08005139   Thumb Code    10  test.o(i.paramGetCmdSlect)
    parmSend                                 0x08005149   Thumb Code    60  test.o(i.parmSend)
    pvPortMalloc                             0x08005571   Thumb Code   210  heap_4.o(i.pvPortMalloc)
    pvTaskIncrementMutexHeldCount            0x08005649   Thumb Code    18  tasks.o(i.pvTaskIncrementMutexHeldCount)
    pxPortInitialiseStack                    0x08005661   Thumb Code    32  port.o(i.pxPortInitialiseStack)
    rx_pwmHv                                 0x08005685   Thumb Code    10  z_lko3.o(i.rx_pwmHv)
    start_rx_tim                             0x08005695   Thumb Code    10  z_lko3.o(i.start_rx_tim)
    start_singnal                            0x080056a5   Thumb Code    28  z_freertos.o(i.start_singnal)
    structToBytes                            0x080056c9   Thumb Code    12  test.o(i.structToBytes)
    tdc_agc_Default_control                  0x080056d5   Thumb Code   102  z_freertos.o(i.tdc_agc_Default_control)
    tdc_agc_control                          0x08005741   Thumb Code   106  z_freertos.o(i.tdc_agc_control)
    tdc_board_init                           0x080057b1   Thumb Code    92  z_lko3.o(i.tdc_board_init)
    tdc_delay                                0x0800581d   Thumb Code     6  tdc_gp21.o(i.tdc_delay)
    tdc_rx_voltge_relese                     0x08005825   Thumb Code    38  z_lko3.o(i.tdc_rx_voltge_relese)
    tinyRecFunc                              0x08005851   Thumb Code    62  test.o(i.tinyRecFunc)
    tlc5618_send_16byte                      0x08005895   Thumb Code    60  tlc5618.o(i.tlc5618_send_16byte)
    tlc5618_write                            0x080058d9   Thumb Code    32  tlc5618.o(i.tlc5618_write)
    tlc5618_writeAchannal                    0x080058f9   Thumb Code     8  tlc5618.o(i.tlc5618_writeAchannal)
    tlc5618_writeBchannal                    0x08005901   Thumb Code    18  tlc5618.o(i.tlc5618_writeBchannal)
    trigOnce                                 0x08005915   Thumb Code    32  z_freertos.o(i.trigOnce)
    tx_VolCtl                                0x0800593d   Thumb Code    36  z_lko3.o(i.tx_VolCtl)
    usartIdleInt                             0x08005965   Thumb Code    38  z_serial.o(i.usartIdleInt)
    uxListRemove                             0x08005991   Thumb Code    36  list.o(i.uxListRemove)
    vListInitialise                          0x080059b5   Thumb Code    22  list.o(i.vListInitialise)
    vListInitialiseItem                      0x080059cb   Thumb Code     6  list.o(i.vListInitialiseItem)
    vListInsert                              0x080059d1   Thumb Code    48  list.o(i.vListInsert)
    vListInsertEnd                           0x08005a01   Thumb Code    24  list.o(i.vListInsertEnd)
    vPortEnterCritical                       0x08005a19   Thumb Code    54  port.o(i.vPortEnterCritical)
    vPortExitCritical                        0x08005a59   Thumb Code    34  port.o(i.vPortExitCritical)
    vPortFree                                0x08005a81   Thumb Code    88  heap_4.o(i.vPortFree)
    vPortSetupTimerInterrupt                 0x08005add   Thumb Code    26  port.o(i.vPortSetupTimerInterrupt)
    vPortValidateInterruptPriority           0x08005afd   Thumb Code    74  port.o(i.vPortValidateInterruptPriority)
    vTaskDelay                               0x08005b51   Thumb Code    66  tasks.o(i.vTaskDelay)
    vTaskMissedYield                         0x08005b9d   Thumb Code     8  tasks.o(i.vTaskMissedYield)
    vTaskPlaceOnEventList                    0x08005ba9   Thumb Code    44  tasks.o(i.vTaskPlaceOnEventList)
    vTaskPriorityInherit                     0x08005bd9   Thumb Code   124  tasks.o(i.vTaskPriorityInherit)
    vTaskSetTimeOutState                     0x08005c5d   Thumb Code    30  tasks.o(i.vTaskSetTimeOutState)
    vTaskStartScheduler                      0x08005c81   Thumb Code    86  tasks.o(i.vTaskStartScheduler)
    vTaskSuspendAll                          0x08005ce9   Thumb Code    10  tasks.o(i.vTaskSuspendAll)
    vTaskSwitchContext                       0x08005cf9   Thumb Code    82  tasks.o(i.vTaskSwitchContext)
    xPortStartScheduler                      0x08005d55   Thumb Code   102  port.o(i.xPortStartScheduler)
    xQueueGenericCreate                      0x08005dc9   Thumb Code    72  queue.o(i.xQueueGenericCreate)
    xQueueGenericReceive                     0x08005e11   Thumb Code   360  queue.o(i.xQueueGenericReceive)
    xQueueGenericReset                       0x08005f7d   Thumb Code   132  queue.o(i.xQueueGenericReset)
    xQueueGiveFromISR                        0x08006005   Thumb Code   156  queue.o(i.xQueueGiveFromISR)
    xTaskCheckForTimeOut                     0x080060a1   Thumb Code   102  tasks.o(i.xTaskCheckForTimeOut)
    xTaskCreate                              0x0800610d   Thumb Code    86  tasks.o(i.xTaskCreate)
    xTaskGetSchedulerState                   0x08006165   Thumb Code    22  tasks.o(i.xTaskGetSchedulerState)
    xTaskIncrementTick                       0x08006181   Thumb Code   192  tasks.o(i.xTaskIncrementTick)
    xTaskRemoveFromEventList                 0x08006249   Thumb Code   108  tasks.o(i.xTaskRemoveFromEventList)
    xTaskResumeAll                           0x080062bd   Thumb Code   182  tasks.o(i.xTaskResumeAll)
    z_ListenerInit                           0x08006381   Thumb Code    26  test.o(i.z_ListenerInit)
    z_analog_convert                         0x080063a9   Thumb Code    52  z_analog.o(i.z_analog_convert)
    z_analog_covertDMA                       0x080063e5   Thumb Code    64  z_analog.o(i.z_analog_covertDMA)
    z_serialDriverTask                       0x08006435   Thumb Code    66  z_serial.o(i.z_serialDriverTask)
    z_serial_init                            0x08006495   Thumb Code    34  z_serial.o(i.z_serial_init)
    z_serial_write                           0x080064bd   Thumb Code    14  z_serial.o(i.z_serial_write)
    z_taskCreate                             0x080064d1   Thumb Code    90  z_freertos.o(i.z_taskCreate)
    z_tiny_test                              0x08006585   Thumb Code    22  test.o(i.z_tiny_test)
    AHBPrescTable                            0x080065b8   Data          16  system_stm32f1xx.o(.constdata)
    APBPrescTable                            0x080065c8   Data           8  system_stm32f1xx.o(.constdata)
    Region$$Table$$Base                      0x080067dc   Number         0  anon$$obj.o(Region$$Table)
    Region$$Table$$Limit                     0x080067fc   Number         0  anon$$obj.o(Region$$Table)
    gp21_statu                               0x20000000   Data           1  tdc_gp21.o(.data)
    tx_signalGpio                            0x20000004   Data           4  tdc_gp21.o(.data)
    gp21_spi                                 0x20000008   Data           4  tdc_gp21.o(.data)
    rxbuf                                    0x2000000c   Data           5  tdc_gp21.o(.data)
    id                                       0x20000011   Data           7  tdc_gp21.o(.data)
    ifDMAisComplete                          0x20000018   Data           1  z_analog.o(.data)
    erro_count                               0x20000019   Data           1  z_analog.o(.data)
    adc_value_DMA                            0x2000001a   Data           2  z_analog.o(.data)
    z_analog_value                           0x2000001c   Data           2  z_analog.o(.data)
    z_anlog                                  0x20000020   Data           4  z_analog.o(.data)
    value                                    0x20000024   Data           4  z_analog.o(.data)
    test_valuenum                            0x20000028   Data           4  z_analog.o(.data)
    rev_lens                                 0x2000002e   Data           2  z_serial.o(.data)
    z_serial                                 0x20000030   Data           4  z_serial.o(.data)
    serialSemaphore                          0x20000034   Data           4  z_serial.o(.data)
    tlc5618_spi                              0x20000038   Data           4  tlc5618.o(.data)
    z_tlc_rxHv_pwm                           0x2000003c   Data           4  z_lko3.o(.data)
    test_dit                                 0x20000040   Data           4  z_lko3.o(.data)
    test_distf                               0x20000044   Data           4  z_lko3.o(.data)
    gp21_highVolCrlParm                      0x20000048   Data          18  z_lko3.o(.data)
    defaultTaskHandle                        0x2000005c   Data           4  freertos.o(.data)
    uwTickFreq                               0x20000060   Data           1  stm32f1xx_hal.o(.data)
    uwTickPrio                               0x20000064   Data           4  stm32f1xx_hal.o(.data)
    uwTick                                   0x20000068   Data           4  stm32f1xx_hal.o(.data)
    SystemCoreClock                          0x2000006c   Data           4  system_stm32f1xx.o(.data)
    pxCurrentTCB                             0x20000070   Data           4  tasks.o(.data)
    qc_param                                 0x200000d0   Data           1  test.o(.data)
    demo_tf                                  0x200000d4   Data           4  test.o(.data)
    cmdMsg                                   0x200000d8   Data           4  test.o(.data)
    lk_param_statu                           0x200000dc   Data           6  test.o(.data)
    lk_parm                                  0x200000e2   Data          12  test.o(.data)
    statu_erro                               0x200000f0   Data           2  z_freertos.o(.data)
    z_tlc_TxSignl_pwm                        0x200000f4   Data           4  z_freertos.o(.data)
    textCount                                0x200000f8   Data           4  z_freertos.o(.data)
    trighCount                               0x200000fc   Data           4  z_freertos.o(.data)
    trigCount                                0x20000100   Data           4  z_freertos.o(.data)
    erroTimeOutCount                         0x20000104   Data           4  z_freertos.o(.data)
    tdcSignalSemaphore                       0x20000108   Data           4  z_freertos.o(.data)
    xHandleGp21Trig                          0x20000110   Data           4  z_freertos.o(.data)
    paramBuff                                0x2000011c   Data           8  z_freertos.o(.data)
    flashParam                               0x20000124   Data           8  z_freertos.o(.data)
    __stdout                                 0x2000012c   Data           4  stdout.o(.data)
    adc_buf                                  0x20000130   Data          20  z_analog.o(.bss)
    serial_rxbuf                             0x20000144   Data          50  z_serial.o(.bss)
    dma_listen                               0x20000178   Data          40  z_serial.o(.bss)
    _TDC_GP21                                0x200001a0   Data          68  z_lko3.o(.bss)
    FlashTypeDef                             0x200001e4   Data          16  z_flashparamsave.o(.bss)
    hadc1                                    0x200001f4   Data          48  adc.o(.bss)
    hdma_adc1                                0x20000224   Data          68  adc.o(.bss)
    hspi1                                    0x20000268   Data          88  spi.o(.bss)
    hspi2                                    0x200002c0   Data          88  spi.o(.bss)
    htim2                                    0x20000318   Data          64  tim.o(.bss)
    htim3                                    0x20000358   Data          64  tim.o(.bss)
    huart1                                   0x20000398   Data          64  usart.o(.bss)
    hdma_usart1_rx                           0x200003d8   Data          68  usart.o(.bss)
    htim1                                    0x2000041c   Data          64  stm32f1xx_hal_timebase_tim.o(.bss)
    pFlash                                   0x20000460   Data          32  stm32f1xx_hal_flash.o(.bss)
    lk_flash                                 0x20001d1c   Data          12  test.o(.bss)
    zjk_tf                                   0x20001d28   Data        2392  test.o(.bss)
    __initial_sp                             0x20002a80   Data           0  startup_stm32f103xe.o(STACK)



==============================================================================

Memory Map of the image

  Image Entry point : 0x08000131

  Load Region LR_IROM1 (Base: 0x08000000, Size: 0x0000692c, Max: 0x00040000, ABSOLUTE, COMPRESSED[0x00006838])

    Execution Region ER_IROM1 (Exec base: 0x08000000, Load base: 0x08000000, Size: 0x000067fc, Max: 0x00040000, ABSOLUTE)

    Exec Addr    Load Addr    Size         Type   Attr      Idx    E Section Name        Object

    0x08000000   0x08000000   0x00000130   Data   RO            3    RESET               startup_stm32f103xe.o
    0x08000130   0x08000130   0x00000000   Code   RO         5477  * .ARM.Collect$$$$00000000  mc_w.l(entry.o)
    0x08000130   0x08000130   0x00000004   Code   RO         5805    .ARM.Collect$$$$00000001  mc_w.l(entry2.o)
    0x08000134   0x08000134   0x00000004   Code   RO         5808    .ARM.Collect$$$$00000004  mc_w.l(entry5.o)
    0x08000138   0x08000138   0x00000000   Code   RO         5810    .ARM.Collect$$$$00000008  mc_w.l(entry7b.o)
    0x08000138   0x08000138   0x00000000   Code   RO         5812    .ARM.Collect$$$$0000000A  mc_w.l(entry8b.o)
    0x08000138   0x08000138   0x00000008   Code   RO         5813    .ARM.Collect$$$$0000000B  mc_w.l(entry9a.o)
    0x08000140   0x08000140   0x00000000   Code   RO         5815    .ARM.Collect$$$$0000000D  mc_w.l(entry10a.o)
    0x08000140   0x08000140   0x00000000   Code   RO         5817    .ARM.Collect$$$$0000000F  mc_w.l(entry11a.o)
    0x08000140   0x08000140   0x00000004   Code   RO         5806    .ARM.Collect$$$$00002712  mc_w.l(entry2.o)
    0x08000144   0x08000144   0x00000096   Code   RO         4929    .emb_text           port.o
    0x080001da   0x080001da   0x00000002   PAD
    0x080001dc   0x080001dc   0x00000024   Code   RO            4    .text               startup_stm32f103xe.o
    0x08000200   0x08000200   0x00000020   Code   RO         5480    .text               mc_w.l(llushr.o)
    0x08000220   0x08000220   0x00000024   Code   RO         5482    .text               mc_w.l(memcpya.o)
    0x08000244   0x08000244   0x00000024   Code   RO         5484    .text               mc_w.l(memseta.o)
    0x08000268   0x08000268   0x000000b0   Code   RO         5777    .text               mf_w.l(fadd.o)
    0x08000318   0x08000318   0x00000064   Code   RO         5779    .text               mf_w.l(fmul.o)
    0x0800037c   0x0800037c   0x0000007c   Code   RO         5781    .text               mf_w.l(fdiv.o)
    0x080003f8   0x080003f8   0x00000018   Code   RO         5783    .text               mf_w.l(fscalb.o)
    0x08000410   0x08000410   0x0000014e   Code   RO         5785    .text               mf_w.l(dadd.o)
    0x0800055e   0x0800055e   0x000000e4   Code   RO         5787    .text               mf_w.l(dmul.o)
    0x08000642   0x08000642   0x0000002e   Code   RO         5789    .text               mf_w.l(dscalb.o)
    0x08000670   0x08000670   0x00000012   Code   RO         5791    .text               mf_w.l(fflti.o)
    0x08000682   0x08000682   0x0000000a   Code   RO         5793    .text               mf_w.l(ffltui.o)
    0x0800068c   0x0800068c   0x00000022   Code   RO         5795    .text               mf_w.l(dflti.o)
    0x080006ae   0x080006ae   0x00000032   Code   RO         5797    .text               mf_w.l(ffixi.o)
    0x080006e0   0x080006e0   0x00000028   Code   RO         5799    .text               mf_w.l(ffixui.o)
    0x08000708   0x08000708   0x00000026   Code   RO         5801    .text               mf_w.l(f2d.o)
    0x0800072e   0x0800072e   0x00000038   Code   RO         5803    .text               mf_w.l(d2f.o)
    0x08000766   0x08000766   0x00000062   Code   RO         5822    .text               mc_w.l(uldiv.o)
    0x080007c8   0x080007c8   0x0000001e   Code   RO         5824    .text               mc_w.l(llshl.o)
    0x080007e6   0x080007e6   0x00000024   Code   RO         5826    .text               mc_w.l(llsshr.o)
    0x0800080a   0x0800080a   0x00000000   Code   RO         5830    .text               mc_w.l(iusefp.o)
    0x0800080a   0x0800080a   0x0000006e   Code   RO         5831    .text               mf_w.l(fepilogue.o)
    0x08000878   0x08000878   0x000000ba   Code   RO         5833    .text               mf_w.l(depilogue.o)
    0x08000932   0x08000932   0x00000002   PAD
    0x08000934   0x08000934   0x00000024   Code   RO         5841    .text               mc_w.l(init.o)
    0x08000958   0x08000958   0x00000056   Code   RO         5851    .text               mc_w.l(__dczerorl2.o)
    0x080009ae   0x080009ae   0x00000002   PAD
    0x080009b0   0x080009b0   0x0000000c   Code   RO          987    i.ADC1_2_IRQHandler  stm32f1xx_it.o
    0x080009bc   0x080009bc   0x0000004c   Code   RO         1186    i.ADC_ConversionStop_Disable  stm32f1xx_hal_adc.o
    0x08000a08   0x08000a08   0x0000004e   Code   RO         1187    i.ADC_DMAConvCplt   stm32f1xx_hal_adc.o
    0x08000a56   0x08000a56   0x0000001a   Code   RO         1188    i.ADC_DMAError      stm32f1xx_hal_adc.o
    0x08000a70   0x08000a70   0x0000000a   Code   RO         1189    i.ADC_DMAHalfConvCplt  stm32f1xx_hal_adc.o
    0x08000a7a   0x08000a7a   0x00000002   PAD
    0x08000a7c   0x08000a7c   0x00000070   Code   RO         1190    i.ADC_Enable        stm32f1xx_hal_adc.o
    0x08000aec   0x08000aec   0x00000002   Code   RO          988    i.BusFault_Handler  stm32f1xx_it.o
    0x08000aee   0x08000aee   0x00000002   PAD
    0x08000af0   0x08000af0   0x0000000c   Code   RO          989    i.DMA1_Channel1_IRQHandler  stm32f1xx_it.o
    0x08000afc   0x08000afc   0x0000000c   Code   RO          990    i.DMA1_Channel5_IRQHandler  stm32f1xx_it.o
    0x08000b08   0x08000b08   0x0000002a   Code   RO         3365    i.DMA_SetConfig     stm32f1xx_hal_dma.o
    0x08000b32   0x08000b32   0x00000002   Code   RO          991    i.DebugMon_Handler  stm32f1xx_it.o
    0x08000b34   0x08000b34   0x00000006   Code   RO          992    i.EXTI4_IRQHandler  stm32f1xx_it.o
    0x08000b3a   0x08000b3a   0x00000002   Code   RO          645    i.Error_Handler     main.o
    0x08000b3c   0x08000b3c   0x00000024   Code   RO         3805    i.FLASH_MassErase   stm32f1xx_hal_flash_ex.o
    0x08000b60   0x08000b60   0x00000024   Code   RO         3810    i.FLASH_PageErase   stm32f1xx_hal_flash_ex.o
    0x08000b84   0x08000b84   0x0000001c   Code   RO         3702    i.FLASH_Program_HalfWord  stm32f1xx_hal_flash.o
    0x08000ba0   0x08000ba0   0x0000005c   Code   RO         3703    i.FLASH_SetErrorCode  stm32f1xx_hal_flash.o
    0x08000bfc   0x08000bfc   0x00000054   Code   RO         3704    i.FLASH_WaitForLastOperation  stm32f1xx_hal_flash.o
    0x08000c50   0x08000c50   0x00000054   Code   RO           13    i.GP21_Init         tdc_gp21.o
    0x08000ca4   0x08000ca4   0x00000018   Code   RO          279    i.GetRevBytes       z_serial.o
    0x08000cbc   0x08000cbc   0x00000058   Code   RO         5363    i.Gp21TrigTask      z_freertos.o
    0x08000d14   0x08000d14   0x000000c8   Code   RO         1366    i.HAL_ADCEx_Calibration_Start  stm32f1xx_hal_adc_ex.o
    0x08000ddc   0x08000ddc   0x00000002   Code   RO         1368    i.HAL_ADCEx_InjectedConvCpltCallback  stm32f1xx_hal_adc_ex.o
    0x08000dde   0x08000dde   0x00000002   PAD
    0x08000de0   0x08000de0   0x000000fc   Code   RO         1192    i.HAL_ADC_ConfigChannel  stm32f1xx_hal_adc.o
    0x08000edc   0x08000edc   0x0000001c   Code   RO          206    i.HAL_ADC_ConvCpltCallback  z_analog.o
    0x08000ef8   0x08000ef8   0x00000002   Code   RO         1194    i.HAL_ADC_ConvHalfCpltCallback  stm32f1xx_hal_adc.o
    0x08000efa   0x08000efa   0x00000002   Code   RO         1196    i.HAL_ADC_ErrorCallback  stm32f1xx_hal_adc.o
    0x08000efc   0x08000efc   0x000000e6   Code   RO         1200    i.HAL_ADC_IRQHandler  stm32f1xx_hal_adc.o
    0x08000fe2   0x08000fe2   0x00000002   PAD
    0x08000fe4   0x08000fe4   0x00000120   Code   RO         1201    i.HAL_ADC_Init      stm32f1xx_hal_adc.o
    0x08001104   0x08001104   0x00000002   Code   RO         1202    i.HAL_ADC_LevelOutOfWindowCallback  stm32f1xx_hal_adc.o
    0x08001106   0x08001106   0x00000002   PAD
    0x08001108   0x08001108   0x0000009c   Code   RO          722    i.HAL_ADC_MspInit   adc.o
    0x080011a4   0x080011a4   0x0000010c   Code   RO         1208    i.HAL_ADC_Start_DMA  stm32f1xx_hal_adc.o
    0x080012b0   0x080012b0   0x0000004c   Code   RO         1211    i.HAL_ADC_Stop_DMA  stm32f1xx_hal_adc.o
    0x080012fc   0x080012fc   0x00000030   Code   RO         3366    i.HAL_DMA_Abort     stm32f1xx_hal_dma.o
    0x0800132c   0x0800132c   0x00000130   Code   RO         3367    i.HAL_DMA_Abort_IT  stm32f1xx_hal_dma.o
    0x0800145c   0x0800145c   0x00000248   Code   RO         3371    i.HAL_DMA_IRQHandler  stm32f1xx_hal_dma.o
    0x080016a4   0x080016a4   0x0000007c   Code   RO         3372    i.HAL_DMA_Init      stm32f1xx_hal_dma.o
    0x08001720   0x08001720   0x00000070   Code   RO         3376    i.HAL_DMA_Start_IT  stm32f1xx_hal_dma.o
    0x08001790   0x08001790   0x00000024   Code   RO         3006    i.HAL_Delay         stm32f1xx_hal.o
    0x080017b4   0x080017b4   0x000000a8   Code   RO         3811    i.HAL_FLASHEx_Erase  stm32f1xx_hal_flash_ex.o
    0x0800185c   0x0800185c   0x00000014   Code   RO         3708    i.HAL_FLASH_Lock    stm32f1xx_hal_flash.o
    0x08001870   0x08001870   0x00000080   Code   RO         3713    i.HAL_FLASH_Program  stm32f1xx_hal_flash.o
    0x080018f0   0x080018f0   0x00000028   Code   RO         3715    i.HAL_FLASH_Unlock  stm32f1xx_hal_flash.o
    0x08001918   0x08001918   0x00000080   Code   RO         5364    i.HAL_GPIO_EXTI_Callback  z_freertos.o
    0x08001998   0x08001998   0x00000018   Code   RO         3301    i.HAL_GPIO_EXTI_IRQHandler  stm32f1xx_hal_gpio.o
    0x080019b0   0x080019b0   0x000001e8   Code   RO         3302    i.HAL_GPIO_Init     stm32f1xx_hal_gpio.o
    0x08001b98   0x08001b98   0x0000000a   Code   RO         3306    i.HAL_GPIO_WritePin  stm32f1xx_hal_gpio.o
    0x08001ba2   0x08001ba2   0x00000002   PAD
    0x08001ba4   0x08001ba4   0x0000000c   Code   RO         3010    i.HAL_GetTick       stm32f1xx_hal.o
    0x08001bb0   0x08001bb0   0x00000010   Code   RO         3014    i.HAL_IncTick       stm32f1xx_hal.o
    0x08001bc0   0x08001bc0   0x00000024   Code   RO         3015    i.HAL_Init          stm32f1xx_hal.o
    0x08001be4   0x08001be4   0x00000074   Code   RO         1111    i.HAL_InitTick      stm32f1xx_hal_timebase_tim.o
    0x08001c58   0x08001c58   0x00000048   Code   RO         1087    i.HAL_MspInit       stm32f1xx_hal_msp.o
    0x08001ca0   0x08001ca0   0x00000016   Code   RO         3462    i.HAL_NVIC_EnableIRQ  stm32f1xx_hal_cortex.o
    0x08001cb6   0x08001cb6   0x00000002   PAD
    0x08001cb8   0x08001cb8   0x00000040   Code   RO         3468    i.HAL_NVIC_SetPriority  stm32f1xx_hal_cortex.o
    0x08001cf8   0x08001cf8   0x00000024   Code   RO         3469    i.HAL_NVIC_SetPriorityGrouping  stm32f1xx_hal_cortex.o
    0x08001d1c   0x08001d1c   0x000000d4   Code   RO         3264    i.HAL_RCCEx_GetPeriphCLKFreq  stm32f1xx_hal_rcc_ex.o
    0x08001df0   0x08001df0   0x000000ec   Code   RO         3265    i.HAL_RCCEx_PeriphCLKConfig  stm32f1xx_hal_rcc_ex.o
    0x08001edc   0x08001edc   0x0000016c   Code   RO         3162    i.HAL_RCC_ClockConfig  stm32f1xx_hal_rcc.o
    0x08002048   0x08002048   0x00000040   Code   RO         3166    i.HAL_RCC_GetClockConfig  stm32f1xx_hal_rcc.o
    0x08002088   0x08002088   0x00000020   Code   RO         3169    i.HAL_RCC_GetPCLK1Freq  stm32f1xx_hal_rcc.o
    0x080020a8   0x080020a8   0x00000020   Code   RO         3170    i.HAL_RCC_GetPCLK2Freq  stm32f1xx_hal_rcc.o
    0x080020c8   0x080020c8   0x0000006c   Code   RO         3171    i.HAL_RCC_GetSysClockFreq  stm32f1xx_hal_rcc.o
    0x08002134   0x08002134   0x00000304   Code   RO         3174    i.HAL_RCC_OscConfig  stm32f1xx_hal_rcc.o
    0x08002438   0x08002438   0x00000082   Code   RO         1785    i.HAL_SPI_Init      stm32f1xx_hal_spi_ex.o
    0x080024ba   0x080024ba   0x00000002   PAD
    0x080024bc   0x080024bc   0x000000b0   Code   RO          844    i.HAL_SPI_MspInit   spi.o
    0x0800256c   0x0800256c   0x00000168   Code   RO         1481    i.HAL_SPI_Transmit  stm32f1xx_hal_spi.o
    0x080026d4   0x080026d4   0x000001d8   Code   RO         1482    i.HAL_SPI_TransmitReceive  stm32f1xx_hal_spi.o
    0x080028ac   0x080028ac   0x00000002   Code   RO         2440    i.HAL_TIMEx_BreakCallback  stm32f1xx_hal_tim_ex.o
    0x080028ae   0x080028ae   0x00000002   Code   RO         2441    i.HAL_TIMEx_CommutationCallback  stm32f1xx_hal_tim_ex.o
    0x080028b0   0x080028b0   0x00000050   Code   RO         2457    i.HAL_TIMEx_MasterConfigSynchronization  stm32f1xx_hal_tim_ex.o
    0x08002900   0x08002900   0x00000036   Code   RO         1811    i.HAL_TIM_Base_Init  stm32f1xx_hal_tim.o
    0x08002936   0x08002936   0x00000002   PAD
    0x08002938   0x08002938   0x00000050   Code   RO          892    i.HAL_TIM_Base_MspInit  tim.o
    0x08002988   0x08002988   0x00000018   Code   RO         1816    i.HAL_TIM_Base_Start_IT  stm32f1xx_hal_tim.o
    0x080029a0   0x080029a0   0x000000f2   Code   RO         1820    i.HAL_TIM_ConfigClockSource  stm32f1xx_hal_tim.o
    0x08002a92   0x08002a92   0x00000002   Code   RO         1840    i.HAL_TIM_IC_CaptureCallback  stm32f1xx_hal_tim.o
    0x08002a94   0x08002a94   0x00000166   Code   RO         1853    i.HAL_TIM_IRQHandler  stm32f1xx_hal_tim.o
    0x08002bfa   0x08002bfa   0x00000002   PAD
    0x08002bfc   0x08002bfc   0x0000008c   Code   RO          893    i.HAL_TIM_MspPostInit  tim.o
    0x08002c88   0x08002c88   0x00000002   Code   RO         1856    i.HAL_TIM_OC_DelayElapsedCallback  stm32f1xx_hal_tim.o
    0x08002c8a   0x08002c8a   0x000000d0   Code   RO         1877    i.HAL_TIM_PWM_ConfigChannel  stm32f1xx_hal_tim.o
    0x08002d5a   0x08002d5a   0x00000036   Code   RO         1880    i.HAL_TIM_PWM_Init  stm32f1xx_hal_tim.o
    0x08002d90   0x08002d90   0x00000002   Code   RO         1882    i.HAL_TIM_PWM_MspInit  stm32f1xx_hal_tim.o
    0x08002d92   0x08002d92   0x00000002   PAD
    0x08002d94   0x08002d94   0x00000018   Code   RO         5365    i.HAL_TIM_PWM_PulseFinishedCallback  z_freertos.o
    0x08002dac   0x08002dac   0x00000038   Code   RO         1884    i.HAL_TIM_PWM_Start  stm32f1xx_hal_tim.o
    0x08002de4   0x08002de4   0x0000006c   Code   RO         1886    i.HAL_TIM_PWM_Start_IT  stm32f1xx_hal_tim.o
    0x08002e50   0x08002e50   0x0000005c   Code   RO         1887    i.HAL_TIM_PWM_Stop  stm32f1xx_hal_tim.o
    0x08002eac   0x08002eac   0x00000014   Code   RO          646    i.HAL_TIM_PeriodElapsedCallback  main.o
    0x08002ec0   0x08002ec0   0x00000002   Code   RO         1894    i.HAL_TIM_TriggerCallback  stm32f1xx_hal_tim.o
    0x08002ec2   0x08002ec2   0x00000058   Code   RO         2692    i.HAL_UART_DMAStop  stm32f1xx_hal_uart.o
    0x08002f1a   0x08002f1a   0x00000002   Code   RO         2694    i.HAL_UART_ErrorCallback  stm32f1xx_hal_uart.o
    0x08002f1c   0x08002f1c   0x00000110   Code   RO         2697    i.HAL_UART_IRQHandler  stm32f1xx_hal_uart.o
    0x0800302c   0x0800302c   0x00000062   Code   RO         2698    i.HAL_UART_Init     stm32f1xx_hal_uart.o
    0x0800308e   0x0800308e   0x00000002   PAD
    0x08003090   0x08003090   0x000000b0   Code   RO          946    i.HAL_UART_MspInit  usart.o
    0x08003140   0x08003140   0x00000098   Code   RO         2702    i.HAL_UART_Receive_DMA  stm32f1xx_hal_uart.o
    0x080031d8   0x080031d8   0x00000002   Code   RO         2704    i.HAL_UART_RxCpltCallback  stm32f1xx_hal_uart.o
    0x080031da   0x080031da   0x00000002   Code   RO         2705    i.HAL_UART_RxHalfCpltCallback  stm32f1xx_hal_uart.o
    0x080031dc   0x080031dc   0x000000ba   Code   RO         2706    i.HAL_UART_Transmit  stm32f1xx_hal_uart.o
    0x08003296   0x08003296   0x00000002   Code   RO         2709    i.HAL_UART_TxCpltCallback  stm32f1xx_hal_uart.o
    0x08003298   0x08003298   0x00000002   Code   RO          993    i.HardFault_Handler  stm32f1xx_it.o
    0x0800329a   0x0800329a   0x00000002   PAD
    0x0800329c   0x0800329c   0x000000c8   Code   RO         5366    i.LK_sensorParamTask  z_freertos.o
    0x08003364   0x08003364   0x00000050   Code   RO          723    i.MX_ADC1_Init      adc.o
    0x080033b4   0x080033b4   0x0000003c   Code   RO          763    i.MX_DMA_Init       dma.o
    0x080033f0   0x080033f0   0x0000002c   Code   RO          787    i.MX_FREERTOS_Init  freertos.o
    0x0800341c   0x0800341c   0x0000013c   Code   RO          697    i.MX_GPIO_Init      gpio.o
    0x08003558   0x08003558   0x00000048   Code   RO          845    i.MX_SPI1_Init      spi.o
    0x080035a0   0x080035a0   0x00000044   Code   RO          846    i.MX_SPI2_Init      spi.o
    0x080035e4   0x080035e4   0x00000094   Code   RO          894    i.MX_TIM2_Init      tim.o
    0x08003678   0x08003678   0x0000009c   Code   RO          895    i.MX_TIM3_Init      tim.o
    0x08003714   0x08003714   0x00000038   Code   RO          947    i.MX_USART1_UART_Init  usart.o
    0x0800374c   0x0800374c   0x00000002   Code   RO          994    i.MemManage_Handler  stm32f1xx_it.o
    0x0800374e   0x0800374e   0x00000002   Code   RO          995    i.NMI_Handler       stm32f1xx_it.o
    0x08003750   0x08003750   0x00000020   Code   RO         3475    i.NVIC_SetPriority  stm32f1xx_hal_cortex.o
    0x08003770   0x08003770   0x0000001c   Code   RO         5009    i.QC_CMD            test.o
    0x0800378c   0x0800378c   0x00000020   Code   RO         1497    i.SPI_CheckFlag_BSY  stm32f1xx_hal_spi.o
    0x080037ac   0x080037ac   0x00000096   Code   RO         1516    i.SPI_WaitFlagStateUntilTimeout  stm32f1xx_hal_spi.o
    0x08003842   0x08003842   0x00000074   Code   RO          589    i.Send_Pose_Data    connect_format.o
    0x080038b6   0x080038b6   0x00000002   PAD
    0x080038b8   0x080038b8   0x00000060   Code   RO         5367    i.SerialTask        z_freertos.o
    0x08003918   0x08003918   0x0000000c   Code   RO          788    i.StartDefaultTask  freertos.o
    0x08003924   0x08003924   0x0000002c   Code   RO         4930    i.SysTick_Handler   port.o
    0x08003950   0x08003950   0x00000062   Code   RO          647    i.SystemClock_Config  main.o
    0x080039b2   0x080039b2   0x00000002   PAD
    0x080039b4   0x080039b4   0x00000048   Code   RO         3891    i.SystemInit        system_stm32f1xx.o
    0x080039fc   0x080039fc   0x00000020   Code   RO         5126    i.TF_Accept         tinyframe.o
    0x08003a1c   0x08003a1c   0x0000022c   Code   RO         5127    i.TF_AcceptChar     tinyframe.o
    0x08003c48   0x08003c48   0x00000060   Code   RO         5128    i.TF_AddGenericListener  tinyframe.o
    0x08003ca8   0x08003ca8   0x0000006c   Code   RO         5129    i.TF_AddIdListener  tinyframe.o
    0x08003d14   0x08003d14   0x00000014   Code   RO         5131    i.TF_CksumAdd       tinyframe.o
    0x08003d28   0x08003d28   0x000000a6   Code   RO         5132    i.TF_ComposeHead    tinyframe.o
    0x08003dce   0x08003dce   0x00000002   PAD
    0x08003dd0   0x08003dd0   0x00000144   Code   RO         5134    i.TF_HandleReceivedMessage  tinyframe.o
    0x08003f14   0x08003f14   0x00000058   Code   RO         5136    i.TF_InitStatic     tinyframe.o
    0x08003f6c   0x08003f6c   0x0000000c   Code   RO         5148    i.TF_Respond        tinyframe.o
    0x08003f78   0x08003f78   0x00000090   Code   RO         5151    i.TF_SendFrame      tinyframe.o
    0x08004008   0x08004008   0x00000090   Code   RO         5152    i.TF_SendFrame_Chunk  tinyframe.o
    0x08004098   0x08004098   0x00000070   Code   RO         5153    i.TF_SendFrame_End  tinyframe.o
    0x08004108   0x08004108   0x00000008   Code   RO         5010    i.TF_WriteImpl      test.o
    0x08004110   0x08004110   0x0000000c   Code   RO          996    i.TIM1_UP_IRQHandler  stm32f1xx_it.o
    0x0800411c   0x0800411c   0x0000000c   Code   RO          997    i.TIM3_IRQHandler   stm32f1xx_it.o
    0x08004128   0x08004128   0x0000008c   Code   RO         1895    i.TIM_Base_SetConfig  stm32f1xx_hal_tim.o
    0x080041b4   0x080041b4   0x00000016   Code   RO         1896    i.TIM_CCxChannelCmd  stm32f1xx_hal_tim.o
    0x080041ca   0x080041ca   0x00000014   Code   RO         1902    i.TIM_ETR_SetConfig  stm32f1xx_hal_tim.o
    0x080041de   0x080041de   0x00000010   Code   RO         1903    i.TIM_ITRx_SetConfig  stm32f1xx_hal_tim.o
    0x080041ee   0x080041ee   0x00000002   PAD
    0x080041f0   0x080041f0   0x00000060   Code   RO         1904    i.TIM_OC1_SetConfig  stm32f1xx_hal_tim.o
    0x08004250   0x08004250   0x0000006c   Code   RO         1905    i.TIM_OC2_SetConfig  stm32f1xx_hal_tim.o
    0x080042bc   0x080042bc   0x00000068   Code   RO         1906    i.TIM_OC3_SetConfig  stm32f1xx_hal_tim.o
    0x08004324   0x08004324   0x00000050   Code   RO         1907    i.TIM_OC4_SetConfig  stm32f1xx_hal_tim.o
    0x08004374   0x08004374   0x00000022   Code   RO         1909    i.TIM_TI1_ConfigInputStage  stm32f1xx_hal_tim.o
    0x08004396   0x08004396   0x00000024   Code   RO         1911    i.TIM_TI2_ConfigInputStage  stm32f1xx_hal_tim.o
    0x080043ba   0x080043ba   0x00000010   Code   RO         2711    i.UART_DMAAbortOnError  stm32f1xx_hal_uart.o
    0x080043ca   0x080043ca   0x0000004a   Code   RO         2712    i.UART_DMAError     stm32f1xx_hal_uart.o
    0x08004414   0x08004414   0x0000003c   Code   RO         2713    i.UART_DMAReceiveCplt  stm32f1xx_hal_uart.o
    0x08004450   0x08004450   0x0000000a   Code   RO         2715    i.UART_DMARxHalfCplt  stm32f1xx_hal_uart.o
    0x0800445a   0x0800445a   0x0000001c   Code   RO         2721    i.UART_EndRxTransfer  stm32f1xx_hal_uart.o
    0x08004476   0x08004476   0x00000012   Code   RO         2722    i.UART_EndTxTransfer  stm32f1xx_hal_uart.o
    0x08004488   0x08004488   0x00000096   Code   RO         2723    i.UART_Receive_IT   stm32f1xx_hal_uart.o
    0x0800451e   0x0800451e   0x00000002   PAD
    0x08004520   0x08004520   0x00000170   Code   RO         2724    i.UART_SetConfig    stm32f1xx_hal_uart.o
    0x08004690   0x08004690   0x00000062   Code   RO         2725    i.UART_Transmit_IT  stm32f1xx_hal_uart.o
    0x080046f2   0x080046f2   0x00000064   Code   RO         2726    i.UART_WaitOnFlagUntilTimeout  stm32f1xx_hal_uart.o
    0x08004756   0x08004756   0x00000002   PAD
    0x08004758   0x08004758   0x00000014   Code   RO          998    i.USART1_IRQHandler  stm32f1xx_it.o
    0x0800476c   0x0800476c   0x00000002   Code   RO          999    i.UsageFault_Handler  stm32f1xx_it.o
    0x0800476e   0x0800476e   0x00000002   PAD
    0x08004770   0x08004770   0x00000020   Code   RO         5695    i.__0printf$8       mc_w.l(printf8.o)
    0x08004790   0x08004790   0x0000000e   Code   RO         5845    i.__scatterload_copy  mc_w.l(handlers.o)
    0x0800479e   0x0800479e   0x00000002   Code   RO         5846    i.__scatterload_null  mc_w.l(handlers.o)
    0x080047a0   0x080047a0   0x0000000e   Code   RO         5847    i.__scatterload_zeroinit  mc_w.l(handlers.o)
    0x080047ae   0x080047ae   0x00000002   PAD
    0x080047b0   0x080047b0   0x00000410   Code   RO         5702    i._printf_core      mc_w.l(printf8.o)
    0x08004bc0   0x08004bc0   0x00000024   Code   RO         5703    i._printf_post_padding  mc_w.l(printf8.o)
    0x08004be4   0x08004be4   0x0000002e   Code   RO         5704    i._printf_pre_padding  mc_w.l(printf8.o)
    0x08004c12   0x08004c12   0x00000002   PAD
    0x08004c14   0x08004c14   0x00000024   Code   RO          280    i.addUartDmaRevListen  z_serial.o
    0x08004c38   0x08004c38   0x00000014   Code   RO         5158    i.cleanup_generic_listener  tinyframe.o
    0x08004c4c   0x08004c4c   0x0000003e   Code   RO         5159    i.cleanup_id_listener  tinyframe.o
    0x08004c8a   0x08004c8a   0x00000014   Code   RO         5160    i.cleanup_type_listener  tinyframe.o
    0x08004c9e   0x08004c9e   0x00000002   PAD
    0x08004ca0   0x08004ca0   0x00000038   Code   RO         5012    i.dataGetCmdSlect   test.o
    0x08004cd8   0x08004cd8   0x00000018   Code   RO          546    i.flash_SaveInit    z_flashparamsave.o
    0x08004cf0   0x08004cf0   0x00000010   Code   RO          547    i.flash_paramRead   z_flashparamsave.o
    0x08004d00   0x08004d00   0x00000040   Code   RO          548    i.flash_writeMoreData  z_flashparamsave.o
    0x08004d40   0x08004d40   0x00000018   Code   RO          281    i.fputc             z_serial.o
    0x08004d58   0x08004d58   0x00000030   Code   RO          472    i.gear_select       z_lko3.o
    0x08004d88   0x08004d88   0x0000000c   Code   RO           14    i.get_gp21_statu    tdc_gp21.o
    0x08004d94   0x08004d94   0x0000000c   Code   RO          282    i.get_revLens       z_serial.o
    0x08004da0   0x08004da0   0x00000060   Code   RO           15    i.gp21_defaultcofg  tdc_gp21.o
    0x08004e00   0x08004e00   0x000000cc   Code   RO          473    i.gp21_distance_cal  z_lko3.o
    0x08004ecc   0x08004ecc   0x00000068   Code   RO           16    i.gp21_get_id       tdc_gp21.o
    0x08004f34   0x08004f34   0x00000006   Code   RO           19    i.gp21_read_diatance  tdc_gp21.o
    0x08004f3a   0x08004f3a   0x00000002   PAD
    0x08004f3c   0x08004f3c   0x00000060   Code   RO           20    i.gp21_read_dword   tdc_gp21.o
    0x08004f9c   0x08004f9c   0x0000003c   Code   RO           22    i.gp21_write        tdc_gp21.o
    0x08004fd8   0x08004fd8   0x00000060   Code   RO           23    i.gp21_write_cfg    tdc_gp21.o
    0x08005038   0x08005038   0x00000032   Code   RO          648    i.main              main.o
    0x0800506a   0x0800506a   0x0000000c   Code   RO         4495    i.makeFreeRtosPriority  cmsis_os.o
    0x08005076   0x08005076   0x00000002   PAD
    0x08005078   0x08005078   0x00000040   Code   RO         5013    i.myGenericListener  test.o
    0x080050b8   0x080050b8   0x0000000e   Code   RO         4497    i.osDelay           cmsis_os.o
    0x080050c6   0x080050c6   0x0000000a   Code   RO         4500    i.osKernelStart     cmsis_os.o
    0x080050d0   0x080050d0   0x0000002e   Code   RO         4534    i.osThreadCreate    cmsis_os.o
    0x080050fe   0x080050fe   0x00000002   PAD
    0x08005100   0x08005100   0x00000038   Code   RO         5014    i.paramDataSaveCMD  test.o
    0x08005138   0x08005138   0x00000010   Code   RO         5015    i.paramGetCmdSlect  test.o
    0x08005148   0x08005148   0x00000040   Code   RO         5016    i.parmSend          test.o
    0x08005188   0x08005188   0x00000070   Code   RO         4200    i.prvAddCurrentTaskToDelayedList  tasks.o
    0x080051f8   0x080051f8   0x000000d0   Code   RO         4201    i.prvAddNewTaskToReadyList  tasks.o
    0x080052c8   0x080052c8   0x00000050   Code   RO         4202    i.prvCheckTasksWaitingTermination  tasks.o
    0x08005318   0x08005318   0x00000026   Code   RO         4060    i.prvCopyDataFromQueue  queue.o
    0x0800533e   0x0800533e   0x00000014   Code   RO         4203    i.prvDeleteTCB      tasks.o
    0x08005352   0x08005352   0x00000002   PAD
    0x08005354   0x08005354   0x00000048   Code   RO         4868    i.prvHeapInit       heap_4.o
    0x0800539c   0x0800539c   0x00000028   Code   RO         4204    i.prvIdleTask       tasks.o
    0x080053c4   0x080053c4   0x0000008e   Code   RO         4205    i.prvInitialiseNewTask  tasks.o
    0x08005452   0x08005452   0x00000002   PAD
    0x08005454   0x08005454   0x0000004c   Code   RO         4869    i.prvInsertBlockIntoFreeList  heap_4.o
    0x080054a0   0x080054a0   0x0000001c   Code   RO         4062    i.prvIsQueueEmpty   queue.o
    0x080054bc   0x080054bc   0x00000020   Code   RO         4206    i.prvResetNextTaskUnblockTime  tasks.o
    0x080054dc   0x080054dc   0x00000028   Code   RO         4931    i.prvTaskExitError  port.o
    0x08005504   0x08005504   0x0000006a   Code   RO         4063    i.prvUnlockQueue    queue.o
    0x0800556e   0x0800556e   0x00000002   PAD
    0x08005570   0x08005570   0x000000d8   Code   RO         4870    i.pvPortMalloc      heap_4.o
    0x08005648   0x08005648   0x00000018   Code   RO         4208    i.pvTaskIncrementMutexHeldCount  tasks.o
    0x08005660   0x08005660   0x00000024   Code   RO         4932    i.pxPortInitialiseStack  port.o
    0x08005684   0x08005684   0x00000010   Code   RO          474    i.rx_pwmHv          z_lko3.o
    0x08005694   0x08005694   0x00000010   Code   RO          475    i.start_rx_tim      z_lko3.o
    0x080056a4   0x080056a4   0x00000024   Code   RO         5369    i.start_singnal     z_freertos.o
    0x080056c8   0x080056c8   0x0000000c   Code   RO         5017    i.structToBytes     test.o
    0x080056d4   0x080056d4   0x0000006c   Code   RO         5370    i.tdc_agc_Default_control  z_freertos.o
    0x08005740   0x08005740   0x00000070   Code   RO         5371    i.tdc_agc_control   z_freertos.o
    0x080057b0   0x080057b0   0x0000006c   Code   RO          476    i.tdc_board_init    z_lko3.o
    0x0800581c   0x0800581c   0x00000006   Code   RO           24    i.tdc_delay         tdc_gp21.o
    0x08005822   0x08005822   0x00000002   PAD
    0x08005824   0x08005824   0x0000002c   Code   RO          477    i.tdc_rx_voltge_relese  z_lko3.o
    0x08005850   0x08005850   0x00000044   Code   RO         5018    i.tinyRecFunc       test.o
    0x08005894   0x08005894   0x00000044   Code   RO          407    i.tlc5618_send_16byte  tlc5618.o
    0x080058d8   0x080058d8   0x00000020   Code   RO          409    i.tlc5618_write     tlc5618.o
    0x080058f8   0x080058f8   0x00000008   Code   RO          410    i.tlc5618_writeAchannal  tlc5618.o
    0x08005900   0x08005900   0x00000012   Code   RO          411    i.tlc5618_writeBchannal  tlc5618.o
    0x08005912   0x08005912   0x00000002   PAD
    0x08005914   0x08005914   0x00000028   Code   RO         5374    i.trigOnce          z_freertos.o
    0x0800593c   0x0800593c   0x00000028   Code   RO          478    i.tx_VolCtl         z_lko3.o
    0x08005964   0x08005964   0x0000002c   Code   RO          283    i.usartIdleInt      z_serial.o
    0x08005990   0x08005990   0x00000024   Code   RO         4023    i.uxListRemove      list.o
    0x080059b4   0x080059b4   0x00000016   Code   RO         4024    i.vListInitialise   list.o
    0x080059ca   0x080059ca   0x00000006   Code   RO         4025    i.vListInitialiseItem  list.o
    0x080059d0   0x080059d0   0x00000030   Code   RO         4026    i.vListInsert       list.o
    0x08005a00   0x08005a00   0x00000018   Code   RO         4027    i.vListInsertEnd    list.o
    0x08005a18   0x08005a18   0x00000040   Code   RO         4934    i.vPortEnterCritical  port.o
    0x08005a58   0x08005a58   0x00000028   Code   RO         4935    i.vPortExitCritical  port.o
    0x08005a80   0x08005a80   0x0000005c   Code   RO         4871    i.vPortFree         heap_4.o
    0x08005adc   0x08005adc   0x00000020   Code   RO         4936    i.vPortSetupTimerInterrupt  port.o
    0x08005afc   0x08005afc   0x00000054   Code   RO         4937    i.vPortValidateInterruptPriority  port.o
    0x08005b50   0x08005b50   0x0000004c   Code   RO         4214    i.vTaskDelay        tasks.o
    0x08005b9c   0x08005b9c   0x0000000c   Code   RO         4218    i.vTaskMissedYield  tasks.o
    0x08005ba8   0x08005ba8   0x00000030   Code   RO         4220    i.vTaskPlaceOnEventList  tasks.o
    0x08005bd8   0x08005bd8   0x00000084   Code   RO         4222    i.vTaskPriorityInherit  tasks.o
    0x08005c5c   0x08005c5c   0x00000024   Code   RO         4225    i.vTaskSetTimeOutState  tasks.o
    0x08005c80   0x08005c80   0x00000068   Code   RO         4226    i.vTaskStartScheduler  tasks.o
    0x08005ce8   0x08005ce8   0x00000010   Code   RO         4228    i.vTaskSuspendAll   tasks.o
    0x08005cf8   0x08005cf8   0x0000005c   Code   RO         4229    i.vTaskSwitchContext  tasks.o
    0x08005d54   0x08005d54   0x00000074   Code   RO         4938    i.xPortStartScheduler  port.o
    0x08005dc8   0x08005dc8   0x00000048   Code   RO         4071    i.xQueueGenericCreate  queue.o
    0x08005e10   0x08005e10   0x0000016c   Code   RO         4072    i.xQueueGenericReceive  queue.o
    0x08005f7c   0x08005f7c   0x00000088   Code   RO         4073    i.xQueueGenericReset  queue.o
    0x08006004   0x08006004   0x0000009c   Code   RO         4076    i.xQueueGiveFromISR  queue.o
    0x080060a0   0x080060a0   0x0000006c   Code   RO         4230    i.xTaskCheckForTimeOut  tasks.o
    0x0800610c   0x0800610c   0x00000056   Code   RO         4231    i.xTaskCreate       tasks.o
    0x08006162   0x08006162   0x00000002   PAD
    0x08006164   0x08006164   0x0000001c   Code   RO         4235    i.xTaskGetSchedulerState  tasks.o
    0x08006180   0x08006180   0x000000c8   Code   RO         4238    i.xTaskIncrementTick  tasks.o
    0x08006248   0x08006248   0x00000074   Code   RO         4242    i.xTaskRemoveFromEventList  tasks.o
    0x080062bc   0x080062bc   0x000000c4   Code   RO         4244    i.xTaskResumeAll    tasks.o
    0x08006380   0x08006380   0x00000028   Code   RO         5020    i.z_ListenerInit    test.o
    0x080063a8   0x080063a8   0x0000003c   Code   RO          209    i.z_analog_convert  z_analog.o
    0x080063e4   0x080063e4   0x00000050   Code   RO          211    i.z_analog_covertDMA  z_analog.o
    0x08006434   0x08006434   0x0000004c   Code   RO          284    i.z_serialDriverTask  z_serial.o
    0x08006480   0x08006480   0x00000014   Code   RO          285    i.z_serial_dma_start  z_serial.o
    0x08006494   0x08006494   0x00000028   Code   RO          286    i.z_serial_init     z_serial.o
    0x080064bc   0x080064bc   0x00000014   Code   RO          287    i.z_serial_write    z_serial.o
    0x080064d0   0x080064d0   0x000000b4   Code   RO         5375    i.z_taskCreate      z_freertos.o
    0x08006584   0x08006584   0x00000020   Code   RO         5021    i.z_tiny_test       test.o
    0x080065a4   0x080065a4   0x00000014   Data   RO          789    .constdata          freertos.o
    0x080065b8   0x080065b8   0x00000010   Data   RO         3892    .constdata          system_stm32f1xx.o
    0x080065c8   0x080065c8   0x00000008   Data   RO         3893    .constdata          system_stm32f1xx.o
    0x080065d0   0x080065d0   0x00000200   Data   RO         5161    .constdata          tinyframe.o
    0x080067d0   0x080067d0   0x0000000c   Data   RO          790    .conststring        freertos.o
    0x080067dc   0x080067dc   0x00000020   Data   RO         5843    Region$$Table       anon$$obj.o


    Execution Region RW_IRAM1 (Exec base: 0x20000000, Load base: 0x080067fc, Size: 0x00002a80, Max: 0x0000c000, ABSOLUTE, COMPRESSED[0x0000003c])

    Exec Addr    Load Addr    Size         Type   Attr      Idx    E Section Name        Object

    0x20000000   COMPRESSED   0x00000018   Data   RW           25    .data               tdc_gp21.o
    0x20000018   COMPRESSED   0x00000014   Data   RW          213    .data               z_analog.o
    0x2000002c   COMPRESSED   0x0000000c   Data   RW          289    .data               z_serial.o
    0x20000038   COMPRESSED   0x00000004   Data   RW          413    .data               tlc5618.o
    0x2000003c   COMPRESSED   0x0000001e   Data   RW          480    .data               z_lko3.o
    0x2000005a   COMPRESSED   0x00000002   PAD
    0x2000005c   COMPRESSED   0x00000004   Data   RW          794    .data               freertos.o
    0x20000060   COMPRESSED   0x0000000c   Data   RW         3022    .data               stm32f1xx_hal.o
    0x2000006c   COMPRESSED   0x00000004   Data   RW         3894    .data               system_stm32f1xx.o
    0x20000070   COMPRESSED   0x0000003c   Data   RW         4247    .data               tasks.o
    0x200000ac   COMPRESSED   0x00000018   Data   RW         4876    .data               heap_4.o
    0x200000c4   COMPRESSED   0x0000000c   Data   RW         4939    .data               port.o
    0x200000d0   COMPRESSED   0x0000001e   Data   RW         5024    .data               test.o
    0x200000ee   COMPRESSED   0x00000002   PAD
    0x200000f0   COMPRESSED   0x0000003c   Data   RW         5376    .data               z_freertos.o
    0x2000012c   COMPRESSED   0x00000004   Data   RW         5819    .data               mc_w.l(stdout.o)
    0x20000130        -       0x00000014   Zero   RW          212    .bss                z_analog.o
    0x20000144        -       0x0000005c   Zero   RW          288    .bss                z_serial.o
    0x200001a0        -       0x00000044   Zero   RW          479    .bss                z_lko3.o
    0x200001e4        -       0x00000010   Zero   RW          549    .bss                z_flashparamsave.o
    0x200001f4        -       0x00000074   Zero   RW          724    .bss                adc.o
    0x20000268        -       0x000000b0   Zero   RW          847    .bss                spi.o
    0x20000318        -       0x00000080   Zero   RW          896    .bss                tim.o
    0x20000398        -       0x00000084   Zero   RW          948    .bss                usart.o
    0x2000041c        -       0x00000040   Zero   RW         1114    .bss                stm32f1xx_hal_timebase_tim.o
    0x2000045c   COMPRESSED   0x00000004   PAD
    0x20000460        -       0x00000020   Zero   RW         3716    .bss                stm32f1xx_hal_flash.o
    0x20000480        -       0x0000012c   Zero   RW         4246    .bss                tasks.o
    0x200005ac        -       0x00001770   Zero   RW         4875    .bss                heap_4.o
    0x20001d1c        -       0x0000000c   Zero   RW         5022    .bss                test.o
    0x20001d28        -       0x00000958   Zero   RW         5023    .bss                test.o
    0x20002680        -       0x00000400   Zero   RW            1    STACK               startup_stm32f103xe.o


==============================================================================

Image component sizes


      Code (inc. data)   RO Data    RW Data    ZI Data      Debug   Object Name

       236         30          0          0        116       1647   adc.o
        82          0          0          0          0      12529   cmsis_os.o
       116          0          0          0          0       1189   connect_format.o
        60          4          0          0          0        718   dma.o
         0          0          0          0          0       9528   event_groups.o
        56         10         32          4          0       1758   freertos.o
       316         24          0          0          0        983   gpio.o
       456         22          0         24       6000       7159   heap_4.o
       136          0          0          0          0       3322   list.o
       170          6          0          0          0       2368   main.o
       606         72          0         12          0      10877   port.o
       900          8          0          0          0       9186   queue.o
       316         40          0          0        176       2190   spi.o
        36          8        304          0       1024        792   startup_stm32f103xe.o
       100         18          0         12          0       5766   stm32f1xx_hal.o
      1422         58          0          0          0       9922   stm32f1xx_hal_adc.o
       202          6          0          0          0       1927   stm32f1xx_hal_adc_ex.o
       154         14          0          0          0      24930   stm32f1xx_hal_cortex.o
      1214         52          0          0          0       4946   stm32f1xx_hal_dma.o
       392         46          0          0         32       4630   stm32f1xx_hal_flash.o
       240         26          0          0          0       3197   stm32f1xx_hal_flash_ex.o
       522         48          0          0          0       3439   stm32f1xx_hal_gpio.o
        72         10          0          0          0        818   stm32f1xx_hal_msp.o
      1372        108          0          0          0       5761   stm32f1xx_hal_rcc.o
       448         44          0          0          0       2533   stm32f1xx_hal_rcc_ex.o
      1014          0          0          0          0       4809   stm32f1xx_hal_spi.o
       130          0          0          0          0       1039   stm32f1xx_hal_spi_ex.o
      1860         82          0          0          0      16258   stm32f1xx_hal_tim.o
        84          0          0          0          0       2282   stm32f1xx_hal_tim_ex.o
       116         18          0          0         64       1359   stm32f1xx_hal_timebase_tim.o
      1726         24          0          0          0      13139   stm32f1xx_hal_uart.o
        98         34          0          0          0       5425   stm32f1xx_it.o
        72         16         24          4          0       1123   system_stm32f1xx.o
      1908        166          0         60        300      20391   tasks.o
       560         72          0         24          0     518668   tdc_gp21.o
       444         76          0         30       2404      11400   test.o
       524         44          0          0        128       3045   tim.o
      1904        316        512          0          0      13768   tinyframe.o
       126          8          0          4          0       3298   tlc5618.o
       232         28          0          0        132       1693   usart.o
       168         30          0         20         20       2533   z_analog.o
       104         22          0          0         16       2256   z_flashparamsave.o
      1012        170          0         60          0      11827   z_freertos.o
       476         62          0         30         68       7737   z_lko3.o
       296         56          0         12         92      27163   z_serial.o

    ----------------------------------------------------------------------
     22540       1878        904        300      10576     801328   Object Totals
         0          0         32          0          0          0   (incl. Generated)
        62          0          0          4          4          0   (incl. Padding)

    ----------------------------------------------------------------------

      Code (inc. data)   RO Data    RW Data    ZI Data      Debug   Library Member Name

        86          0          0          0          0          0   __dczerorl2.o
         0          0          0          0          0          0   entry.o
         0          0          0          0          0          0   entry10a.o
         0          0          0          0          0          0   entry11a.o
         8          4          0          0          0          0   entry2.o
         4          0          0          0          0          0   entry5.o
         0          0          0          0          0          0   entry7b.o
         0          0          0          0          0          0   entry8b.o
         8          4          0          0          0          0   entry9a.o
        30          0          0          0          0          0   handlers.o
        36          8          0          0          0         68   init.o
         0          0          0          0          0          0   iusefp.o
        30          0          0          0          0         68   llshl.o
        36          0          0          0          0         68   llsshr.o
        32          0          0          0          0         68   llushr.o
        36          0          0          0          0         68   memcpya.o
        36          0          0          0          0        108   memseta.o
      1154         54          0          0          0        352   printf8.o
         0          0          0          4          0          0   stdout.o
        98          0          0          0          0         92   uldiv.o
        56          0          0          0          0         88   d2f.o
       334          0          0          0          0        148   dadd.o
       186          0          0          0          0        176   depilogue.o
        34          0          0          0          0         76   dflti.o
       228          0          0          0          0         96   dmul.o
        46          0          0          0          0         80   dscalb.o
        38          0          0          0          0         68   f2d.o
       176          0          0          0          0        140   fadd.o
       124          0          0          0          0         88   fdiv.o
       110          0          0          0          0        168   fepilogue.o
        50          0          0          0          0         68   ffixi.o
        40          0          0          0          0         68   ffixui.o
        18          0          0          0          0         68   fflti.o
        10          0          0          0          0         68   ffltui.o
       100          0          0          0          0         76   fmul.o
        24          0          0          0          0         68   fscalb.o

    ----------------------------------------------------------------------
      3176         70          0          4          0       2436   Library Totals
         8          0          0          0          0          0   (incl. Padding)

    ----------------------------------------------------------------------

      Code (inc. data)   RO Data    RW Data    ZI Data      Debug   Library Name

      1594         70          0          4          0        892   mc_w.l
      1574          0          0          0          0       1544   mf_w.l

    ----------------------------------------------------------------------
      3176         70          0          4          0       2436   Library Totals

    ----------------------------------------------------------------------

==============================================================================


      Code (inc. data)   RO Data    RW Data    ZI Data      Debug   

     25716       1948        904        304      10576     789488   Grand Totals
     25716       1948        904         60      10576     789488   ELF Image Totals (compressed)
     25716       1948        904         60          0          0   ROM Totals

==============================================================================

    Total RO  Size (Code + RO Data)                26620 (  26.00kB)
    Total RW  Size (RW Data + ZI Data)             10880 (  10.63kB)
    Total ROM Size (Code + RO Data + RW Data)      26680 (  26.05kB)

==============================================================================

